###############################################################################
#
# IAR ELF Linker V2.20.1.176 for STM8                     18/Sep/2018  14:35:02
# Copyright 2010-2015 IAR Systems AB.
#
#    Output file  =  F:\创力NB\我的工程\my_nb\project\Debug\Exe\project.out
#    Map file     =  F:\创力NB\我的工程\my_nb\project\Debug\List\project.map
#    Command line =  
#        F:\创力NB\我的工程\my_nb\project\Debug\Obj\basic_fun.o
#        F:\创力NB\我的工程\my_nb\project\Debug\Obj\BC95.o
#        F:\创力NB\我的工程\my_nb\project\Debug\Obj\bsp.o
#        F:\创力NB\我的工程\my_nb\project\Debug\Obj\bsp_led.o
#        F:\创力NB\我的工程\my_nb\project\Debug\Obj\bsp_timer.o
#        F:\创力NB\我的工程\my_nb\project\Debug\Obj\bsp_uart_fifo.o
#        F:\创力NB\我的工程\my_nb\project\Debug\Obj\gprs.o
#        F:\创力NB\我的工程\my_nb\project\Debug\Obj\main.o
#        F:\创力NB\我的工程\my_nb\project\Debug\Obj\mcu_init.o
#        F:\创力NB\我的工程\my_nb\project\Debug\Obj\rtc.o
#        F:\创力NB\我的工程\my_nb\project\Debug\Obj\shell.o
#        F:\创力NB\我的工程\my_nb\project\Debug\Obj\stm8l15x_adc.o
#        F:\创力NB\我的工程\my_nb\project\Debug\Obj\stm8l15x_clk.o
#        F:\创力NB\我的工程\my_nb\project\Debug\Obj\stm8l15x_exti.o
#        F:\创力NB\我的工程\my_nb\project\Debug\Obj\stm8l15x_flash.o
#        F:\创力NB\我的工程\my_nb\project\Debug\Obj\stm8l15x_gpio.o
#        F:\创力NB\我的工程\my_nb\project\Debug\Obj\stm8l15x_it.o
#        F:\创力NB\我的工程\my_nb\project\Debug\Obj\stm8l15x_itc.o
#        F:\创力NB\我的工程\my_nb\project\Debug\Obj\stm8l15x_iwdg.o
#        F:\创力NB\我的工程\my_nb\project\Debug\Obj\stm8l15x_pwr.o
#        F:\创力NB\我的工程\my_nb\project\Debug\Obj\stm8l15x_rst.o
#        F:\创力NB\我的工程\my_nb\project\Debug\Obj\stm8l15x_rtc.o
#        F:\创力NB\我的工程\my_nb\project\Debug\Obj\stm8l15x_syscfg.o
#        F:\创力NB\我的工程\my_nb\project\Debug\Obj\stm8l15x_tim1.o
#        F:\创力NB\我的工程\my_nb\project\Debug\Obj\stm8l15x_tim2.o
#        F:\创力NB\我的工程\my_nb\project\Debug\Obj\stm8l15x_tim3.o
#        F:\创力NB\我的工程\my_nb\project\Debug\Obj\stm8l15x_tim4.o
#        F:\创力NB\我的工程\my_nb\project\Debug\Obj\stm8l15x_tim5.o
#        F:\创力NB\我的工程\my_nb\project\Debug\Obj\stm8l15x_usart.o
#        F:\创力NB\我的工程\my_nb\project\Debug\Obj\stm8l15x_wfe.o
#        F:\创力NB\我的工程\my_nb\project\Debug\Obj\stm8l15x_wwdg.o
#        F:\创力NB\我的工程\my_nb\project\Debug\Obj\uart.o --redirect
#        _Printf=_PrintfSmall --redirect _Scanf=_ScanfSmall -o
#        F:\创力NB\我的工程\my_nb\project\Debug\Exe\project.out --map
#        F:\创力NB\我的工程\my_nb\project\Debug\List\project.map --config
#        "C:\Program Files (x86)\IAR Systems\Embedded Workbench
#        7.3\stm8\config\lnkstm8l052r8.icf" --config_def _CSTACK_SIZE=0x300
#        --config_def _HEAP_SIZE=0 --entry __iar_program_start --debug_lib
#
###############################################################################

*******************************************************************************
*** RUNTIME MODEL ATTRIBUTES
***

__Heap_Handler             = Basic
__SystemLibrary            = DLib
__code_model               = small
__core                     = stm8
__data_model               = medium
__dlib_file_descriptor     = 1
__dlib_full_locale_support = 1
__rt_version               = 4


*******************************************************************************
*** PLACEMENT SUMMARY
***

"A1":  place at start of [0x000000-0x0000ff] { rw section .vregs };
"A2":  place at end of [0x000000-0x000fff] { block CSTACK };
"P2":  place in [from 0x000000 to 0x000fff] {
          block HEAP, rw section __DLIB_PERTHREAD, rw section .far.bss,
          rw section .far.data, rw section .far.noinit,
          rw section .far_func.textrw, rw section .huge.bss,
          rw section .huge.data, rw section .huge.noinit,
          rw section .huge_func.textrw, rw section .iar.dynexit,
          rw section .near.bss, rw section .near.data, rw section .near.noinit,
          rw section .near_func.textrw };
"A3":  place at start of [0x008000-0x00ffff] { block INTVEC };
"P3":  place in [from 0x008000 to 0x00ffff] {
          ro section __DLIB_PERTHREAD_init, ro section .far.data_init,
          ro section .far_func.textrw_init, ro section .huge.data_init,
          ro section .huge_func.textrw_init, ro section .iar.init_table,
          ro section .init_array, ro section .near.data_init,
          ro section .near.rodata, ro section .near_func.text,
          ro section .near_func.textrw_init, ro section .tiny.data_init,
          ro section .tiny.rodata_init };

  Section            Kind      Address    Size  Object
  -------            ----      -------    ----  ------
"A1":                                     0x10
  .vregs             uninit   0x000000    0x10  vregs.o [4]
                            - 0x000010    0x10

"P2", part 1 of 3:                        0x3a
  P2-1                        0x000010    0x3a  <Init block>
    .near.data       inited   0x000010     0x4  basic_fun.o [1]
    .near.data       inited   0x000014     0x2  gprs.o [1]
    .near.data       inited   0x000016     0xc  shell.o [1]
    .near.data       inited   0x000022    0x28  xfiles.o [4]
                            - 0x00004a    0x3a

"P2", part 2 of 3:                         0x0
  HEAP                        0x00004a     0x0  <Block>

"P2", part 3 of 3:                       0x9c6
  .near.bss          zero     0x00004a   0x200  bsp_uart_fifo.o [1]
  .near.bss          zero     0x00024a   0x200  bsp_uart_fifo.o [1]
  .near.bss          zero     0x00044a   0x200  bsp_uart_fifo.o [1]
  .near.bss          zero     0x00064a   0x200  bsp_uart_fifo.o [1]
  .near.bss          zero     0x00084a    0x50  xfiles.o [4]
  .near.bss          zero     0x00089a    0x40  bsp_uart_fifo.o [1]
  .near.bss          zero     0x0008da    0x40  bsp_uart_fifo.o [1]
  .near.bss          zero     0x00091a    0x40  shell.o [1]
  .near.bss          zero     0x00095a    0x28  bsp_timer.o [1]
  .near.bss          zero     0x000982    0x1e  bsp_uart_fifo.o [1]
  .near.bss          zero     0x0009a0    0x1e  bsp_uart_fifo.o [1]
  .near.bss          zero     0x0009be    0x1e  bsp_uart_fifo.o [1]
  .near.bss          zero     0x0009dc     0xe  setlocale.o [4]
  .near.bss          zero     0x0009ea     0x8  gprs.o [1]
  .near.bss          zero     0x0009f2     0x4  bsp_timer.o [1]
  .near.bss          zero     0x0009f6     0x4  bsp_timer.o [1]
  .near.bss          zero     0x0009fa     0x4  xxmemxmalloc.o [4]
  .near.bss          zero     0x0009fe     0x2  bsp.o [1]
  .near.bss          zero     0x000a00     0x2  gprs.o [1]
  .near.bss          zero     0x000a02     0x2  main.o [1]
  .near.bss          zero     0x000a04     0x2  setlocale.o [4]
  .near.bss          zero     0x000a06     0x2  xgetmemchunk.o [4]
  .near.bss          zero     0x000a08     0x2  errno.o [4]
  .near.bss          zero     0x000a0a     0x1  bsp_timer.o [1]
  .near.bss          zero     0x000a0b     0x1  bsp_timer.o [1]
  .near.bss          zero     0x000a0c     0x1  bsp_uart_fifo.o [1]
  .near.bss          zero     0x000a0d     0x1  bsp_uart_fifo.o [1]
  .near.bss          zero     0x000a0e     0x1  bsp_uart_fifo.o [1]
  .near.bss          zero     0x000a0f     0x1  shell.o [1]
                            - 0x000a10   0x9c6

"A2":                                    0x300
  CSTACK                      0x000d00   0x300  <Block>
    CSTACK           uninit   0x000d00   0x300  <Block tail>
                            - 0x001000   0x300

"A3":                                     0x80
  INTVEC                      0x008000    0x80  <Block>
    .intvec          const    0x008000    0x80  interrupt.o [4]
                            - 0x008080    0x80

"P3":                                   0x4faa
  .near_func.text    ro code  0x008080   0x43a  xprintfsmall.o [4]
  .near_func.text    ro code  0x0084ba   0x336  gprs.o [1]
  .near.rodata       const    0x0087f0   0x200  main.o [1]
  .near.rodata       const    0x0089f0   0x200  main.o [1]
  .near_func.text    ro code  0x008bf0   0x1de  xscanfsmall.o [4]
  .near_func.text    ro code  0x008dce   0x1db  xprintfsmall.o [4]
  .near_func.text    ro code  0x008fa9   0x1d5  xscanfsmall.o [4]
  .near_func.text    ro code  0x00917e   0x1d1  xscanfsmall.o [4]
  .near_func.text    ro code  0x00934f   0x1ca  gprs.o [1]
  .near_func.text    ro code  0x009519   0x1be  xstoul.o [4]
  .near_func.text    ro code  0x0096d7   0x1b2  long.o [4]
  .near_func.text    ro code  0x009889   0x171  xprintfsmall.o [4]
  .near_func.text    ro code  0x0099fa   0x160  vreg_util.o [4]
  .near_func.text    ro code  0x009b5a   0x136  bsp_uart_fifo.o [1]
  .near_func.text    ro code  0x009c90   0x131  gprs.o [1]
  .near_func.text    ro code  0x009dc1   0x12e  main.o [1]
  .near_func.text    ro code  0x009eef   0x118  bsp_uart_fifo.o [1]
  .near_func.text    ro code  0x00a007   0x115  gprs.o [1]
  .near_func.text    ro code  0x00a11c   0x110  gprs.o [1]
  .near_func.text    ro code  0x00a22c    0xfe  gprs.o [1]
  .near_func.text    ro code  0x00a32a    0xf2  gprs.o [1]
  .near_func.text    ro code  0x00a41c    0xe8  bsp_uart_fifo.o [1]
  .near_func.text    ro code  0x00a504    0xdf  bsp_uart_fifo.o [1]
  .near_func.text    ro code  0x00a5e3    0xde  gprs.o [1]
  .near_func.text    ro code  0x00a6c1    0xdb  xxmemxfree.o [4]
  .near_func.text    ro code  0x00a79c    0xd3  stm8l15x_usart.o [1]
  .near_func.text    ro code  0x00a86f    0xc9  main.o [1]
  .near_func.text    ro code  0x00a938    0xc5  xstol.o [4]
  .near_func.text    ro code  0x00a9fd    0xb5  gprs.o [1]
  .near_func.text    ro code  0x00aab2    0xb2  bsp_uart_fifo.o [1]
  .near_func.text    ro code  0x00ab64    0xaf  stm8l15x_gpio.o [1]
  .near_func.text    ro code  0x00ac13    0xad  basic_fun.o [1]
  .near_func.text    ro code  0x00acc0    0xac  stm8l15x_usart.o [1]
  .near_func.text    ro code  0x00ad6c    0xa8  shell.o [1]
  .near_func.text    ro code  0x00ae14    0xa7  bsp_timer.o [1]
  .near_func.text    ro code  0x00aebb    0x99  stm8l15x_tim1.o [1]
  .near_func.text    ro code  0x00af54    0x94  stm8l15x_usart.o [1]
  .near_func.text    ro code  0x00afe8    0x94  xxmemxmalloc.o [4]
  .near_func.text    ro code  0x00b07c    0x93  stm8l15x_clk.o [1]
  .near_func.text    ro code  0x00b10f    0x8e  stm8l15x_clk.o [1]
  .near_func.text    ro code  0x00b19d    0x8c  shell.o [1]
  .near_func.text    ro code  0x00b229    0x86  bsp_uart_fifo.o [1]
  .near_func.text    ro code  0x00b2af    0x7f  xscanfsmall.o [4]
  .near_func.text    ro code  0x00b32e    0x7b  shell.o [1]
  .near_func.text    ro code  0x00b3a9    0x76  long_util.o [4]
  .near_func.text    ro code  0x00b41f    0x71  gprs.o [1]
  .near_func.text    ro code  0x00b490    0x6f  bsp_timer.o [1]
  .near_func.text    ro code  0x00b4ff    0x6b  gprs.o [1]
  .near_func.text    ro code  0x00b56a    0x66  gprs.o [1]
  .near_func.text    ro code  0x00b5d0    0x5f  xxmemxmalloc.o [4]
  .near_func.text    ro code  0x00b62f    0x5b  bsp_timer.o [1]
  .near_func.text    ro code  0x00b68a    0x5a  bsp_timer.o [1]
  .near_func.text    ro code  0x00b6e4    0x59  bsp_uart_fifo.o [1]
  .near_func.text    ro code  0x00b73d    0x52  bsp_timer.o [1]
  .near_func.text    ro code  0x00b78f    0x4b  gprs.o [1]
  .near_func.text    ro code  0x00b7da    0x48  basic_fun.o [1]
  .near_func.text    ro code  0x00b822    0x47  bsp_timer.o [1]
  .near_func.text    ro code  0x00b869    0x44  strstr.o [4]
  .near_func.text    ro code  0x00b8ad    0x43  bsp.o [1]
  .near_func.text    ro code  0x00b8f0    0x43  shell.o [1]
  .near_func.text    ro code  0x00b933    0x43  xscanfsmall.o [4]
  .near_func.text    ro code  0x00b976    0x42  bsp_uart_fifo.o [1]
  .near.rodata       const    0x00b9b8    0x40  gprs.o [1]
  .near.rodata       const    0x00b9f8    0x40  gprs.o [1]
  .near.rodata       const    0x00ba38    0x40  gprs.o [1]
  .near.rodata       const    0x00ba78    0x40  gprs.o [1]
  .near.rodata       const    0x00bab8    0x40  gprs.o [1]
  .near.rodata       const    0x00baf8    0x40  gprs.o [1]
  .near.rodata       const    0x00bb38    0x40  gprs.o [1]
  .near.rodata       const    0x00bb78    0x40  gprs.o [1]
  .near.rodata       const    0x00bbb8    0x40  gprs.o [1]
  .near.rodata       const    0x00bbf8    0x40  shell.o [1]
  .near.rodata       const    0x00bc38    0x40  shell.o [1]
  .near_func.text    ro code  0x00bc78    0x3f  basic_fun.o [1]
  .near_func.text    ro code  0x00bcb7    0x3f  xprintfsmall.o [4]
  .near_func.text    ro code  0x00bcf6    0x3e  gprs.o [1]
  .near_func.text    ro code  0x00bd34    0x3e  stm8l15x_usart.o [1]
  .near_func.text    ro code  0x00bd72    0x3e  sprintf.o [4]
  .near_func.text    ro code  0x00bdb0    0x3c  main.o [1]
  Initializer bytes  const    0x00bdec    0x3a  <for P2-1>
  .near_func.text    ro code  0x00be26    0x37  bsp_uart_fifo.o [1]
  .near_func.text    ro code  0x00be5d    0x36  bsp_timer.o [1]
  .near_func.text    ro code  0x00be93    0x36  xprintfsmall.o [4]
  .near_func.text    ro code  0x00bec9    0x35  bsp_led.o [1]
  .near_func.text    ro code  0x00befe    0x35  bsp_led.o [1]
  .near_func.text    ro code  0x00bf33    0x35  xprintfsmall.o [4]
  .near_func.text    ro code  0x00bf68    0x33  bsp_led.o [1]
  .near_func.text    ro code  0x00bf9b    0x33  mcu_init.o [1]
  .near_func.text    ro code  0x00bfce    0x33  xencoding_sb.o [4]
  .near_func.text    ro code  0x00c001    0x32  short.o [4]
  .near_func.text    ro code  0x00c033    0x32  xwctob.o [4]
  .near.rodata       const    0x00c065    0x2f  gprs.o [1]
  .near_func.text    ro code  0x00c094    0x2f  xprintfsmall.o [4]
  .near.rodata       const    0x00c0c3    0x2c  gprs.o [1]
  .near_func.text    ro code  0x00c0ef    0x2c  stm8l15x_gpio.o [1]
  .near_func.text    ro code  0x00c11b    0x2b  stm8l15x_usart.o [1]
  .near.rodata       const    0x00c146    0x2a  gprs.o [1]
  .near_func.text    ro code  0x00c170    0x2a  gprs.o [1]
  .near.rodata       const    0x00c19a    0x29  gprs.o [1]
  .near.rodata       const    0x00c1c3    0x29  gprs.o [1]
  .near_func.text    ro code  0x00c1ec    0x29  xscanfsmall.o [4]
  .near.rodata       const    0x00c215    0x28  gprs.o [1]
  .near.rodata       const    0x00c23d    0x28  gprs.o [1]
  .near_func.text    ro code  0x00c265    0x28  init_small.o [4]
  .near_func.text    ro code  0x00c28d    0x27  bsp_uart_fifo.o [1]
  .near_func.text    ro code  0x00c2b4    0x27  xsscin.o [4]
  .near.rodata       const    0x00c2db    0x26  gprs.o [1]
  .near.rodata       const    0x00c301    0x25  gprs.o [1]
  .near.rodata       const    0x00c326    0x25  main.o [1]
  .near.rodata       const    0x00c34b    0x25  xstoul.o [4]
  .near.rodata       const    0x00c370    0x25  xstoul.o [4]
  .near_func.text    ro code  0x00c395    0x25  memcpy.o [4]
  .near.rodata       const    0x00c3ba    0x24  gprs.o [1]
  .near.rodata       const    0x00c3de    0x24  gprs.o [1]
  .near.rodata       const    0x00c402    0x24  gprs.o [1]
  .near_func.text    ro code  0x00c426    0x24  bsp_timer.o [1]
  .near_func.text    ro code  0x00c44a    0x24  stm8l15x_tim1.o [1]
  .near.rodata       const    0x00c46e    0x23  gprs.o [1]
  .near_func.text    ro code  0x00c491    0x23  bsp_uart_fifo.o [1]
  .near_func.text    ro code  0x00c4b4    0x22  strcmp.o [4]
  .near_func.text    ro code  0x00c4d6    0x21  xscanfsmall.o [4]
  .near_func.text    ro code  0x00c4f7    0x21  xmbtowc.o [4]
  .iar.init_table    const    0x00c518    0x12  - Linker created -
  .near.rodata       const    0x00c52a    0x20  gprs.o [1]
  .near.rodata       const    0x00c54a    0x20  gprs.o [1]
  .near.rodata       const    0x00c56a    0x20  gprs.o [1]
  .near.rodata       const    0x00c58a    0x20  gprs.o [1]
  .near.rodata       const    0x00c5aa    0x20  gprs.o [1]
  .near.rodata       const    0x00c5ca    0x20  gprs.o [1]
  .near.rodata       const    0x00c5ea    0x20  gprs.o [1]
  .near_func.text    ro code  0x00c60a    0x20  bsp_uart_fifo.o [1]
  .near_func.text    ro code  0x00c62a    0x20  printf.o [4]
  .near.rodata       const    0x00c64a    0x1f  gprs.o [1]
  .near.rodata       const    0x00c669    0x1f  gprs.o [1]
  .near.rodata       const    0x00c688    0x1f  gprs.o [1]
  .near.rodata       const    0x00c6a7    0x1f  gprs.o [1]
  .near.rodata       const    0x00c6c6    0x1f  shell.o [1]
  .near_func.text    ro code  0x00c6e5    0x1f  move.o [4]
  .near_func.text    ro code  0x00c704    0x1f  sscanf.o [4]
  .near.rodata       const    0x00c723    0x1e  gprs.o [1]
  .near.rodata       const    0x00c741    0x1e  gprs.o [1]
  .near_func.text    ro code  0x00c75f    0x1e  gprs.o [1]
  .near_func.text    ro code  0x00c77d    0x1e  init_small.o [4]
  .near.rodata       const    0x00c79b    0x1d  gprs.o [1]
  .near.rodata       const    0x00c7b8    0x1d  gprs.o [1]
  .near.rodata       const    0x00c7d5    0x1d  gprs.o [1]
  .near.rodata       const    0x00c7f2    0x1d  gprs.o [1]
  .near.rodata       const    0x00c80f    0x1d  gprs.o [1]
  .near.rodata       const    0x00c82c    0x1d  gprs.o [1]
  .near.rodata       const    0x00c849    0x1d  gprs.o [1]
  .near.rodata       const    0x00c866    0x1d  gprs.o [1]
  .near_func.text    ro code  0x00c883    0x1d  gprs.o [1]
  .near.rodata       const    0x00c8a0    0x1c  gprs.o [1]
  .near.rodata       const    0x00c8bc    0x1c  gprs.o [1]
  .near_func.text    ro code  0x00c8d8    0x1c  bsp_uart_fifo.o [1]
  .near_func.text    ro code  0x00c8f4    0x1c  xwctomb.o [4]
  .near_func.text    ro code  0x00c910    0x1b  basic_fun.o [1]
  .near_func.text    ro code  0x00c92b    0x1b  bsp_uart_fifo.o [1]
  .near_func.text    ro code  0x00c946    0x1b  stm8l15x_it.o [1]
  .near_func.text    ro code  0x00c961    0x1b  xprout.o [4]
  .near.rodata       const    0x00c97c    0x1a  gprs.o [1]
  .near_func.text    ro code  0x00c996    0x1a  stm8l15x_tim1.o [1]
  .near.rodata       const    0x00c9b0    0x19  gprs.o [1]
  .near.rodata       const    0x00c9c9    0x19  gprs.o [1]
  .near.rodata       const    0x00c9e2    0x19  main.o [1]
  .near_func.text    ro code  0x00c9fb    0x19  xgetmemchunk.o [4]
  .near_func.text    ro code  0x00ca14    0x19  xlocale_c.o [4]
  .near.rodata       const    0x00ca2d    0x18  gprs.o [1]
  .near_func.text    ro code  0x00ca45    0x18  memchr.o [4]
  .near_func.text    ro code  0x00ca5d    0x18  xencoding_sb.o [4]
  .near_func.text    ro code  0x00ca75    0x18  xlocale_c.o [4]
  .near.rodata       const    0x00ca8d    0x17  main.o [1]
  .near_func.text    ro code  0x00caa4    0x17  memset.o [4]
  .near_func.text    ro code  0x00cabb    0x17  init.o [4]
  .near.rodata       const    0x00cad2    0x16  gprs.o [1]
  .near_func.text    ro code  0x00cae8    0x16  stm8l15x_it.o [1]
  .near_func.text    ro code  0x00cafe    0x16  stm8l15x_it.o [1]
  .near_func.text    ro code  0x00cb14    0x16  stm8l15x_it.o [1]
  .near_func.text    ro code  0x00cb2a    0x16  stm8l15x_it.o [1]
  .near_func.text    ro code  0x00cb40    0x16  stm8l15x_it.o [1]
  .near_func.text    ro code  0x00cb56    0x16  stm8l15x_it.o [1]
  .near.rodata       const    0x00cb6c    0x15  shell.o [1]
  .near_func.text    ro code  0x00cb81    0x15  bsp_uart_fifo.o [1]
  .near_func.text    ro code  0x00cb96    0x15  strchr.o [4]
  .near_func.text    ro code  0x00cbab    0x14  xprintfsmall.o [4]
  .near_func.text    ro code  0x00cbbf    0x14  xprintfsmall.o [4]
  .near_func.text    ro code  0x00cbd3    0x14  __dbg_xxexit.o [3]
  .near.rodata       const    0x00cbe7    0x13  main.o [1]
  .near.rodata       const    0x00cbfa    0x13  shell.o [1]
  .near_func.text    ro code  0x00cc0d    0x13  main.o [1]
  .near_func.text    ro code  0x00cc20    0x13  cstartup.o [4]
  .near_func.text    ro code  0x00cc33    0x13  setlocale.o [4]
  .near_func.text    ro code  0x00cc46    0x12  strlen.o [4]
  .near_func.text    ro code  0x00cc58    0x12  tolower.o [4]
  .near.rodata       const    0x00cc6a    0x10  gprs.o [1]
  .near_func.text    ro code  0x00cc7a    0x10  xprintfsmall.o [4]
  .near_func.text    ro code  0x00cc8a    0x10  xlocale_c.o [4]
  .near_func.text    ro code  0x00cc9a     0xf  main.o [1]
  .near.rodata       const    0x00cca9     0xe  main.o [1]
  .near_func.text    ro code  0x00ccb7     0xe  stm8l15x_clk.o [1]
  .near_func.text    ro code  0x00ccc5     0xe  stm8l15x_tim1.o [1]
  .near_func.text    ro code  0x00ccd3     0xe  stm8l15x_tim1.o [1]
  .near_func.text    ro code  0x00cce1     0xe  xsprout.o [4]
  .near_func.text    ro code  0x00ccef     0xd  bsp_uart_fifo.o [1]
  .near.rodata       const    0x00ccfc     0xc  gprs.o [1]
  .near_func.text    ro code  0x00cd08     0xc  isxxx.o [4]
  .near_func.text    ro code  0x00cd14     0xc  setlocale.o [4]
  .near.rodata       const    0x00cd20     0xb  gprs.o [1]
  .near_func.text    ro code  0x00cd2b     0xb  xprintfsmall.o [4]
  .near_func.text    ro code  0x00cd36     0xb  xscanfsmall.o [4]
  .near.rodata       const    0x00cd41     0xa  gprs.o [1]
  .near.rodata       const    0x00cd4b     0xa  gprs.o [1]
  .near_func.text    ro code  0x00cd55     0xa  bsp.o [1]
  .near_func.text    ro code  0x00cd5f     0xa  bsp_uart_fifo.o [1]
  .near_func.text    ro code  0x00cd69     0xa  xprintfsmall.o [4]
  .near_func.text    ro code  0x00cd73     0xa  xprintfsmall.o [4]
  .near_func.text    ro code  0x00cd7d     0xa  xscanfsmall.o [4]
  .near_func.text    ro code  0x00cd87     0xa  isxxx.o [4]
  .near.rodata       const    0x00cd91     0x9  gprs.o [1]
  .near.rodata       const    0x00cd9a     0x9  gprs.o [1]
  .near.rodata       const    0x00cda3     0x9  gprs.o [1]
  .near.rodata       const    0x00cdac     0x9  gprs.o [1]
  .near.rodata       const    0x00cdb5     0x9  gprs.o [1]
  .near_func.text    ro code  0x00cdbe     0x9  bsp_uart_fifo.o [1]
  .near_func.text    ro code  0x00cdc7     0x9  bsp_uart_fifo.o [1]
  .near_func.text    ro code  0x00cdd0     0x9  stm8l15x_tim1.o [1]
  .near_func.text    ro code  0x00cdd9     0x9  xprintfsmall.o [4]
  .near_func.text    ro code  0x00cde2     0x9  xprintfsmall.o [4]
  .near_func.text    ro code  0x00cdeb     0x9  xprintfsmall.o [4]
  .near_func.text    ro code  0x00cdf4     0x9  xprintfsmall.o [4]
  .near_func.text    ro code  0x00cdfd     0x9  xprintfsmall.o [4]
  .near_func.text    ro code  0x00ce06     0x9  xscanfsmall.o [4]
  .near.rodata       const    0x00ce0f     0x8  gprs.o [1]
  .near.rodata       const    0x00ce17     0x8  gprs.o [1]
  .near.rodata       const    0x00ce1f     0x8  gprs.o [1]
  .near.rodata       const    0x00ce27     0x8  gprs.o [1]
  .near.rodata       const    0x00ce2f     0x8  gprs.o [1]
  .near.rodata       const    0x00ce37     0x8  gprs.o [1]
  .near.rodata       const    0x00ce3f     0x8  gprs.o [1]
  .near.rodata       const    0x00ce47     0x8  xprintfsmall.o [4]
  .near.rodata       const    0x00ce4f     0x8  xprintfsmall.o [4]
  .near.rodata       const    0x00ce57     0x8  xscanfsmall.o [4]
  .near.rodata       const    0x00ce5f     0x8  xscanfsmall.o [4]
  .near.rodata       const    0x00ce67     0x8  xwctob.o [4]
  .near.rodata       const    0x00ce6f     0x8  xencoding_sb.o [4]
  .near.rodata       const    0x00ce77     0x8  xencoding_sb.o [4]
  .near_func.text    ro code  0x00ce7f     0x8  stm8l15x_gpio.o [1]
  .near_func.text    ro code  0x00ce87     0x8  stm8l15x_usart.o [1]
  .near_func.text    ro code  0x00ce8f     0x8  xprintfsmall.o [4]
  .near_func.text    ro code  0x00ce97     0x8  xprintfsmall.o [4]
  .near_func.text    ro code  0x00ce9f     0x8  xscanfsmall.o [4]
  .near_func.text    ro code  0x00cea7     0x8  xxmemxmalloc.o [4]
  .near.rodata       const    0x00ceaf     0x7  gprs.o [1]
  .near.rodata       const    0x00ceb6     0x7  gprs.o [1]
  .near.rodata       const    0x00cebd     0x7  gprs.o [1]
  .near.rodata       const    0x00cec4     0x7  gprs.o [1]
  .near.rodata       const    0x00cecb     0x7  gprs.o [1]
  .near.rodata       const    0x00ced2     0x7  main.o [1]
  .near.rodata       const    0x00ced9     0x7  xprintfsmall.o [4]
  .near.rodata       const    0x00cee0     0x7  xscanfsmall.o [4]
  .near_func.text    ro code  0x00cee7     0x7  basic_fun.o [1]
  .near_func.text    ro code  0x00ceee     0x7  bsp_uart_fifo.o [1]
  .near_func.text    ro code  0x00cef5     0x7  bsp_uart_fifo.o [1]
  .near_func.text    ro code  0x00cefc     0x7  bsp_uart_fifo.o [1]
  .near_func.text    ro code  0x00cf03     0x7  bsp_uart_fifo.o [1]
  .near_func.text    ro code  0x00cf0a     0x7  bsp_uart_fifo.o [1]
  .near_func.text    ro code  0x00cf11     0x7  bsp_uart_fifo.o [1]
  .near_func.text    ro code  0x00cf18     0x7  stm8l15x_gpio.o [1]
  .near_func.text    ro code  0x00cf1f     0x7  stm8l15x_gpio.o [1]
  .near_func.text    ro code  0x00cf26     0x7  xprintfsmall.o [4]
  .near_func.text    ro code  0x00cf2d     0x7  xprintfsmall.o [4]
  .near_func.text    ro code  0x00cf34     0x7  xxmemxmalloc.o [4]
  .near_func.text    ro code  0x00cf3b     0x7  putchar.o [4]
  .near_func.text    ro code  0x00cf42     0x7  setlocale.o [4]
  .near.rodata       const    0x00cf49     0x6  gprs.o [1]
  .near.rodata       const    0x00cf4f     0x6  gprs.o [1]
  .near.rodata       const    0x00cf55     0x6  main.o [1]
  .near.rodata       const    0x00cf5b     0x6  shell.o [1]
  .near_func.text    ro code  0x00cf61     0x6  xprintfsmall.o [4]
  .near_func.text    ro code  0x00cf67     0x6  xprintfsmall.o [4]
  .near_func.text    ro code  0x00cf6d     0x6  xprintfsmall.o [4]
  .near_func.text    ro code  0x00cf73     0x6  xprintfsmall.o [4]
  .near_func.text    ro code  0x00cf79     0x6  xscanfsmall.o [4]
  .near_func.text    ro code  0x00cf7f     0x6  xmbcurmax.o [4]
  .near.rodata       const    0x00cf85     0x5  gprs.o [1]
  .near.rodata       const    0x00cf8a     0x5  gprs.o [1]
  .near.rodata       const    0x00cf8f     0x5  gprs.o [1]
  .near.rodata       const    0x00cf94     0x5  gprs.o [1]
  .near.rodata       const    0x00cf99     0x5  shell.o [1]
  .near.rodata       const    0x00cf9e     0x5  stm8l15x_clk.o [1]
  .near.rodata       const    0x00cfa3     0x5  xscanfsmall.o [4]
  .near_func.text    ro code  0x00cfa8     0x5  stm8l15x_usart.o [1]
  .near_func.text    ro code  0x00cfad     0x5  stm8l15x_usart.o [1]
  .near_func.text    ro code  0x00cfb2     0x5  stm8l15x_usart.o [1]
  .near_func.text    ro code  0x00cfb7     0x5  xprintfsmall.o [4]
  .near_func.text    ro code  0x00cfbc     0x5  xprintfsmall.o [4]
  .near_func.text    ro code  0x00cfc1     0x5  xprintfsmall.o [4]
  .near_func.text    ro code  0x00cfc6     0x5  xprintfsmall.o [4]
  .near_func.text    ro code  0x00cfcb     0x5  xscanfsmall.o [4]
  .near_func.text    ro code  0x00cfd0     0x5  cexit.o [4]
  .near.rodata       const    0x00cfd5     0x4  gprs.o [1]
  .near.rodata       const    0x00cfd9     0x4  shell.o [1]
  .near.rodata       const    0x00cfdd     0x4  shell.o [1]
  .near_func.text    ro code  0x00cfe1     0x4  stm8l15x_clk.o [1]
  .near_func.text    ro code  0x00cfe5     0x4  stm8l15x_clk.o [1]
  .near_func.text    ro code  0x00cfe9     0x4  setlocale.o [4]
  .near.rodata       const    0x00cfed     0x3  gprs.o [1]
  .near.rodata       const    0x00cff0     0x3  main.o [1]
  .near.rodata       const    0x00cff3     0x3  shell.o [1]
  .near.rodata       const    0x00cff6     0x3  shell.o [1]
  .near.rodata       const    0x00cff9     0x3  shell.o [1]
  .near_func.text    ro code  0x00cffc     0x3  interrupt.o [4]
  .near_func.text    ro code  0x00cfff     0x3  low_level_init.o [4]
  .near_func.text    ro code  0x00d002     0x3  exit.o [4]
  .near_func.text    ro code  0x00d005     0x3  unhandled_exception.o [4]
  .near.rodata       const    0x00d008     0x2  gprs.o [1]
  .near.rodata       const    0x00d00a     0x2  main.o [1]
  .near.rodata       const    0x00d00c     0x2  shell.o [1]
  .near.rodata       const    0x00d00e     0x1  gprs.o [1]
  .near_func.text    ro code  0x00d00f     0x1  bsp.o [1]
  .near_func.text    ro code  0x00d010     0x1  bsp.o [1]
  .near_func.text    ro code  0x00d011     0x1  bsp_uart_fifo.o [1]
  .near_func.text    ro code  0x00d012     0x1  stm8l15x_it.o [1]
  .near_func.text    ro code  0x00d013     0x1  stm8l15x_it.o [1]
  .near_func.text    ro code  0x00d014     0x1  stm8l15x_it.o [1]
  .near_func.text    ro code  0x00d015     0x1  stm8l15x_it.o [1]
  .near_func.text    ro code  0x00d016     0x1  stm8l15x_it.o [1]
  .near_func.text    ro code  0x00d017     0x1  stm8l15x_it.o [1]
  .near_func.text    ro code  0x00d018     0x1  stm8l15x_it.o [1]
  .near_func.text    ro code  0x00d019     0x1  stm8l15x_it.o [1]
  .near_func.text    ro code  0x00d01a     0x1  stm8l15x_it.o [1]
  .near_func.text    ro code  0x00d01b     0x1  stm8l15x_it.o [1]
  .near_func.text    ro code  0x00d01c     0x1  stm8l15x_it.o [1]
  .near_func.text    ro code  0x00d01d     0x1  stm8l15x_it.o [1]
  .near_func.text    ro code  0x00d01e     0x1  stm8l15x_it.o [1]
  .near_func.text    ro code  0x00d01f     0x1  stm8l15x_it.o [1]
  .near_func.text    ro code  0x00d020     0x1  stm8l15x_it.o [1]
  .near_func.text    ro code  0x00d021     0x1  stm8l15x_it.o [1]
  .near_func.text    ro code  0x00d022     0x1  stm8l15x_it.o [1]
  .near_func.text    ro code  0x00d023     0x1  stm8l15x_it.o [1]
  .near_func.text    ro code  0x00d024     0x1  stm8l15x_it.o [1]
  .near_func.text    ro code  0x00d025     0x1  stm8l15x_it.o [1]
  .near_func.text    ro code  0x00d026     0x1  stm8l15x_it.o [1]
  .near_func.text    ro code  0x00d027     0x1  stm8l15x_it.o [1]
  .near_func.text    ro code  0x00d028     0x1  stm8l15x_it.o [1]
  .near_func.text    ro code  0x00d029     0x1  __dbg_break.o [3]
                            - 0x00d02a  0x4faa


*******************************************************************************
*** INIT TABLE
***

          Address   Size
          -------   ----
Zero (__iar_zero_init2)
    1 destination range, total size 0x9c6:
          0x00004a  0x9c6

Copy (__iar_copy_init2)
    1 source range, total size 0x3a:
          0x00bdec   0x3a
    1 destination range, total size 0x3a:
          0x000010   0x3a



*******************************************************************************
*** MODULE SUMMARY
***

    Module                 ro code  ro data  rw data
    ------                 -------  -------  -------
F:\创力NB\我的工程\my_nb\project\Debug\Obj: [1]
    basic_fun.o                342        4        4
    bsp.o                       79                 2
    bsp_led.o                  157
    bsp_timer.o                702                50
    bsp_uart_fifo.o          1 833             2 269
    gprs.o                   3 593    2 146       12
    main.o                     597    1 160        2
    mcu_init.o                  51
    shell.o                    498      241       77
    stm8l15x_clk.o             311        5
    stm8l15x_gpio.o            241
    stm8l15x_it.o              182
    stm8l15x_tim1.o            252
    stm8l15x_usart.o           659
    ------------------------------------------------
    Total:                   9 497    3 556    2 416

command line: [2]
    ------------------------------------------------
    Total:

dbgstm8smd.a: [3]
    __dbg_break.o                1
    __dbg_xxexit.o              20
    ------------------------------------------------
    Total:                      21

dlstm8smf.a: [4]
    cexit.o                      5
    cstartup.o                  19
    errno.o                                        2
    exit.o                       3
    init.o                      23
    init_small.o                70
    interrupt.o                  3      128
    isxxx.o                     22
    long.o                     434
    long_util.o                118
    low_level_init.o             3
    memchr.o                    24
    memcpy.o                    37
    memset.o                    23
    move.o                      31
    printf.o                    32
    putchar.o                    7
    setlocale.o                 42                16
    short.o                     50
    sprintf.o                   62
    sscanf.o                    31
    strchr.o                    21
    strcmp.o                    34
    strlen.o                    18
    strstr.o                    68
    tolower.o                   18
    unhandled_exception.o        3
    vreg_util.o                352
    vregs.o                                       16
    xencoding_sb.o              75       16
    xfiles.o                             40      120
    xgetmemchunk.o              25                 2
    xlocale_c.o                 65
    xmbcurmax.o                  6
    xmbtowc.o                   33
    xprintfsmall.o           2 349       23
    xprout.o                    27
    xscanfsmall.o            1 729       28
    xsprout.o                   14
    xsscin.o                    39
    xstol.o                    197
    xstoul.o                   446       74
    xwctob.o                    50        8
    xwctomb.o                   28
    xxmemxfree.o               219
    xxmemxmalloc.o             258                 4
    ------------------------------------------------
    Total:                   7 113      317      160

    Linker created                       18      768
----------------------------------------------------
    Grand Total:            16 631    3 891    3 344


*******************************************************************************
*** ENTRY LIST
***

Entry                    Address   Size  Type      Object
-----                    -------   ----  ----      ------
.iar.init_table$$Base   0x00c518          --   Gb  - Linker created -
.iar.init_table$$Limit  0x00c52a          --   Gb  - Linker created -
?add32_l0_l0_0x         0x009716         Code  Gb  long.o [4]
?add32_l0_l0_l1         0x009713         Code  Gb  long.o [4]
?and32_l0_l0_0x         0x009859         Code  Gb  long.o [4]
?and32_l0_l0_l1         0x009856         Code  Gb  long.o [4]
?b0                     0x000000         Data  Gb  vregs.o [4]
?b1                     0x000001         Data  Gb  vregs.o [4]
?b10                    0x00000a         Data  Gb  vregs.o [4]
?b11                    0x00000b         Data  Gb  vregs.o [4]
?b12                    0x00000c         Data  Gb  vregs.o [4]
?b13                    0x00000d         Data  Gb  vregs.o [4]
?b14                    0x00000e         Data  Gb  vregs.o [4]
?b15                    0x00000f         Data  Gb  vregs.o [4]
?b2                     0x000002         Data  Gb  vregs.o [4]
?b3                     0x000003         Data  Gb  vregs.o [4]
?b4                     0x000004         Data  Gb  vregs.o [4]
?b5                     0x000005         Data  Gb  vregs.o [4]
?b6                     0x000006         Data  Gb  vregs.o [4]
?b7                     0x000007         Data  Gb  vregs.o [4]
?b8                     0x000008         Data  Gb  vregs.o [4]
?b9                     0x000009         Data  Gb  vregs.o [4]
?dec32_0x_0x            0x0096ff         Code  Gb  long.o [4]
?dec32_l0_l0            0x0096fa         Code  Gb  long.o [4]
?e0                     0x000001         Data  Gb  vregs.o [4]
?e1                     0x000005         Data  Gb  vregs.o [4]
?e2                     0x000009         Data  Gb  vregs.o [4]
?e3                     0x00000d         Data  Gb  vregs.o [4]
?epilogue_l2            0x009ab0         Code  Gb  vreg_util.o [4]
?epilogue_l2_l3         0x009aad         Code  Gb  vreg_util.o [4]
?epilogue_l2_w6         0x009ab4         Code  Gb  vreg_util.o [4]
?epilogue_w4            0x009abb         Code  Gb  vreg_util.o [4]
?inc32_0x_0x            0x0096ec         Code  Gb  long.o [4]
?inc32_l0_l0            0x0096e7         Code  Gb  long.o [4]
?l0                     0x000000         Data  Gb  vregs.o [4]
?l1                     0x000004         Data  Gb  vregs.o [4]
?l2                     0x000008         Data  Gb  vregs.o [4]
?l3                     0x00000c         Data  Gb  vregs.o [4]
?load32_0x_l0           0x00b3f2         Code  Gb  long_util.o [4]
?load32_0x_l2           0x00b411         Code  Gb  long_util.o [4]
?load32_asp_l0          0x00b3e6         Code  Gb  long_util.o [4]
?load32_asp_l2          0x00b405         Code  Gb  long_util.o [4]
?load32_dbsp_l0         0x00b3e1         Code  Gb  long_util.o [4]
?load32_dbsp_l2         0x00b400         Code  Gb  long_util.o [4]
?load32_l0_0x           0x00b3b9         Code  Gb  long_util.o [4]
?load32_l0_asp          0x00b3ae         Code  Gb  long_util.o [4]
?load32_l0_dbsp         0x00b3a9         Code  Gb  long_util.o [4]
?load32_l0_xsp          0x00b3b0         Code  Gb  long_util.o [4]
?load32_l1_0x           0x00b3d5         Code  Gb  long_util.o [4]
?load32_l1_asp          0x00b3ca         Code  Gb  long_util.o [4]
?load32_l1_dbsp         0x00b3c5         Code  Gb  long_util.o [4]
?load32_l1_xsp          0x00b3cc         Code  Gb  long_util.o [4]
?load32_xsp_l0          0x00b3e8         Code  Gb  long_util.o [4]
?load32_xsp_l2          0x00b407         Code  Gb  long_util.o [4]
?mov_e0_e1              0x009b0f         Code  Gb  vreg_util.o [4]
?mov_e0_e2              0x009b1c         Code  Gb  vreg_util.o [4]
?mov_e0_e3              0x009b29         Code  Gb  vreg_util.o [4]
?mov_e1_e0              0x009b36         Code  Gb  vreg_util.o [4]
?mov_e2_e0              0x009b43         Code  Gb  vreg_util.o [4]
?mov_e3_e0              0x009b50         Code  Gb  vreg_util.o [4]
?mov_l0_l1              0x009b0c         Code  Gb  vreg_util.o [4]
?mov_l0_l2              0x009b19         Code  Gb  vreg_util.o [4]
?mov_l0_l3              0x009b26         Code  Gb  vreg_util.o [4]
?mov_l1_l0              0x009b33         Code  Gb  vreg_util.o [4]
?mov_l2_l0              0x009b40         Code  Gb  vreg_util.o [4]
?mov_l3_l0              0x009b4d         Code  Gb  vreg_util.o [4]
?mov_w0_w4              0x009abf         Code  Gb  vreg_util.o [4]
?mov_w0_w5              0x009ac6         Code  Gb  vreg_util.o [4]
?mov_w0_w6              0x009acd         Code  Gb  vreg_util.o [4]
?mov_w0_w7              0x009ad4         Code  Gb  vreg_util.o [4]
?mov_w1_w3              0x009b12         Code  Gb  vreg_util.o [4]
?mov_w1_w4              0x009adb         Code  Gb  vreg_util.o [4]
?mov_w1_w5              0x009b1f         Code  Gb  vreg_util.o [4]
?mov_w1_w7              0x009b2c         Code  Gb  vreg_util.o [4]
?mov_w2_w1              0x009ae2         Code  Gb  vreg_util.o [4]
?mov_w3_w0              0x009ae9         Code  Gb  vreg_util.o [4]
?mov_w3_w1              0x009b39         Code  Gb  vreg_util.o [4]
?mov_w4_w0              0x009af0         Code  Gb  vreg_util.o [4]
?mov_w4_w1              0x009af7         Code  Gb  vreg_util.o [4]
?mov_w5_w0              0x009afe         Code  Gb  vreg_util.o [4]
?mov_w5_w1              0x009b46         Code  Gb  vreg_util.o [4]
?mov_w6_w0              0x009b05         Code  Gb  vreg_util.o [4]
?mov_w7_w1              0x009b53         Code  Gb  vreg_util.o [4]
?move1616_v_x_y_a       0x00c6f7         Code  Gb  move.o [4]
?move1616_v_x_y_tos16   0x00c6e5         Code  Gb  move.o [4]
?mul16_x_x_w0           0x00c001         Code  Gb  short.o [4]
?mul32_l0_l0_l1         0x009749         Code  Gb  long.o [4]
?neg32_l0_l0            0x0096d7         Code  Gb  long.o [4]
?pop_l0                 0x009a79         Code  Gb  vreg_util.o [4]
?pop_l1                 0x009a84         Code  Gb  vreg_util.o [4]
?pop_l2                 0x009a8f         Code  Gb  vreg_util.o [4]
?pop_l3                 0x009a9a         Code  Gb  vreg_util.o [4]
?pop_w4                 0x009a2b         Code  Gb  vreg_util.o [4]
?pop_w6                 0x009a32         Code  Gb  vreg_util.o [4]
?pop_w7                 0x009a39         Code  Gb  vreg_util.o [4]
?push_l0                0x009a48         Code  Gb  vreg_util.o [4]
?push_l1                0x009a4d         Code  Gb  vreg_util.o [4]
?push_l2                0x009a52         Code  Gb  vreg_util.o [4]
?push_l3                0x009a57         Code  Gb  vreg_util.o [4]
?push_w0                0x0099fa         Code  Gb  vreg_util.o [4]
?push_w1                0x0099ff         Code  Gb  vreg_util.o [4]
?push_w4                0x009a04         Code  Gb  vreg_util.o [4]
?push_w5                0x009a09         Code  Gb  vreg_util.o [4]
?push_w6                0x009a0e         Code  Gb  vreg_util.o [4]
?push_w7                0x009a13         Code  Gb  vreg_util.o [4]
?scmp32_c_l0_l1         0x00983f         Code  Gb  long.o [4]
?sext16_x_a             0x00c02c         Code  Gb  short.o [4]
?sext32_l0_a            0x00987c         Code  Gb  long.o [4]
?sext32_l0_x            0x009871         Code  Gb  long.o [4]
?sll16_x_x_a            0x00c01f         Code  Gb  short.o [4]
?srl16_x_x_4            0x00c027         Code  Gb  short.o [4]
?sub32_l0_l0_0x         0x009731         Code  Gb  long.o [4]
?sub32_l0_l0_l1         0x00972e         Code  Gb  long.o [4]
?ucmp32_c_l0_l1         0x009834         Code  Gb  long.o [4]
?udiv32_l0_l0_l1        0x0097c7         Code  Gb  long.o [4]
?umod32_l1_l0_l1        0x0097c7         Code  Gb  long.o [4]
?w0                     0x000000         Data  Gb  vregs.o [4]
?w1                     0x000002         Data  Gb  vregs.o [4]
?w2                     0x000004         Data  Gb  vregs.o [4]
?w3                     0x000006         Data  Gb  vregs.o [4]
?w4                     0x000008         Data  Gb  vregs.o [4]
?w5                     0x00000a         Data  Gb  vregs.o [4]
?w6                     0x00000c         Data  Gb  vregs.o [4]
?w7                     0x00000e         Data  Gb  vregs.o [4]
ADC1_COMP_IRQHandler    0x00d024    0x1  Code  Gb  stm8l15x_it.o [1]
AscToHex                0x00bc78   0x3f  Code  Gb  basic_fun.o [1]
BufAscToHex             0x00b7da   0x48  Code  Gb  basic_fun.o [1]
BufStrToASC             0x00ac13   0xad  Code  Gb  basic_fun.o [1]
CLK_GetClockFreq        0x00b07c   0x93  Code  Gb  stm8l15x_clk.o [1]
CLK_HSICmd              0x00ccb7    0xe  Code  Gb  stm8l15x_clk.o [1]
CLK_PeripheralClockConfig
                        0x00b10f   0x8e  Code  Gb  stm8l15x_clk.o [1]
CLK_SYSCLKDivConfig     0x00cfe5    0x4  Code  Gb  stm8l15x_clk.o [1]
CLK_SYSCLKSourceConfig  0x00cfe1    0x4  Code  Gb  stm8l15x_clk.o [1]
CSTACK$$Base            0x000d00          --   Gb  - Linker created -
CSTACK$$Limit           0x001000          --   Gb  - Linker created -
ComToUart               0x00c8d8   0x1c  Code  Gb  bsp_uart_fifo.o [1]
DMA1_CHANNEL0_1_IRQHandler
                        0x00d014    0x1  Code  Gb  stm8l15x_it.o [1]
DMA1_CHANNEL2_3_IRQHandler
                        0x00d015    0x1  Code  Gb  stm8l15x_it.o [1]
EXTI0_IRQHandler        0x00d01a    0x1  Code  Gb  stm8l15x_it.o [1]
EXTI1_IRQHandler        0x00d01b    0x1  Code  Gb  stm8l15x_it.o [1]
EXTI2_IRQHandler        0x00d01c    0x1  Code  Gb  stm8l15x_it.o [1]
EXTI3_IRQHandler        0x00d01d    0x1  Code  Gb  stm8l15x_it.o [1]
EXTI4_IRQHandler        0x00d01e    0x1  Code  Gb  stm8l15x_it.o [1]
EXTI5_IRQHandler        0x00d01f    0x1  Code  Gb  stm8l15x_it.o [1]
EXTI6_IRQHandler        0x00d020    0x1  Code  Gb  stm8l15x_it.o [1]
EXTI7_IRQHandler        0x00d021    0x1  Code  Gb  stm8l15x_it.o [1]
EXTIB_G_IRQHandler      0x00d018    0x1  Code  Gb  stm8l15x_it.o [1]
EXTID_H_IRQHandler      0x00d019    0x1  Code  Gb  stm8l15x_it.o [1]
EXTIE_F_PVD_IRQHandler  0x00d017    0x1  Code  Gb  stm8l15x_it.o [1]
FLASH_IRQHandler        0x00d013    0x1  Code  Gb  stm8l15x_it.o [1]
GPIO_ExternalPullUpConfig
                        0x00c0ef   0x2c  Code  Gb  stm8l15x_gpio.o [1]
GPIO_Init               0x00ab64   0xaf  Code  Gb  stm8l15x_gpio.o [1]
GPIO_ResetBits          0x00ce7f    0x8  Code  Gb  stm8l15x_gpio.o [1]
GPIO_SetBits            0x00cf18    0x7  Code  Gb  stm8l15x_gpio.o [1]
GPIO_ToggleBits         0x00cf1f    0x7  Code  Gb  stm8l15x_gpio.o [1]
HEAP$$Base              0x00004a          --   Gb  - Linker created -
HEAP$$Limit             0x00004a          --   Gb  - Linker created -
I2C1_SPI2_IRQHandler    0x00d028    0x1  Code  Gb  stm8l15x_it.o [1]
INTVEC$$Base            0x008000          --   Gb  - Linker created -
INTVEC$$Limit           0x008080          --   Gb  - Linker created -
InitHardUart            0x009eef  0x118  Code  Lc  bsp_uart_fifo.o [1]
LCD_AES_IRQHandler      0x00d022    0x1  Code  Gb  stm8l15x_it.o [1]
LoadInt                 0x00bcb7   0x3f  Code  Lc  xprintfsmall.o [4]
RCC_Configuration       0x00bf9b   0x33  Code  Gb  mcu_init.o [1]
RS485_InitTXE           0x00ccef    0xd  Code  Gb  bsp_uart_fifo.o [1]
RS485_ReciveNew         0x00d011    0x1  Code  Gb  bsp_uart_fifo.o [1]
RS485_SendBefor         0x00cdbe    0x9  Code  Gb  bsp_uart_fifo.o [1]
RS485_SendOver          0x00cdc7    0x9  Code  Gb  bsp_uart_fifo.o [1]
RTC_CSSLSE_IRQHandler   0x00d016    0x1  Code  Gb  stm8l15x_it.o [1]
Region$$Table$$Base     0x00c518          --   Gb  - Linker created -
Region$$Table$$Limit    0x00c52a          --   Gb  - Linker created -
SPI1_IRQHandler         0x00d027    0x1  Code  Gb  stm8l15x_it.o [1]
SWITCH_CSS_BREAK_DAC_IRQHandler
                        0x00d023    0x1  Code  Gb  stm8l15x_it.o [1]
SYSDivFactor            0x00cf9e    0x5  Data  Gb  stm8l15x_clk.o [1]
TIM1_ARRPreloadConfig   0x00ccc5    0xe  Code  Gb  stm8l15x_tim1.o [1]
TIM1_CC_IRQHandler      0x00d025    0x1  Code  Gb  stm8l15x_it.o [1]
TIM1_ClearITPendingBit  0x00cdd0    0x9  Code  Gb  stm8l15x_tim1.o [1]
TIM1_Cmd                0x00ccd3    0xe  Code  Gb  stm8l15x_tim1.o [1]
TIM1_DeInit             0x00aebb   0x99  Code  Gb  stm8l15x_tim1.o [1]
TIM1_ITConfig           0x00c996   0x1a  Code  Gb  stm8l15x_tim1.o [1]
TIM1_TimeBaseInit       0x00c44a   0x24  Code  Gb  stm8l15x_tim1.o [1]
TIM1_UPD_OVF_TRG_COM_IRQHandler
                        0x00c946   0x1b  Code  Gb  stm8l15x_it.o [1]
TIM2_CC_USART2_RX_IRQHandler
                        0x00cafe   0x16  Code  Gb  stm8l15x_it.o [1]
TIM2_UPD_OVF_TRG_BRK_USART2_TX_IRQHandler
                        0x00cae8   0x16  Code  Gb  stm8l15x_it.o [1]
TIM3_CC_USART3_RX_IRQHandler
                        0x00cb2a   0x16  Code  Gb  stm8l15x_it.o [1]
TIM3_UPD_OVF_TRG_BRK_USART3_TX_IRQHandler
                        0x00cb14   0x16  Code  Gb  stm8l15x_it.o [1]
TIM4_UPD_OVF_TRG_IRQHandler
                        0x00d026    0x1  Code  Gb  stm8l15x_it.o [1]
TRAP_IRQHandler         0x00d012    0x1  Code  Gb  stm8l15x_it.o [1]
Timer_ISR               0x00ae14   0xa7  Code  Gb  bsp_timer.o [1]
TwoAscTOHex             0x00c910   0x1b  Code  Gb  basic_fun.o [1]
USART1_IRQ_RECV         0x00cef5    0x7  Code  Gb  bsp_uart_fifo.o [1]
USART1_IRQ_SEND         0x00ceee    0x7  Code  Gb  bsp_uart_fifo.o [1]
USART1_RX_TIM5_CC_IRQHandler
                        0x00cb56   0x16  Code  Gb  stm8l15x_it.o [1]
USART1_TX_TIM5_UPD_OVF_TRG_BRK_IRQHandler
                        0x00cb40   0x16  Code  Gb  stm8l15x_it.o [1]
USART2_IRQ_RECV         0x00cf03    0x7  Code  Gb  bsp_uart_fifo.o [1]
USART2_IRQ_SEND         0x00cefc    0x7  Code  Gb  bsp_uart_fifo.o [1]
USART3_IRQ_RECV         0x00cf11    0x7  Code  Gb  bsp_uart_fifo.o [1]
USART3_IRQ_SEND         0x00cf0a    0x7  Code  Gb  bsp_uart_fifo.o [1]
USART_ClearFlag         0x00cfad    0x5  Code  Gb  stm8l15x_usart.o [1]
USART_ClearITPendingBit
                        0x00cfb2    0x5  Code  Gb  stm8l15x_usart.o [1]
USART_Cmd               0x00c11b   0x2b  Code  Gb  stm8l15x_usart.o [1]
USART_DeInit            0x00bd34   0x3e  Code  Gb  stm8l15x_usart.o [1]
USART_GetITStatus       0x00acc0   0xac  Code  Gb  stm8l15x_usart.o [1]
USART_ITConfig          0x00af54   0x94  Code  Gb  stm8l15x_usart.o [1]
USART_Init              0x00a79c   0xd3  Code  Gb  stm8l15x_usart.o [1]
USART_ReceiveData8      0x00cfa8    0x5  Code  Gb  stm8l15x_usart.o [1]
USART_SendData8         0x00ce87    0x8  Code  Gb  stm8l15x_usart.o [1]
UartGetChar             0x00b229   0x86  Code  Lc  bsp_uart_fifo.o [1]
UartIRQ_Recv            0x00a41c   0xe8  Code  Lc  bsp_uart_fifo.o [1]
UartIRQ_Send            0x009b5a  0x136  Code  Lc  bsp_uart_fifo.o [1]
UartSend                0x00aab2   0xb2  Code  Lc  bsp_uart_fifo.o [1]
UartVarInit             0x00a504   0xdf  Code  Lc  bsp_uart_fifo.o [1]
Uart_Running_Init       0x00cc9a    0xf  Code  Gb  main.o [1]
_EncodingSb_Mbtowc      0x00bfce   0x33  Code  Gb  xencoding_sb.o [4]
_EncodingSb_Wctomb      0x00ca5d   0x18  Code  Gb  xencoding_sb.o [4]
_Get                    0x00b933   0x17  Code  Lc  xscanfsmall.o [4]
_GetN                   0x00b94a   0x2c  Code  Lc  xscanfsmall.o [4]
_GetfldSmall            0x00b2af   0x7f  Code  Lc  xscanfsmall.o [4]
_GetintSmall            0x008fa9  0x1d5  Code  Lc  xscanfsmall.o [4]
_GetstrSmall            0x008bf0  0x1de  Code  Lc  xscanfsmall.o [4]
_LitobSmall             0x009889  0x171  Code  Lc  xprintfsmall.o [4]
_LocaleC_isspace        0x00ca14   0x19  Code  Gb  xlocale_c.o [4]
_LocaleC_isupper        0x00cc8a   0x10  Code  Gb  xlocale_c.o [4]
_LocaleC_tolower        0x00ca75   0x18  Code  Gb  xlocale_c.o [4]
_LocaleEncoding         0x00cd14    0xc  Code  Gb  setlocale.o [4]
_LocaleForCat           0x00cc33   0x13  Code  Gb  setlocale.o [4]
_Locale_Profile         0x0009dc    0xe  Data  Gb  setlocale.o [4]
_Mbtowc                 0x00c4f7   0x21  Code  Gb  xmbtowc.o [4]
_PrintfSmall            0x008080  0x43a  Code  Gb  xprintfsmall.o [4]
_Prout                  0x00c961   0x1b  Code  Gb  xprout.o [4]
_PutcharSmall           0x00c094   0x2f  Code  Lc  xprintfsmall.o [4]
_PutcharsSmall          0x00bf33   0x35  Code  Lc  xprintfsmall.o [4]
_PutstrSmall            0x008dce  0x1db  Code  Lc  xprintfsmall.o [4]
_SProut                 0x00cce1    0xe  Code  Gb  xsprout.o [4]
_SScin                  0x00c2b4   0x27  Code  Gb  xsscin.o [4]
_ScanfSmall             0x00917e  0x1d1  Code  Gb  xscanfsmall.o [4]
_UngetN                 0x00c1ec   0x29  Code  Lc  xscanfsmall.o [4]
_Wctomb                 0x00c8f4   0x1c  Code  Gb  xwctomb.o [4]
__DebugBreak            0x00d029    0x1  Code  Gb  __dbg_break.o [3]
__exit                  0x00cbd3   0x14  Code  Gb  __dbg_xxexit.o [3]
__iar_Errno             0x000a08    0x2  Data  Gb  errno.o [4]
__iar_Mbcurmax          0x00cf7f    0x6  Code  Gb  xmbcurmax.o [4]
__iar_Memchr            0x00ca45   0x18  Code  Gb  memchr.o [4]
__iar_Stdout            0x000022   0x28  Data  Gb  xfiles.o [4]
__iar_Stolx             0x00a938   0xc5  Code  Gb  xstol.o [4]
__iar_Stoul             0x0096d0    0x7  Code  Gb  xstoul.o [4]
__iar_Stoulx            0x009519  0x1b7  Code  Gb  xstoul.o [4]
__iar_Strchr            0x00cb96   0x15  Code  Gb  strchr.o [4]
__iar_Strstr            0x00b869   0x44  Code  Gb  strstr.o [4]
__iar_Tls_setup__Locale_Profile
                        0x000a04    0x2  Data  Gb  setlocale.o [4]
__iar_Wctob             0x00c033   0x32  Code  Gb  xwctob.o [4]
__iar_copy_init2        0x00c265         Code  Gb  init_small.o [4]
__iar_data_init2        0x00cabb   0x17  Code  Gb  init.o [4]
__iar_program_start     0x00cc20         Code  Gb  cstartup.o [4]
__iar_unhandled_exception
                        0x00d005         Code  Gb  unhandled_exception.o [4]
__iar_zero_init2        0x00c77d         Code  Gb  init_small.o [4]
__intvec                0x008000         Data  Gb  interrupt.o [4]
__low_level_init        0x00cfff    0x3  Code  Gb  low_level_init.o [4]
__near_Aldata           0x0009fa    0x4  Data  Gb  xxmemxmalloc.o [4]
__near_GetMemChunk      0x00c9fb   0x19  Code  Gb  xgetmemchunk.o [4]
__near_findmem          0x00b5d0   0x5f  Code  Lc  xxmemxmalloc.o [4]
_exit                   0x00cfd0         Code  Gb  cexit.o [4]
_interrupt_1            0x00d012         Code  Gb  stm8l15x_it.o [1]
_interrupt_10           0x00d01a         Code  Gb  stm8l15x_it.o [1]
_interrupt_11           0x00d01b         Code  Gb  stm8l15x_it.o [1]
_interrupt_12           0x00d01c         Code  Gb  stm8l15x_it.o [1]
_interrupt_13           0x00d01d         Code  Gb  stm8l15x_it.o [1]
_interrupt_14           0x00d01e         Code  Gb  stm8l15x_it.o [1]
_interrupt_15           0x00d01f         Code  Gb  stm8l15x_it.o [1]
_interrupt_16           0x00d020         Code  Gb  stm8l15x_it.o [1]
_interrupt_17           0x00d021         Code  Gb  stm8l15x_it.o [1]
_interrupt_18           0x00d022         Code  Gb  stm8l15x_it.o [1]
_interrupt_19           0x00d023         Code  Gb  stm8l15x_it.o [1]
_interrupt_20           0x00d024         Code  Gb  stm8l15x_it.o [1]
_interrupt_21           0x00cae8         Code  Gb  stm8l15x_it.o [1]
_interrupt_22           0x00cafe         Code  Gb  stm8l15x_it.o [1]
_interrupt_23           0x00cb14         Code  Gb  stm8l15x_it.o [1]
_interrupt_24           0x00cb2a         Code  Gb  stm8l15x_it.o [1]
_interrupt_25           0x00c946         Code  Gb  stm8l15x_it.o [1]
_interrupt_26           0x00d025         Code  Gb  stm8l15x_it.o [1]
_interrupt_27           0x00d026         Code  Gb  stm8l15x_it.o [1]
_interrupt_28           0x00d027         Code  Gb  stm8l15x_it.o [1]
_interrupt_29           0x00cb40         Code  Gb  stm8l15x_it.o [1]
_interrupt_3            0x00d013         Code  Gb  stm8l15x_it.o [1]
_interrupt_30           0x00cb56         Code  Gb  stm8l15x_it.o [1]
_interrupt_31           0x00d028         Code  Gb  stm8l15x_it.o [1]
_interrupt_4            0x00d014         Code  Gb  stm8l15x_it.o [1]
_interrupt_5            0x00d015         Code  Gb  stm8l15x_it.o [1]
_interrupt_6            0x00d016         Code  Gb  stm8l15x_it.o [1]
_interrupt_7            0x00d017         Code  Gb  stm8l15x_it.o [1]
_interrupt_8            0x00d018         Code  Gb  stm8l15x_it.o [1]
_interrupt_9            0x00d019         Code  Gb  stm8l15x_it.o [1]
at                      0x00b19d   0x8c  Code  Lc  shell.o [1]
bc95_check_cmd          0x00c75f   0x1e  Code  Lc  gprs.o [1]
bc95_cmd_recv_back      0x00a9fd   0xb5  Code  Lc  gprs.o [1]
bc95_err_cnt            0x00c170   0x2a  Code  Lc  gprs.o [1]
bc95_modem_init         0x0084ba  0x336  Code  Gb  gprs.o [1]
bc95_read_onebyte       0x00b78f   0x4b  Code  Lc  gprs.o [1]
bc95_recv_ret_line      0x00934f  0x1ca  Code  Lc  gprs.o [1]
bc95_send_at            0x00b56a   0x66  Code  Lc  gprs.o [1]
bc95_send_cmd           0x00a11c  0x110  Code  Lc  gprs.o [1]
bc95_state_check        0x00b41f   0x71  Code  Gb  gprs.o [1]
bsp_CheckTimer          0x00be5d   0x36  Code  Gb  bsp_timer.o [1]
bsp_DelayMS             0x00b822   0x47  Code  Gb  bsp_timer.o [1]
bsp_Idle                0x00d010    0x1  Code  Gb  bsp.o [1]
bsp_Init                0x00cd55    0xa  Code  Gb  bsp.o [1]
bsp_InitHardTimer       0x00c426   0x24  Code  Gb  bsp_timer.o [1]
bsp_InitLed             0x00bf68   0x33  Code  Gb  bsp_led.o [1]
bsp_InitTimer           0x00b490   0x6f  Code  Gb  bsp_timer.o [1]
bsp_InitUart            0x00cd5f    0xa  Code  Gb  bsp_uart_fifo.o [1]
bsp_LedOff              0x00bec9   0x35  Code  Gb  bsp_led.o [1]
bsp_LedToggle           0x00befe   0x35  Code  Gb  bsp_led.o [1]
bsp_RunPer10ms          0x00b8ad   0x43  Code  Gb  bsp.o [1]
bsp_RunPer1ms           0x00d00f    0x1  Code  Gb  bsp.o [1]
bsp_SoftTimerDec        0x00b73d   0x52  Code  Lc  bsp_timer.o [1]
bsp_StartAutoTimer      0x00b62f   0x5b  Code  Gb  bsp_timer.o [1]
bsp_StartTimer          0x00b68a   0x5a  Code  Gb  bsp_timer.o [1]
chvalid                 0x00c4d6   0x21  Code  Lc  xscanfsmall.o [4]
cmd_fun                 0x000016    0xc  Data  Lc  shell.o [1]
comClearRxFifo          0x00b6e4   0x59  Code  Gb  bsp_uart_fifo.o [1]
comGetChar              0x00c28d   0x27  Code  Gb  bsp_uart_fifo.o [1]
comSendBuf              0x00b976   0x42  Code  Gb  bsp_uart_fifo.o [1]
comSendChar             0x00c92b   0x1b  Code  Gb  bsp_uart_fifo.o [1]
debug_level             0x000010    0x4  Data  Lc  basic_fun.o [1]
digits                  0x00c34b   0x25  Data  Lc  xstoul.o [4]
err_cnt                 0x0009ea    0x8  Data  Lc  gprs.o [1]
exit                    0x00d002    0x3  Code  Gb  exit.o [4]
fputc                   0x00cb81   0x15  Code  Gb  bsp_uart_fifo.o [1]
free                    0x00a6c1   0xdb  Code  Gb  xxmemxfree.o [4]
g_RxBuf1                0x00024a  0x200  Data  Lc  bsp_uart_fifo.o [1]
g_RxBuf2                0x00064a  0x200  Data  Lc  bsp_uart_fifo.o [1]
g_RxBuf3                0x0008da   0x40  Data  Lc  bsp_uart_fifo.o [1]
g_TxBuf1                0x00004a  0x200  Data  Lc  bsp_uart_fifo.o [1]
g_TxBuf2                0x00044a  0x200  Data  Lc  bsp_uart_fifo.o [1]
g_TxBuf3                0x00089a   0x40  Data  Lc  bsp_uart_fifo.o [1]
g_iRunTime              0x0009f6    0x4  Data  Gb  bsp_timer.o [1]
g_tUart1                0x000982   0x1e  Data  Gb  bsp_uart_fifo.o [1]
g_tUart2                0x0009a0   0x1e  Data  Gb  bsp_uart_fifo.o [1]
g_tUart3                0x0009be   0x1e  Data  Gb  bsp_uart_fifo.o [1]
get_debug_level         0x00cee7    0x7  Code  Gb  basic_fun.o [1]
gprs_debug_thread       0x009dc1  0x12e  Code  Lc  main.o [1]
gprs_func_thread        0x00a86f   0xc9  Code  Lc  main.o [1]
isspace                 0x00cd08    0xc  Code  Gb  isxxx.o [4]
line_position           0x000a0f    0x1  Data  Lc  shell.o [1]
list_all_cmd            0x00b8f0   0x43  Code  Lc  shell.o [1]
main                    0x00bdb0   0x3c  Code  Gb  main.o [1]
malloc                  0x00afe8   0x94  Code  Gb  xxmemxmalloc.o [4]
memcpy                  0x00c395   0x25  Code  Gb  memcpy.o [4]
memset                  0x00caa4   0x17  Code  Gb  memset.o [4]
model_sta               0x000a02    0x2  Data  Gb  main.o [1]
ndigs                   0x00c370   0x25  Data  Lc  xstoul.o [4]
neul_bc95_get_cereg     0x00a5e3   0xde  Code  Lc  gprs.o [1]
neul_bc95_get_csq       0x00a32a   0xf2  Code  Lc  gprs.o [1]
neul_bc95_get_netstat   0x00a22c   0xfe  Code  Lc  gprs.o [1]
neul_bc95_get_time      0x009c90  0x131  Code  Lc  gprs.o [1]
neul_bc95_reboot        0x00c883   0x1d  Code  Lc  gprs.o [1]
neul_bc95_reset_netstat
                        0x00bcf6   0x3e  Code  Lc  gprs.o [1]
neul_bc95_set_band      0x00b4ff   0x6b  Code  Lc  gprs.o [1]
neul_bc95_set_cdpserver
                        0x00a007  0x115  Code  Lc  gprs.o [1]
obuf                    0x00084a   0x50  Data  Lc  xfiles.o [4]
pad                     0x00be93   0x36  Code  Lc  xprintfsmall.o [4]
printf                  0x00c62a   0x20  Code  Gb  printf.o [4]
putchar                 0x00cf3b    0x7  Code  Gb  putchar.o [4]
s_tTmr                  0x00095a   0x28  Data  Lc  bsp_timer.o [1]
s_ucTimeOutFlag         0x000a0a    0x1  Data  Lc  bsp_timer.o [1]
s_uiDelayCount          0x0009f2    0x4  Data  Lc  bsp_timer.o [1]
shell_cmd_run           0x00ad6c   0xa8  Code  Gb  shell.o [1]
shell_line              0x00091a   0x40  Data  Lc  shell.o [1]
shell_thread            0x00b32e   0x7b  Code  Gb  shell.o [1]
sprintf                 0x00bd72   0x3e  Code  Gb  sprintf.o [4]
sscanf                  0x00c704   0x1f  Code  Gb  sscanf.o [4]
strcmp                  0x00c4b4   0x22  Code  Gb  strcmp.o [4]
strlen                  0x00cc46   0x12  Code  Gb  strlen.o [4]
strstr                  0x00cc0d   0x13  Code  Gb  main.o [1]
tolower                 0x00cc58   0x12  Code  Gb  tolower.o [4]
uart1_recv_finish       0x000a0c    0x1  Data  Lc  bsp_uart_fifo.o [1]
uart2_recv_finish       0x000a0d    0x1  Data  Lc  bsp_uart_fifo.o [1]
uart3_recv_finish       0x000a0e    0x1  Data  Lc  bsp_uart_fifo.o [1]
uart_recv_finish_clr    0x00be26   0x37  Code  Gb  bsp_uart_fifo.o [1]
uart_recv_finish_get    0x00c491   0x23  Code  Gb  bsp_uart_fifo.o [1]
uart_recv_finish_set    0x00c60a   0x20  Code  Lc  bsp_uart_fifo.o [1]


[1] = F:\创力NB\我的工程\my_nb\project\Debug\Obj
[2] = command line
[3] = dbgstm8smd.a
[4] = dlstm8smf.a

  16 631 bytes of readonly  code memory
   3 891 bytes of readonly  data memory
   3 344 bytes of readwrite data memory

Errors: none
Warnings: none
