###############################################################################
#
# IAR ELF Linker V2.20.1.176 for STM8                     20/Sep/2018  10:41:51
# Copyright 2010-2015 IAR Systems AB.
#
#    Output file  =  F:\创力NB\我的工程\my_nb\project\Debug\Exe\project.out
#    Map file     =  F:\创力NB\我的工程\my_nb\project\Debug\List\project.map
#    Command line =  
#        F:\创力NB\我的工程\my_nb\project\Debug\Obj\basic_fun.o
#        F:\创力NB\我的工程\my_nb\project\Debug\Obj\BC95.o
#        F:\创力NB\我的工程\my_nb\project\Debug\Obj\bsp.o
#        F:\创力NB\我的工程\my_nb\project\Debug\Obj\bsp_led.o
#        F:\创力NB\我的工程\my_nb\project\Debug\Obj\bsp_timer.o
#        F:\创力NB\我的工程\my_nb\project\Debug\Obj\bsp_uart_fifo.o
#        F:\创力NB\我的工程\my_nb\project\Debug\Obj\gprs.o
#        F:\创力NB\我的工程\my_nb\project\Debug\Obj\main.o
#        F:\创力NB\我的工程\my_nb\project\Debug\Obj\mcu_init.o
#        F:\创力NB\我的工程\my_nb\project\Debug\Obj\rtc.o
#        F:\创力NB\我的工程\my_nb\project\Debug\Obj\shell.o
#        F:\创力NB\我的工程\my_nb\project\Debug\Obj\stm8l15x_adc.o
#        F:\创力NB\我的工程\my_nb\project\Debug\Obj\stm8l15x_clk.o
#        F:\创力NB\我的工程\my_nb\project\Debug\Obj\stm8l15x_exti.o
#        F:\创力NB\我的工程\my_nb\project\Debug\Obj\stm8l15x_flash.o
#        F:\创力NB\我的工程\my_nb\project\Debug\Obj\stm8l15x_gpio.o
#        F:\创力NB\我的工程\my_nb\project\Debug\Obj\stm8l15x_it.o
#        F:\创力NB\我的工程\my_nb\project\Debug\Obj\stm8l15x_itc.o
#        F:\创力NB\我的工程\my_nb\project\Debug\Obj\stm8l15x_iwdg.o
#        F:\创力NB\我的工程\my_nb\project\Debug\Obj\stm8l15x_pwr.o
#        F:\创力NB\我的工程\my_nb\project\Debug\Obj\stm8l15x_rst.o
#        F:\创力NB\我的工程\my_nb\project\Debug\Obj\stm8l15x_rtc.o
#        F:\创力NB\我的工程\my_nb\project\Debug\Obj\stm8l15x_syscfg.o
#        F:\创力NB\我的工程\my_nb\project\Debug\Obj\stm8l15x_tim1.o
#        F:\创力NB\我的工程\my_nb\project\Debug\Obj\stm8l15x_tim2.o
#        F:\创力NB\我的工程\my_nb\project\Debug\Obj\stm8l15x_tim3.o
#        F:\创力NB\我的工程\my_nb\project\Debug\Obj\stm8l15x_tim4.o
#        F:\创力NB\我的工程\my_nb\project\Debug\Obj\stm8l15x_tim5.o
#        F:\创力NB\我的工程\my_nb\project\Debug\Obj\stm8l15x_usart.o
#        F:\创力NB\我的工程\my_nb\project\Debug\Obj\stm8l15x_wfe.o
#        F:\创力NB\我的工程\my_nb\project\Debug\Obj\stm8l15x_wwdg.o
#        F:\创力NB\我的工程\my_nb\project\Debug\Obj\uart.o --redirect
#        _Printf=_PrintfSmall --redirect _Scanf=_ScanfSmall -o
#        F:\创力NB\我的工程\my_nb\project\Debug\Exe\project.out --map
#        F:\创力NB\我的工程\my_nb\project\Debug\List\project.map --config
#        "C:\Program Files (x86)\IAR Systems\Embedded Workbench
#        7.3\stm8\config\lnkstm8l052r8.icf" --config_def _CSTACK_SIZE=0x300
#        --config_def _HEAP_SIZE=0 --entry __iar_program_start --debug_lib
#
###############################################################################

*******************************************************************************
*** RUNTIME MODEL ATTRIBUTES
***

__Heap_Handler             = Basic
__SystemLibrary            = DLib
__code_model               = small
__core                     = stm8
__data_model               = medium
__dlib_file_descriptor     = 1
__dlib_full_locale_support = 1
__rt_version               = 4


*******************************************************************************
*** PLACEMENT SUMMARY
***

"A1":  place at start of [0x000000-0x0000ff] { rw section .vregs };
"A2":  place at end of [0x000000-0x000fff] { block CSTACK };
"P2":  place in [from 0x000000 to 0x000fff] {
          block HEAP, rw section __DLIB_PERTHREAD, rw section .far.bss,
          rw section .far.data, rw section .far.noinit,
          rw section .far_func.textrw, rw section .huge.bss,
          rw section .huge.data, rw section .huge.noinit,
          rw section .huge_func.textrw, rw section .iar.dynexit,
          rw section .near.bss, rw section .near.data, rw section .near.noinit,
          rw section .near_func.textrw };
"A3":  place at start of [0x008000-0x00ffff] { block INTVEC };
"P3":  place in [from 0x008000 to 0x00ffff] {
          ro section __DLIB_PERTHREAD_init, ro section .far.data_init,
          ro section .far_func.textrw_init, ro section .huge.data_init,
          ro section .huge_func.textrw_init, ro section .iar.init_table,
          ro section .init_array, ro section .near.data_init,
          ro section .near.rodata, ro section .near_func.text,
          ro section .near_func.textrw_init, ro section .tiny.data_init,
          ro section .tiny.rodata_init };

  Section            Kind      Address    Size  Object
  -------            ----      -------    ----  ------
"A1":                                     0x10
  .vregs             uninit   0x000000    0x10  vregs.o [4]
                            - 0x000010    0x10

"P2", part 1 of 3:                        0x3a
  P2-1                        0x000010    0x3a  <Init block>
    .near.data       inited   0x000010     0x4  basic_fun.o [1]
    .near.data       inited   0x000014     0x2  gprs.o [1]
    .near.data       inited   0x000016     0xc  shell.o [1]
    .near.data       inited   0x000022    0x28  xfiles.o [4]
                            - 0x00004a    0x3a

"P2", part 2 of 3:                         0x0
  HEAP                        0x00004a     0x0  <Block>

"P2", part 3 of 3:                       0x9c8
  .near.bss          zero     0x00004a   0x200  bsp_uart_fifo.o [1]
  .near.bss          zero     0x00024a   0x200  bsp_uart_fifo.o [1]
  .near.bss          zero     0x00044a   0x200  bsp_uart_fifo.o [1]
  .near.bss          zero     0x00064a   0x200  bsp_uart_fifo.o [1]
  .near.bss          zero     0x00084a    0x50  xfiles.o [4]
  .near.bss          zero     0x00089a    0x40  bsp_uart_fifo.o [1]
  .near.bss          zero     0x0008da    0x40  bsp_uart_fifo.o [1]
  .near.bss          zero     0x00091a    0x40  shell.o [1]
  .near.bss          zero     0x00095a    0x28  bsp_timer.o [1]
  .near.bss          zero     0x000982    0x1e  bsp_uart_fifo.o [1]
  .near.bss          zero     0x0009a0    0x1e  bsp_uart_fifo.o [1]
  .near.bss          zero     0x0009be    0x1e  bsp_uart_fifo.o [1]
  .near.bss          zero     0x0009dc     0xe  setlocale.o [4]
  .near.bss          zero     0x0009ea     0x8  gprs.o [1]
  .near.bss          zero     0x0009f2     0x4  bsp_timer.o [1]
  .near.bss          zero     0x0009f6     0x4  bsp_timer.o [1]
  .near.bss          zero     0x0009fa     0x4  xxmemxmalloc.o [4]
  .near.bss          zero     0x0009fe     0x2  bsp.o [1]
  .near.bss          zero     0x000a00     0x2  gprs.o [1]
  .near.bss          zero     0x000a02     0x2  main.o [1]
  .near.bss          zero     0x000a04     0x2  main.o [1]
  .near.bss          zero     0x000a06     0x2  setlocale.o [4]
  .near.bss          zero     0x000a08     0x2  xgetmemchunk.o [4]
  .near.bss          zero     0x000a0a     0x2  errno.o [4]
  .near.bss          zero     0x000a0c     0x1  bsp_timer.o [1]
  .near.bss          zero     0x000a0d     0x1  bsp_timer.o [1]
  .near.bss          zero     0x000a0e     0x1  bsp_uart_fifo.o [1]
  .near.bss          zero     0x000a0f     0x1  bsp_uart_fifo.o [1]
  .near.bss          zero     0x000a10     0x1  bsp_uart_fifo.o [1]
  .near.bss          zero     0x000a11     0x1  shell.o [1]
                            - 0x000a12   0x9c8

"A2":                                    0x300
  CSTACK                      0x000d00   0x300  <Block>
    CSTACK           uninit   0x000d00   0x300  <Block tail>
                            - 0x001000   0x300

"A3":                                     0x80
  INTVEC                      0x008000    0x80  <Block>
    .intvec          const    0x008000    0x80  interrupt.o [4]
                            - 0x008080    0x80

"P3":                                   0x5013
  .near_func.text    ro code  0x008080   0x43a  xprintfsmall.o [4]
  .near_func.text    ro code  0x0084ba   0x336  gprs.o [1]
  .near.rodata       const    0x0087f0   0x200  main.o [1]
  .near.rodata       const    0x0089f0   0x200  main.o [1]
  .near_func.text    ro code  0x008bf0   0x1de  xscanfsmall.o [4]
  .near_func.text    ro code  0x008dce   0x1db  xprintfsmall.o [4]
  .near_func.text    ro code  0x008fa9   0x1d5  xscanfsmall.o [4]
  .near_func.text    ro code  0x00917e   0x1d1  xscanfsmall.o [4]
  .near_func.text    ro code  0x00934f   0x1ca  gprs.o [1]
  .near_func.text    ro code  0x009519   0x1be  xstoul.o [4]
  .near_func.text    ro code  0x0096d7   0x1b2  long.o [4]
  .near_func.text    ro code  0x009889   0x192  vreg_util.o [4]
  .near_func.text    ro code  0x009a1b   0x171  xprintfsmall.o [4]
  .near_func.text    ro code  0x009b8c   0x136  bsp_uart_fifo.o [1]
  .near_func.text    ro code  0x009cc2   0x133  main.o [1]
  .near_func.text    ro code  0x009df5   0x131  gprs.o [1]
  .near_func.text    ro code  0x009f26   0x118  bsp_uart_fifo.o [1]
  .near_func.text    ro code  0x00a03e   0x115  gprs.o [1]
  .near_func.text    ro code  0x00a153   0x110  gprs.o [1]
  .near_func.text    ro code  0x00a263    0xfe  gprs.o [1]
  .near_func.text    ro code  0x00a361    0xf2  gprs.o [1]
  .near_func.text    ro code  0x00a453    0xec  main.o [1]
  .near_func.text    ro code  0x00a53f    0xe8  bsp_uart_fifo.o [1]
  .near_func.text    ro code  0x00a627    0xdf  bsp_uart_fifo.o [1]
  .near_func.text    ro code  0x00a706    0xde  gprs.o [1]
  .near_func.text    ro code  0x00a7e4    0xdb  xxmemxfree.o [4]
  .near_func.text    ro code  0x00a8bf    0xd3  stm8l15x_usart.o [1]
  .near_func.text    ro code  0x00a992    0xc5  xstol.o [4]
  .near_func.text    ro code  0x00aa57    0xb5  gprs.o [1]
  .near_func.text    ro code  0x00ab0c    0xb2  bsp_uart_fifo.o [1]
  .near_func.text    ro code  0x00abbe    0xaf  stm8l15x_gpio.o [1]
  .near_func.text    ro code  0x00ac6d    0xad  basic_fun.o [1]
  .near_func.text    ro code  0x00ad1a    0xac  stm8l15x_usart.o [1]
  .near_func.text    ro code  0x00adc6    0xa8  shell.o [1]
  .near_func.text    ro code  0x00ae6e    0xa7  bsp_timer.o [1]
  .near_func.text    ro code  0x00af15    0x99  stm8l15x_tim1.o [1]
  .near_func.text    ro code  0x00afae    0x94  stm8l15x_usart.o [1]
  .near_func.text    ro code  0x00b042    0x94  xxmemxmalloc.o [4]
  .near_func.text    ro code  0x00b0d6    0x93  stm8l15x_clk.o [1]
  .near_func.text    ro code  0x00b169    0x8e  stm8l15x_clk.o [1]
  .near_func.text    ro code  0x00b1f7    0x8c  shell.o [1]
  .near_func.text    ro code  0x00b283    0x86  bsp_uart_fifo.o [1]
  .near_func.text    ro code  0x00b309    0x7f  xscanfsmall.o [4]
  .near_func.text    ro code  0x00b388    0x7b  shell.o [1]
  .near_func.text    ro code  0x00b403    0x76  long_util.o [4]
  .near_func.text    ro code  0x00b479    0x71  gprs.o [1]
  .near_func.text    ro code  0x00b4ea    0x6f  bsp_timer.o [1]
  .near_func.text    ro code  0x00b559    0x6b  gprs.o [1]
  .near_func.text    ro code  0x00b5c4    0x66  gprs.o [1]
  .near_func.text    ro code  0x00b62a    0x5f  xxmemxmalloc.o [4]
  .near_func.text    ro code  0x00b689    0x5b  bsp_timer.o [1]
  .near_func.text    ro code  0x00b6e4    0x5a  bsp_timer.o [1]
  .near_func.text    ro code  0x00b73e    0x59  bsp_uart_fifo.o [1]
  .near_func.text    ro code  0x00b797    0x52  bsp_timer.o [1]
  .near_func.text    ro code  0x00b7e9    0x4b  gprs.o [1]
  .near_func.text    ro code  0x00b834    0x48  basic_fun.o [1]
  .near_func.text    ro code  0x00b87c    0x47  bsp_timer.o [1]
  .near_func.text    ro code  0x00b8c3    0x44  strstr.o [4]
  .near_func.text    ro code  0x00b907    0x43  bsp.o [1]
  .near_func.text    ro code  0x00b94a    0x43  shell.o [1]
  .near_func.text    ro code  0x00b98d    0x43  xscanfsmall.o [4]
  .near_func.text    ro code  0x00b9d0    0x42  bsp_uart_fifo.o [1]
  .near.rodata       const    0x00ba12    0x40  gprs.o [1]
  .near.rodata       const    0x00ba52    0x40  gprs.o [1]
  .near.rodata       const    0x00ba92    0x40  gprs.o [1]
  .near.rodata       const    0x00bad2    0x40  gprs.o [1]
  .near.rodata       const    0x00bb12    0x40  gprs.o [1]
  .near.rodata       const    0x00bb52    0x40  gprs.o [1]
  .near.rodata       const    0x00bb92    0x40  gprs.o [1]
  .near.rodata       const    0x00bbd2    0x40  gprs.o [1]
  .near.rodata       const    0x00bc12    0x40  gprs.o [1]
  .near.rodata       const    0x00bc52    0x40  shell.o [1]
  .near.rodata       const    0x00bc92    0x40  shell.o [1]
  .near_func.text    ro code  0x00bcd2    0x3f  basic_fun.o [1]
  .near_func.text    ro code  0x00bd11    0x3f  xprintfsmall.o [4]
  .near_func.text    ro code  0x00bd50    0x3e  gprs.o [1]
  .near_func.text    ro code  0x00bd8e    0x3e  stm8l15x_usart.o [1]
  .near_func.text    ro code  0x00bdcc    0x3e  sprintf.o [4]
  .near_func.text    ro code  0x00be0a    0x3c  main.o [1]
  Initializer bytes  const    0x00be46    0x3a  <for P2-1>
  .near_func.text    ro code  0x00be80    0x37  bsp_uart_fifo.o [1]
  .near_func.text    ro code  0x00beb7    0x36  bsp_timer.o [1]
  .near_func.text    ro code  0x00beed    0x36  xprintfsmall.o [4]
  .near_func.text    ro code  0x00bf23    0x35  bsp_led.o [1]
  .near_func.text    ro code  0x00bf58    0x35  bsp_led.o [1]
  .near_func.text    ro code  0x00bf8d    0x35  xprintfsmall.o [4]
  .near_func.text    ro code  0x00bfc2    0x33  bsp_led.o [1]
  .near_func.text    ro code  0x00bff5    0x33  mcu_init.o [1]
  .near_func.text    ro code  0x00c028    0x33  xencoding_sb.o [4]
  .near_func.text    ro code  0x00c05b    0x32  short.o [4]
  .near_func.text    ro code  0x00c08d    0x32  xwctob.o [4]
  .near.rodata       const    0x00c0bf    0x2f  gprs.o [1]
  .near_func.text    ro code  0x00c0ee    0x2f  xprintfsmall.o [4]
  .near.rodata       const    0x00c11d    0x2c  gprs.o [1]
  .near_func.text    ro code  0x00c149    0x2c  stm8l15x_gpio.o [1]
  .near_func.text    ro code  0x00c175    0x2b  stm8l15x_usart.o [1]
  .near.rodata       const    0x00c1a0    0x2a  gprs.o [1]
  .near_func.text    ro code  0x00c1ca    0x2a  gprs.o [1]
  .near.rodata       const    0x00c1f4    0x29  gprs.o [1]
  .near.rodata       const    0x00c21d    0x29  gprs.o [1]
  .near_func.text    ro code  0x00c246    0x29  xscanfsmall.o [4]
  .near.rodata       const    0x00c26f    0x28  gprs.o [1]
  .near.rodata       const    0x00c297    0x28  gprs.o [1]
  .near_func.text    ro code  0x00c2bf    0x28  init_small.o [4]
  .near_func.text    ro code  0x00c2e7    0x27  bsp_uart_fifo.o [1]
  .near_func.text    ro code  0x00c30e    0x27  xsscin.o [4]
  .near.rodata       const    0x00c335    0x26  gprs.o [1]
  .near.rodata       const    0x00c35b    0x25  gprs.o [1]
  .near.rodata       const    0x00c380    0x25  main.o [1]
  .near.rodata       const    0x00c3a5    0x25  xstoul.o [4]
  .near.rodata       const    0x00c3ca    0x25  xstoul.o [4]
  .near_func.text    ro code  0x00c3ef    0x25  memcpy.o [4]
  .near.rodata       const    0x00c414    0x24  gprs.o [1]
  .near.rodata       const    0x00c438    0x24  gprs.o [1]
  .near.rodata       const    0x00c45c    0x24  gprs.o [1]
  .near_func.text    ro code  0x00c480    0x24  bsp_timer.o [1]
  .near_func.text    ro code  0x00c4a4    0x24  stm8l15x_tim1.o [1]
  .near.rodata       const    0x00c4c8    0x23  gprs.o [1]
  .near_func.text    ro code  0x00c4eb    0x23  bsp_uart_fifo.o [1]
  .near_func.text    ro code  0x00c50e    0x22  strcmp.o [4]
  .near_func.text    ro code  0x00c530    0x21  xscanfsmall.o [4]
  .near_func.text    ro code  0x00c551    0x21  xmbtowc.o [4]
  .iar.init_table    const    0x00c572    0x12  - Linker created -
  .near.rodata       const    0x00c584    0x20  gprs.o [1]
  .near.rodata       const    0x00c5a4    0x20  gprs.o [1]
  .near.rodata       const    0x00c5c4    0x20  gprs.o [1]
  .near.rodata       const    0x00c5e4    0x20  gprs.o [1]
  .near.rodata       const    0x00c604    0x20  gprs.o [1]
  .near.rodata       const    0x00c624    0x20  gprs.o [1]
  .near.rodata       const    0x00c644    0x20  gprs.o [1]
  .near_func.text    ro code  0x00c664    0x20  bsp_uart_fifo.o [1]
  .near_func.text    ro code  0x00c684    0x20  printf.o [4]
  .near.rodata       const    0x00c6a4    0x1f  gprs.o [1]
  .near.rodata       const    0x00c6c3    0x1f  gprs.o [1]
  .near.rodata       const    0x00c6e2    0x1f  gprs.o [1]
  .near.rodata       const    0x00c701    0x1f  gprs.o [1]
  .near.rodata       const    0x00c720    0x1f  main.o [1]
  .near.rodata       const    0x00c73f    0x1f  shell.o [1]
  .near_func.text    ro code  0x00c75e    0x1f  move.o [4]
  .near_func.text    ro code  0x00c77d    0x1f  sscanf.o [4]
  .near.rodata       const    0x00c79c    0x1e  gprs.o [1]
  .near.rodata       const    0x00c7ba    0x1e  gprs.o [1]
  .near_func.text    ro code  0x00c7d8    0x1e  gprs.o [1]
  .near_func.text    ro code  0x00c7f6    0x1e  init_small.o [4]
  .near.rodata       const    0x00c814    0x1d  gprs.o [1]
  .near.rodata       const    0x00c831    0x1d  gprs.o [1]
  .near.rodata       const    0x00c84e    0x1d  gprs.o [1]
  .near.rodata       const    0x00c86b    0x1d  gprs.o [1]
  .near.rodata       const    0x00c888    0x1d  gprs.o [1]
  .near.rodata       const    0x00c8a5    0x1d  gprs.o [1]
  .near.rodata       const    0x00c8c2    0x1d  gprs.o [1]
  .near.rodata       const    0x00c8df    0x1d  gprs.o [1]
  .near_func.text    ro code  0x00c8fc    0x1d  gprs.o [1]
  .near.rodata       const    0x00c919    0x1c  gprs.o [1]
  .near.rodata       const    0x00c935    0x1c  gprs.o [1]
  .near_func.text    ro code  0x00c951    0x1c  bsp_uart_fifo.o [1]
  .near_func.text    ro code  0x00c96d    0x1c  xwctomb.o [4]
  .near_func.text    ro code  0x00c989    0x1b  basic_fun.o [1]
  .near_func.text    ro code  0x00c9a4    0x1b  bsp_uart_fifo.o [1]
  .near_func.text    ro code  0x00c9bf    0x1b  stm8l15x_it.o [1]
  .near_func.text    ro code  0x00c9da    0x1b  xprout.o [4]
  .near.rodata       const    0x00c9f5    0x1a  gprs.o [1]
  .near_func.text    ro code  0x00ca0f    0x1a  stm8l15x_tim1.o [1]
  .near.rodata       const    0x00ca29    0x19  gprs.o [1]
  .near.rodata       const    0x00ca42    0x19  gprs.o [1]
  .near.rodata       const    0x00ca5b    0x19  main.o [1]
  .near_func.text    ro code  0x00ca74    0x19  xgetmemchunk.o [4]
  .near_func.text    ro code  0x00ca8d    0x19  xlocale_c.o [4]
  .near.rodata       const    0x00caa6    0x18  gprs.o [1]
  .near_func.text    ro code  0x00cabe    0x18  memchr.o [4]
  .near_func.text    ro code  0x00cad6    0x18  xencoding_sb.o [4]
  .near_func.text    ro code  0x00caee    0x18  xlocale_c.o [4]
  .near.rodata       const    0x00cb06    0x17  main.o [1]
  .near_func.text    ro code  0x00cb1d    0x17  memset.o [4]
  .near_func.text    ro code  0x00cb34    0x17  init.o [4]
  .near.rodata       const    0x00cb4b    0x16  gprs.o [1]
  .near_func.text    ro code  0x00cb61    0x16  stm8l15x_it.o [1]
  .near_func.text    ro code  0x00cb77    0x16  stm8l15x_it.o [1]
  .near_func.text    ro code  0x00cb8d    0x16  stm8l15x_it.o [1]
  .near_func.text    ro code  0x00cba3    0x16  stm8l15x_it.o [1]
  .near_func.text    ro code  0x00cbb9    0x16  stm8l15x_it.o [1]
  .near_func.text    ro code  0x00cbcf    0x16  stm8l15x_it.o [1]
  .near.rodata       const    0x00cbe5    0x15  shell.o [1]
  .near_func.text    ro code  0x00cbfa    0x15  bsp_uart_fifo.o [1]
  .near_func.text    ro code  0x00cc0f    0x15  strchr.o [4]
  .near_func.text    ro code  0x00cc24    0x14  xprintfsmall.o [4]
  .near_func.text    ro code  0x00cc38    0x14  xprintfsmall.o [4]
  .near_func.text    ro code  0x00cc4c    0x14  __dbg_xxexit.o [3]
  .near.rodata       const    0x00cc60    0x13  shell.o [1]
  .near_func.text    ro code  0x00cc73    0x13  main.o [1]
  .near_func.text    ro code  0x00cc86    0x13  cstartup.o [4]
  .near_func.text    ro code  0x00cc99    0x13  setlocale.o [4]
  .near_func.text    ro code  0x00ccac    0x12  strlen.o [4]
  .near_func.text    ro code  0x00ccbe    0x12  tolower.o [4]
  .near.rodata       const    0x00ccd0    0x11  main.o [1]
  .near.rodata       const    0x00cce1    0x10  gprs.o [1]
  .near_func.text    ro code  0x00ccf1    0x10  xprintfsmall.o [4]
  .near_func.text    ro code  0x00cd01    0x10  xlocale_c.o [4]
  .near_func.text    ro code  0x00cd11     0xf  main.o [1]
  .near_func.text    ro code  0x00cd20     0xe  stm8l15x_clk.o [1]
  .near_func.text    ro code  0x00cd2e     0xe  stm8l15x_tim1.o [1]
  .near_func.text    ro code  0x00cd3c     0xe  stm8l15x_tim1.o [1]
  .near_func.text    ro code  0x00cd4a     0xe  xsprout.o [4]
  .near_func.text    ro code  0x00cd58     0xd  bsp_uart_fifo.o [1]
  .near.rodata       const    0x00cd65     0xc  gprs.o [1]
  .near_func.text    ro code  0x00cd71     0xc  isxxx.o [4]
  .near_func.text    ro code  0x00cd7d     0xc  setlocale.o [4]
  .near.rodata       const    0x00cd89     0xb  gprs.o [1]
  .near_func.text    ro code  0x00cd94     0xb  xprintfsmall.o [4]
  .near_func.text    ro code  0x00cd9f     0xb  xscanfsmall.o [4]
  .near.rodata       const    0x00cdaa     0xa  gprs.o [1]
  .near.rodata       const    0x00cdb4     0xa  gprs.o [1]
  .near_func.text    ro code  0x00cdbe     0xa  bsp.o [1]
  .near_func.text    ro code  0x00cdc8     0xa  bsp_uart_fifo.o [1]
  .near_func.text    ro code  0x00cdd2     0xa  xprintfsmall.o [4]
  .near_func.text    ro code  0x00cddc     0xa  xprintfsmall.o [4]
  .near_func.text    ro code  0x00cde6     0xa  xscanfsmall.o [4]
  .near_func.text    ro code  0x00cdf0     0xa  isxxx.o [4]
  .near.rodata       const    0x00cdfa     0x9  gprs.o [1]
  .near.rodata       const    0x00ce03     0x9  gprs.o [1]
  .near.rodata       const    0x00ce0c     0x9  gprs.o [1]
  .near.rodata       const    0x00ce15     0x9  gprs.o [1]
  .near.rodata       const    0x00ce1e     0x9  gprs.o [1]
  .near_func.text    ro code  0x00ce27     0x9  bsp_uart_fifo.o [1]
  .near_func.text    ro code  0x00ce30     0x9  bsp_uart_fifo.o [1]
  .near_func.text    ro code  0x00ce39     0x9  stm8l15x_tim1.o [1]
  .near_func.text    ro code  0x00ce42     0x9  xprintfsmall.o [4]
  .near_func.text    ro code  0x00ce4b     0x9  xprintfsmall.o [4]
  .near_func.text    ro code  0x00ce54     0x9  xprintfsmall.o [4]
  .near_func.text    ro code  0x00ce5d     0x9  xprintfsmall.o [4]
  .near_func.text    ro code  0x00ce66     0x9  xprintfsmall.o [4]
  .near_func.text    ro code  0x00ce6f     0x9  xscanfsmall.o [4]
  .near.rodata       const    0x00ce78     0x8  gprs.o [1]
  .near.rodata       const    0x00ce80     0x8  gprs.o [1]
  .near.rodata       const    0x00ce88     0x8  gprs.o [1]
  .near.rodata       const    0x00ce90     0x8  gprs.o [1]
  .near.rodata       const    0x00ce98     0x8  gprs.o [1]
  .near.rodata       const    0x00cea0     0x8  gprs.o [1]
  .near.rodata       const    0x00cea8     0x8  gprs.o [1]
  .near.rodata       const    0x00ceb0     0x8  xprintfsmall.o [4]
  .near.rodata       const    0x00ceb8     0x8  xprintfsmall.o [4]
  .near.rodata       const    0x00cec0     0x8  xscanfsmall.o [4]
  .near.rodata       const    0x00cec8     0x8  xscanfsmall.o [4]
  .near.rodata       const    0x00ced0     0x8  xwctob.o [4]
  .near.rodata       const    0x00ced8     0x8  xencoding_sb.o [4]
  .near.rodata       const    0x00cee0     0x8  xencoding_sb.o [4]
  .near_func.text    ro code  0x00cee8     0x8  stm8l15x_gpio.o [1]
  .near_func.text    ro code  0x00cef0     0x8  stm8l15x_usart.o [1]
  .near_func.text    ro code  0x00cef8     0x8  xprintfsmall.o [4]
  .near_func.text    ro code  0x00cf00     0x8  xprintfsmall.o [4]
  .near_func.text    ro code  0x00cf08     0x8  xscanfsmall.o [4]
  .near_func.text    ro code  0x00cf10     0x8  xxmemxmalloc.o [4]
  .near.rodata       const    0x00cf18     0x7  gprs.o [1]
  .near.rodata       const    0x00cf1f     0x7  gprs.o [1]
  .near.rodata       const    0x00cf26     0x7  gprs.o [1]
  .near.rodata       const    0x00cf2d     0x7  gprs.o [1]
  .near.rodata       const    0x00cf34     0x7  gprs.o [1]
  .near.rodata       const    0x00cf3b     0x7  main.o [1]
  .near.rodata       const    0x00cf42     0x7  xprintfsmall.o [4]
  .near.rodata       const    0x00cf49     0x7  xscanfsmall.o [4]
  .near_func.text    ro code  0x00cf50     0x7  basic_fun.o [1]
  .near_func.text    ro code  0x00cf57     0x7  bsp_uart_fifo.o [1]
  .near_func.text    ro code  0x00cf5e     0x7  bsp_uart_fifo.o [1]
  .near_func.text    ro code  0x00cf65     0x7  bsp_uart_fifo.o [1]
  .near_func.text    ro code  0x00cf6c     0x7  bsp_uart_fifo.o [1]
  .near_func.text    ro code  0x00cf73     0x7  bsp_uart_fifo.o [1]
  .near_func.text    ro code  0x00cf7a     0x7  bsp_uart_fifo.o [1]
  .near_func.text    ro code  0x00cf81     0x7  stm8l15x_gpio.o [1]
  .near_func.text    ro code  0x00cf88     0x7  stm8l15x_gpio.o [1]
  .near_func.text    ro code  0x00cf8f     0x7  xprintfsmall.o [4]
  .near_func.text    ro code  0x00cf96     0x7  xprintfsmall.o [4]
  .near_func.text    ro code  0x00cf9d     0x7  xxmemxmalloc.o [4]
  .near_func.text    ro code  0x00cfa4     0x7  putchar.o [4]
  .near_func.text    ro code  0x00cfab     0x7  setlocale.o [4]
  .near.rodata       const    0x00cfb2     0x6  gprs.o [1]
  .near.rodata       const    0x00cfb8     0x6  gprs.o [1]
  .near.rodata       const    0x00cfbe     0x6  main.o [1]
  .near.rodata       const    0x00cfc4     0x6  shell.o [1]
  .near_func.text    ro code  0x00cfca     0x6  xprintfsmall.o [4]
  .near_func.text    ro code  0x00cfd0     0x6  xprintfsmall.o [4]
  .near_func.text    ro code  0x00cfd6     0x6  xprintfsmall.o [4]
  .near_func.text    ro code  0x00cfdc     0x6  xprintfsmall.o [4]
  .near_func.text    ro code  0x00cfe2     0x6  xscanfsmall.o [4]
  .near_func.text    ro code  0x00cfe8     0x6  xmbcurmax.o [4]
  .near.rodata       const    0x00cfee     0x5  gprs.o [1]
  .near.rodata       const    0x00cff3     0x5  gprs.o [1]
  .near.rodata       const    0x00cff8     0x5  gprs.o [1]
  .near.rodata       const    0x00cffd     0x5  gprs.o [1]
  .near.rodata       const    0x00d002     0x5  shell.o [1]
  .near.rodata       const    0x00d007     0x5  stm8l15x_clk.o [1]
  .near.rodata       const    0x00d00c     0x5  xscanfsmall.o [4]
  .near_func.text    ro code  0x00d011     0x5  stm8l15x_usart.o [1]
  .near_func.text    ro code  0x00d016     0x5  stm8l15x_usart.o [1]
  .near_func.text    ro code  0x00d01b     0x5  stm8l15x_usart.o [1]
  .near_func.text    ro code  0x00d020     0x5  xprintfsmall.o [4]
  .near_func.text    ro code  0x00d025     0x5  xprintfsmall.o [4]
  .near_func.text    ro code  0x00d02a     0x5  xprintfsmall.o [4]
  .near_func.text    ro code  0x00d02f     0x5  xprintfsmall.o [4]
  .near_func.text    ro code  0x00d034     0x5  xscanfsmall.o [4]
  .near_func.text    ro code  0x00d039     0x5  cexit.o [4]
  .near.rodata       const    0x00d03e     0x4  gprs.o [1]
  .near.rodata       const    0x00d042     0x4  shell.o [1]
  .near.rodata       const    0x00d046     0x4  shell.o [1]
  .near_func.text    ro code  0x00d04a     0x4  stm8l15x_clk.o [1]
  .near_func.text    ro code  0x00d04e     0x4  stm8l15x_clk.o [1]
  .near_func.text    ro code  0x00d052     0x4  setlocale.o [4]
  .near.rodata       const    0x00d056     0x3  gprs.o [1]
  .near.rodata       const    0x00d059     0x3  main.o [1]
  .near.rodata       const    0x00d05c     0x3  shell.o [1]
  .near.rodata       const    0x00d05f     0x3  shell.o [1]
  .near.rodata       const    0x00d062     0x3  shell.o [1]
  .near_func.text    ro code  0x00d065     0x3  interrupt.o [4]
  .near_func.text    ro code  0x00d068     0x3  low_level_init.o [4]
  .near_func.text    ro code  0x00d06b     0x3  exit.o [4]
  .near_func.text    ro code  0x00d06e     0x3  unhandled_exception.o [4]
  .near.rodata       const    0x00d071     0x2  gprs.o [1]
  .near.rodata       const    0x00d073     0x2  main.o [1]
  .near.rodata       const    0x00d075     0x2  shell.o [1]
  .near.rodata       const    0x00d077     0x1  gprs.o [1]
  .near_func.text    ro code  0x00d078     0x1  bsp.o [1]
  .near_func.text    ro code  0x00d079     0x1  bsp.o [1]
  .near_func.text    ro code  0x00d07a     0x1  bsp_uart_fifo.o [1]
  .near_func.text    ro code  0x00d07b     0x1  stm8l15x_it.o [1]
  .near_func.text    ro code  0x00d07c     0x1  stm8l15x_it.o [1]
  .near_func.text    ro code  0x00d07d     0x1  stm8l15x_it.o [1]
  .near_func.text    ro code  0x00d07e     0x1  stm8l15x_it.o [1]
  .near_func.text    ro code  0x00d07f     0x1  stm8l15x_it.o [1]
  .near_func.text    ro code  0x00d080     0x1  stm8l15x_it.o [1]
  .near_func.text    ro code  0x00d081     0x1  stm8l15x_it.o [1]
  .near_func.text    ro code  0x00d082     0x1  stm8l15x_it.o [1]
  .near_func.text    ro code  0x00d083     0x1  stm8l15x_it.o [1]
  .near_func.text    ro code  0x00d084     0x1  stm8l15x_it.o [1]
  .near_func.text    ro code  0x00d085     0x1  stm8l15x_it.o [1]
  .near_func.text    ro code  0x00d086     0x1  stm8l15x_it.o [1]
  .near_func.text    ro code  0x00d087     0x1  stm8l15x_it.o [1]
  .near_func.text    ro code  0x00d088     0x1  stm8l15x_it.o [1]
  .near_func.text    ro code  0x00d089     0x1  stm8l15x_it.o [1]
  .near_func.text    ro code  0x00d08a     0x1  stm8l15x_it.o [1]
  .near_func.text    ro code  0x00d08b     0x1  stm8l15x_it.o [1]
  .near_func.text    ro code  0x00d08c     0x1  stm8l15x_it.o [1]
  .near_func.text    ro code  0x00d08d     0x1  stm8l15x_it.o [1]
  .near_func.text    ro code  0x00d08e     0x1  stm8l15x_it.o [1]
  .near_func.text    ro code  0x00d08f     0x1  stm8l15x_it.o [1]
  .near_func.text    ro code  0x00d090     0x1  stm8l15x_it.o [1]
  .near_func.text    ro code  0x00d091     0x1  stm8l15x_it.o [1]
  .near_func.text    ro code  0x00d092     0x1  __dbg_break.o [3]
                            - 0x00d093  0x5013


*******************************************************************************
*** INIT TABLE
***

          Address   Size
          -------   ----
Zero (__iar_zero_init2)
    1 destination range, total size 0x9c8:
          0x00004a  0x9c8

Copy (__iar_copy_init2)
    1 source range, total size 0x3a:
          0x00be46   0x3a
    1 destination range, total size 0x3a:
          0x000010   0x3a



*******************************************************************************
*** MODULE SUMMARY
***

    Module                 ro code  ro data  rw data
    ------                 -------  -------  -------
F:\创力NB\我的工程\my_nb\project\Debug\Obj: [1]
    basic_fun.o                342        4        4
    bsp.o                       79                 2
    bsp_led.o                  157
    bsp_timer.o                702                50
    bsp_uart_fifo.o          1 833             2 269
    gprs.o                   3 593    2 146       12
    main.o                     637    1 175        4
    mcu_init.o                  51
    shell.o                    498      241       77
    stm8l15x_clk.o             311        5
    stm8l15x_gpio.o            241
    stm8l15x_it.o              182
    stm8l15x_tim1.o            252
    stm8l15x_usart.o           659
    ------------------------------------------------
    Total:                   9 537    3 571    2 418

command line: [2]
    ------------------------------------------------
    Total:

dbgstm8smd.a: [3]
    __dbg_break.o                1
    __dbg_xxexit.o              20
    ------------------------------------------------
    Total:                      21

dlstm8smf.a: [4]
    cexit.o                      5
    cstartup.o                  19
    errno.o                                        2
    exit.o                       3
    init.o                      23
    init_small.o                70
    interrupt.o                  3      128
    isxxx.o                     22
    long.o                     434
    long_util.o                118
    low_level_init.o             3
    memchr.o                    24
    memcpy.o                    37
    memset.o                    23
    move.o                      31
    printf.o                    32
    putchar.o                    7
    setlocale.o                 42                16
    short.o                     50
    sprintf.o                   62
    sscanf.o                    31
    strchr.o                    21
    strcmp.o                    34
    strlen.o                    18
    strstr.o                    68
    tolower.o                   18
    unhandled_exception.o        3
    vreg_util.o                402
    vregs.o                                       16
    xencoding_sb.o              75       16
    xfiles.o                             40      120
    xgetmemchunk.o              25                 2
    xlocale_c.o                 65
    xmbcurmax.o                  6
    xmbtowc.o                   33
    xprintfsmall.o           2 349       23
    xprout.o                    27
    xscanfsmall.o            1 729       28
    xsprout.o                   14
    xsscin.o                    39
    xstol.o                    197
    xstoul.o                   446       74
    xwctob.o                    50        8
    xwctomb.o                   28
    xxmemxfree.o               219
    xxmemxmalloc.o             258                 4
    ------------------------------------------------
    Total:                   7 163      317      160

    Linker created                       18      768
----------------------------------------------------
    Grand Total:            16 721    3 906    3 346


*******************************************************************************
*** ENTRY LIST
***

Entry                    Address   Size  Type      Object
-----                    -------   ----  ----      ------
.iar.init_table$$Base   0x00c572          --   Gb  - Linker created -
.iar.init_table$$Limit  0x00c584          --   Gb  - Linker created -
?add32_l0_l0_0x         0x009716         Code  Gb  long.o [4]
?add32_l0_l0_l1         0x009713         Code  Gb  long.o [4]
?and32_l0_l0_0x         0x009859         Code  Gb  long.o [4]
?and32_l0_l0_l1         0x009856         Code  Gb  long.o [4]
?b0                     0x000000         Data  Gb  vregs.o [4]
?b1                     0x000001         Data  Gb  vregs.o [4]
?b10                    0x00000a         Data  Gb  vregs.o [4]
?b11                    0x00000b         Data  Gb  vregs.o [4]
?b12                    0x00000c         Data  Gb  vregs.o [4]
?b13                    0x00000d         Data  Gb  vregs.o [4]
?b14                    0x00000e         Data  Gb  vregs.o [4]
?b15                    0x00000f         Data  Gb  vregs.o [4]
?b2                     0x000002         Data  Gb  vregs.o [4]
?b3                     0x000003         Data  Gb  vregs.o [4]
?b4                     0x000004         Data  Gb  vregs.o [4]
?b5                     0x000005         Data  Gb  vregs.o [4]
?b6                     0x000006         Data  Gb  vregs.o [4]
?b7                     0x000007         Data  Gb  vregs.o [4]
?b8                     0x000008         Data  Gb  vregs.o [4]
?b9                     0x000009         Data  Gb  vregs.o [4]
?dec32_0x_0x            0x0096ff         Code  Gb  long.o [4]
?dec32_l0_l0            0x0096fa         Code  Gb  long.o [4]
?e0                     0x000001         Data  Gb  vregs.o [4]
?e1                     0x000005         Data  Gb  vregs.o [4]
?e2                     0x000009         Data  Gb  vregs.o [4]
?e3                     0x00000d         Data  Gb  vregs.o [4]
?epilogue_l2            0x009971         Code  Gb  vreg_util.o [4]
?epilogue_l2_l3         0x00996e         Code  Gb  vreg_util.o [4]
?epilogue_l2_w6         0x009975         Code  Gb  vreg_util.o [4]
?epilogue_w4            0x00997c         Code  Gb  vreg_util.o [4]
?inc32_0x_0x            0x0096ec         Code  Gb  long.o [4]
?inc32_l0_l0            0x0096e7         Code  Gb  long.o [4]
?l0                     0x000000         Data  Gb  vregs.o [4]
?l1                     0x000004         Data  Gb  vregs.o [4]
?l2                     0x000008         Data  Gb  vregs.o [4]
?l3                     0x00000c         Data  Gb  vregs.o [4]
?load32_0x_l0           0x00b44c         Code  Gb  long_util.o [4]
?load32_0x_l2           0x00b46b         Code  Gb  long_util.o [4]
?load32_asp_l0          0x00b440         Code  Gb  long_util.o [4]
?load32_asp_l2          0x00b45f         Code  Gb  long_util.o [4]
?load32_dbsp_l0         0x00b43b         Code  Gb  long_util.o [4]
?load32_dbsp_l2         0x00b45a         Code  Gb  long_util.o [4]
?load32_l0_0x           0x00b413         Code  Gb  long_util.o [4]
?load32_l0_asp          0x00b408         Code  Gb  long_util.o [4]
?load32_l0_dbsp         0x00b403         Code  Gb  long_util.o [4]
?load32_l0_xsp          0x00b40a         Code  Gb  long_util.o [4]
?load32_l1_0x           0x00b42f         Code  Gb  long_util.o [4]
?load32_l1_asp          0x00b424         Code  Gb  long_util.o [4]
?load32_l1_dbsp         0x00b41f         Code  Gb  long_util.o [4]
?load32_l1_xsp          0x00b426         Code  Gb  long_util.o [4]
?load32_xsp_l0          0x00b442         Code  Gb  long_util.o [4]
?load32_xsp_l2          0x00b461         Code  Gb  long_util.o [4]
?mov_e0_e1              0x0099d0         Code  Gb  vreg_util.o [4]
?mov_e0_e2              0x0099dd         Code  Gb  vreg_util.o [4]
?mov_e0_e3              0x0099ea         Code  Gb  vreg_util.o [4]
?mov_e1_e0              0x0099f7         Code  Gb  vreg_util.o [4]
?mov_e2_e0              0x009a04         Code  Gb  vreg_util.o [4]
?mov_e3_e0              0x009a11         Code  Gb  vreg_util.o [4]
?mov_l0_l1              0x0099cd         Code  Gb  vreg_util.o [4]
?mov_l0_l2              0x0099da         Code  Gb  vreg_util.o [4]
?mov_l0_l3              0x0099e7         Code  Gb  vreg_util.o [4]
?mov_l1_l0              0x0099f4         Code  Gb  vreg_util.o [4]
?mov_l2_l0              0x009a01         Code  Gb  vreg_util.o [4]
?mov_l3_l0              0x009a0e         Code  Gb  vreg_util.o [4]
?mov_w0_w4              0x009980         Code  Gb  vreg_util.o [4]
?mov_w0_w5              0x009987         Code  Gb  vreg_util.o [4]
?mov_w0_w6              0x00998e         Code  Gb  vreg_util.o [4]
?mov_w0_w7              0x009995         Code  Gb  vreg_util.o [4]
?mov_w1_w3              0x0099d3         Code  Gb  vreg_util.o [4]
?mov_w1_w4              0x00999c         Code  Gb  vreg_util.o [4]
?mov_w1_w5              0x0099e0         Code  Gb  vreg_util.o [4]
?mov_w1_w7              0x0099ed         Code  Gb  vreg_util.o [4]
?mov_w2_w1              0x0099a3         Code  Gb  vreg_util.o [4]
?mov_w3_w0              0x0099aa         Code  Gb  vreg_util.o [4]
?mov_w3_w1              0x0099fa         Code  Gb  vreg_util.o [4]
?mov_w4_w0              0x0099b1         Code  Gb  vreg_util.o [4]
?mov_w4_w1              0x0099b8         Code  Gb  vreg_util.o [4]
?mov_w5_w0              0x0099bf         Code  Gb  vreg_util.o [4]
?mov_w5_w1              0x009a07         Code  Gb  vreg_util.o [4]
?mov_w6_w0              0x0099c6         Code  Gb  vreg_util.o [4]
?mov_w7_w1              0x009a14         Code  Gb  vreg_util.o [4]
?move1616_v_x_y_a       0x00c770         Code  Gb  move.o [4]
?move1616_v_x_y_tos16   0x00c75e         Code  Gb  move.o [4]
?mul16_x_x_w0           0x00c05b         Code  Gb  short.o [4]
?mul32_l0_l0_l1         0x009749         Code  Gb  long.o [4]
?neg32_l0_l0            0x0096d7         Code  Gb  long.o [4]
?pop_e3                 0x0098ef         Code  Gb  vreg_util.o [4]
?pop_l0                 0x00993a         Code  Gb  vreg_util.o [4]
?pop_l1                 0x009945         Code  Gb  vreg_util.o [4]
?pop_l2                 0x009950         Code  Gb  vreg_util.o [4]
?pop_l3                 0x00995b         Code  Gb  vreg_util.o [4]
?pop_w4                 0x0098ba         Code  Gb  vreg_util.o [4]
?pop_w6                 0x0098c1         Code  Gb  vreg_util.o [4]
?pop_w7                 0x0098c8         Code  Gb  vreg_util.o [4]
?push_e3                0x0098d7         Code  Gb  vreg_util.o [4]
?push_l0                0x009909         Code  Gb  vreg_util.o [4]
?push_l1                0x00990e         Code  Gb  vreg_util.o [4]
?push_l2                0x009913         Code  Gb  vreg_util.o [4]
?push_l3                0x009918         Code  Gb  vreg_util.o [4]
?push_w0                0x009889         Code  Gb  vreg_util.o [4]
?push_w1                0x00988e         Code  Gb  vreg_util.o [4]
?push_w4                0x009893         Code  Gb  vreg_util.o [4]
?push_w5                0x009898         Code  Gb  vreg_util.o [4]
?push_w6                0x00989d         Code  Gb  vreg_util.o [4]
?push_w7                0x0098a2         Code  Gb  vreg_util.o [4]
?scmp32_c_l0_l1         0x00983f         Code  Gb  long.o [4]
?sext16_x_a             0x00c086         Code  Gb  short.o [4]
?sext32_l0_a            0x00987c         Code  Gb  long.o [4]
?sext32_l0_x            0x009871         Code  Gb  long.o [4]
?sll16_x_x_a            0x00c079         Code  Gb  short.o [4]
?srl16_x_x_4            0x00c081         Code  Gb  short.o [4]
?sub32_l0_l0_0x         0x009731         Code  Gb  long.o [4]
?sub32_l0_l0_l1         0x00972e         Code  Gb  long.o [4]
?ucmp32_c_l0_l1         0x009834         Code  Gb  long.o [4]
?udiv32_l0_l0_l1        0x0097c7         Code  Gb  long.o [4]
?umod32_l1_l0_l1        0x0097c7         Code  Gb  long.o [4]
?w0                     0x000000         Data  Gb  vregs.o [4]
?w1                     0x000002         Data  Gb  vregs.o [4]
?w2                     0x000004         Data  Gb  vregs.o [4]
?w3                     0x000006         Data  Gb  vregs.o [4]
?w4                     0x000008         Data  Gb  vregs.o [4]
?w5                     0x00000a         Data  Gb  vregs.o [4]
?w6                     0x00000c         Data  Gb  vregs.o [4]
?w7                     0x00000e         Data  Gb  vregs.o [4]
ADC1_COMP_IRQHandler    0x00d08d    0x1  Code  Gb  stm8l15x_it.o [1]
AscToHex                0x00bcd2   0x3f  Code  Gb  basic_fun.o [1]
BufAscToHex             0x00b834   0x48  Code  Gb  basic_fun.o [1]
BufStrToASC             0x00ac6d   0xad  Code  Gb  basic_fun.o [1]
CLK_GetClockFreq        0x00b0d6   0x93  Code  Gb  stm8l15x_clk.o [1]
CLK_HSICmd              0x00cd20    0xe  Code  Gb  stm8l15x_clk.o [1]
CLK_PeripheralClockConfig
                        0x00b169   0x8e  Code  Gb  stm8l15x_clk.o [1]
CLK_SYSCLKDivConfig     0x00d04e    0x4  Code  Gb  stm8l15x_clk.o [1]
CLK_SYSCLKSourceConfig  0x00d04a    0x4  Code  Gb  stm8l15x_clk.o [1]
CSTACK$$Base            0x000d00          --   Gb  - Linker created -
CSTACK$$Limit           0x001000          --   Gb  - Linker created -
ComToUart               0x00c951   0x1c  Code  Gb  bsp_uart_fifo.o [1]
DMA1_CHANNEL0_1_IRQHandler
                        0x00d07d    0x1  Code  Gb  stm8l15x_it.o [1]
DMA1_CHANNEL2_3_IRQHandler
                        0x00d07e    0x1  Code  Gb  stm8l15x_it.o [1]
EXTI0_IRQHandler        0x00d083    0x1  Code  Gb  stm8l15x_it.o [1]
EXTI1_IRQHandler        0x00d084    0x1  Code  Gb  stm8l15x_it.o [1]
EXTI2_IRQHandler        0x00d085    0x1  Code  Gb  stm8l15x_it.o [1]
EXTI3_IRQHandler        0x00d086    0x1  Code  Gb  stm8l15x_it.o [1]
EXTI4_IRQHandler        0x00d087    0x1  Code  Gb  stm8l15x_it.o [1]
EXTI5_IRQHandler        0x00d088    0x1  Code  Gb  stm8l15x_it.o [1]
EXTI6_IRQHandler        0x00d089    0x1  Code  Gb  stm8l15x_it.o [1]
EXTI7_IRQHandler        0x00d08a    0x1  Code  Gb  stm8l15x_it.o [1]
EXTIB_G_IRQHandler      0x00d081    0x1  Code  Gb  stm8l15x_it.o [1]
EXTID_H_IRQHandler      0x00d082    0x1  Code  Gb  stm8l15x_it.o [1]
EXTIE_F_PVD_IRQHandler  0x00d080    0x1  Code  Gb  stm8l15x_it.o [1]
FLASH_IRQHandler        0x00d07c    0x1  Code  Gb  stm8l15x_it.o [1]
GPIO_ExternalPullUpConfig
                        0x00c149   0x2c  Code  Gb  stm8l15x_gpio.o [1]
GPIO_Init               0x00abbe   0xaf  Code  Gb  stm8l15x_gpio.o [1]
GPIO_ResetBits          0x00cee8    0x8  Code  Gb  stm8l15x_gpio.o [1]
GPIO_SetBits            0x00cf81    0x7  Code  Gb  stm8l15x_gpio.o [1]
GPIO_ToggleBits         0x00cf88    0x7  Code  Gb  stm8l15x_gpio.o [1]
HEAP$$Base              0x00004a          --   Gb  - Linker created -
HEAP$$Limit             0x00004a          --   Gb  - Linker created -
I2C1_SPI2_IRQHandler    0x00d091    0x1  Code  Gb  stm8l15x_it.o [1]
INTVEC$$Base            0x008000          --   Gb  - Linker created -
INTVEC$$Limit           0x008080          --   Gb  - Linker created -
InitHardUart            0x009f26  0x118  Code  Lc  bsp_uart_fifo.o [1]
LCD_AES_IRQHandler      0x00d08b    0x1  Code  Gb  stm8l15x_it.o [1]
LoadInt                 0x00bd11   0x3f  Code  Lc  xprintfsmall.o [4]
RCC_Configuration       0x00bff5   0x33  Code  Gb  mcu_init.o [1]
RS485_InitTXE           0x00cd58    0xd  Code  Gb  bsp_uart_fifo.o [1]
RS485_ReciveNew         0x00d07a    0x1  Code  Gb  bsp_uart_fifo.o [1]
RS485_SendBefor         0x00ce27    0x9  Code  Gb  bsp_uart_fifo.o [1]
RS485_SendOver          0x00ce30    0x9  Code  Gb  bsp_uart_fifo.o [1]
RTC_CSSLSE_IRQHandler   0x00d07f    0x1  Code  Gb  stm8l15x_it.o [1]
Region$$Table$$Base     0x00c572          --   Gb  - Linker created -
Region$$Table$$Limit    0x00c584          --   Gb  - Linker created -
SPI1_IRQHandler         0x00d090    0x1  Code  Gb  stm8l15x_it.o [1]
SWITCH_CSS_BREAK_DAC_IRQHandler
                        0x00d08c    0x1  Code  Gb  stm8l15x_it.o [1]
SYSDivFactor            0x00d007    0x5  Data  Gb  stm8l15x_clk.o [1]
TIM1_ARRPreloadConfig   0x00cd2e    0xe  Code  Gb  stm8l15x_tim1.o [1]
TIM1_CC_IRQHandler      0x00d08e    0x1  Code  Gb  stm8l15x_it.o [1]
TIM1_ClearITPendingBit  0x00ce39    0x9  Code  Gb  stm8l15x_tim1.o [1]
TIM1_Cmd                0x00cd3c    0xe  Code  Gb  stm8l15x_tim1.o [1]
TIM1_DeInit             0x00af15   0x99  Code  Gb  stm8l15x_tim1.o [1]
TIM1_ITConfig           0x00ca0f   0x1a  Code  Gb  stm8l15x_tim1.o [1]
TIM1_TimeBaseInit       0x00c4a4   0x24  Code  Gb  stm8l15x_tim1.o [1]
TIM1_UPD_OVF_TRG_COM_IRQHandler
                        0x00c9bf   0x1b  Code  Gb  stm8l15x_it.o [1]
TIM2_CC_USART2_RX_IRQHandler
                        0x00cb77   0x16  Code  Gb  stm8l15x_it.o [1]
TIM2_UPD_OVF_TRG_BRK_USART2_TX_IRQHandler
                        0x00cb61   0x16  Code  Gb  stm8l15x_it.o [1]
TIM3_CC_USART3_RX_IRQHandler
                        0x00cba3   0x16  Code  Gb  stm8l15x_it.o [1]
TIM3_UPD_OVF_TRG_BRK_USART3_TX_IRQHandler
                        0x00cb8d   0x16  Code  Gb  stm8l15x_it.o [1]
TIM4_UPD_OVF_TRG_IRQHandler
                        0x00d08f    0x1  Code  Gb  stm8l15x_it.o [1]
TRAP_IRQHandler         0x00d07b    0x1  Code  Gb  stm8l15x_it.o [1]
Timer_ISR               0x00ae6e   0xa7  Code  Gb  bsp_timer.o [1]
TwoAscTOHex             0x00c989   0x1b  Code  Gb  basic_fun.o [1]
USART1_IRQ_RECV         0x00cf5e    0x7  Code  Gb  bsp_uart_fifo.o [1]
USART1_IRQ_SEND         0x00cf57    0x7  Code  Gb  bsp_uart_fifo.o [1]
USART1_RX_TIM5_CC_IRQHandler
                        0x00cbcf   0x16  Code  Gb  stm8l15x_it.o [1]
USART1_TX_TIM5_UPD_OVF_TRG_BRK_IRQHandler
                        0x00cbb9   0x16  Code  Gb  stm8l15x_it.o [1]
USART2_IRQ_RECV         0x00cf6c    0x7  Code  Gb  bsp_uart_fifo.o [1]
USART2_IRQ_SEND         0x00cf65    0x7  Code  Gb  bsp_uart_fifo.o [1]
USART3_IRQ_RECV         0x00cf7a    0x7  Code  Gb  bsp_uart_fifo.o [1]
USART3_IRQ_SEND         0x00cf73    0x7  Code  Gb  bsp_uart_fifo.o [1]
USART_ClearFlag         0x00d016    0x5  Code  Gb  stm8l15x_usart.o [1]
USART_ClearITPendingBit
                        0x00d01b    0x5  Code  Gb  stm8l15x_usart.o [1]
USART_Cmd               0x00c175   0x2b  Code  Gb  stm8l15x_usart.o [1]
USART_DeInit            0x00bd8e   0x3e  Code  Gb  stm8l15x_usart.o [1]
USART_GetITStatus       0x00ad1a   0xac  Code  Gb  stm8l15x_usart.o [1]
USART_ITConfig          0x00afae   0x94  Code  Gb  stm8l15x_usart.o [1]
USART_Init              0x00a8bf   0xd3  Code  Gb  stm8l15x_usart.o [1]
USART_ReceiveData8      0x00d011    0x5  Code  Gb  stm8l15x_usart.o [1]
USART_SendData8         0x00cef0    0x8  Code  Gb  stm8l15x_usart.o [1]
UartGetChar             0x00b283   0x86  Code  Lc  bsp_uart_fifo.o [1]
UartIRQ_Recv            0x00a53f   0xe8  Code  Lc  bsp_uart_fifo.o [1]
UartIRQ_Send            0x009b8c  0x136  Code  Lc  bsp_uart_fifo.o [1]
UartSend                0x00ab0c   0xb2  Code  Lc  bsp_uart_fifo.o [1]
UartVarInit             0x00a627   0xdf  Code  Lc  bsp_uart_fifo.o [1]
Uart_Running_Init       0x00cd11    0xf  Code  Gb  main.o [1]
_EncodingSb_Mbtowc      0x00c028   0x33  Code  Gb  xencoding_sb.o [4]
_EncodingSb_Wctomb      0x00cad6   0x18  Code  Gb  xencoding_sb.o [4]
_Get                    0x00b98d   0x17  Code  Lc  xscanfsmall.o [4]
_GetN                   0x00b9a4   0x2c  Code  Lc  xscanfsmall.o [4]
_GetfldSmall            0x00b309   0x7f  Code  Lc  xscanfsmall.o [4]
_GetintSmall            0x008fa9  0x1d5  Code  Lc  xscanfsmall.o [4]
_GetstrSmall            0x008bf0  0x1de  Code  Lc  xscanfsmall.o [4]
_LitobSmall             0x009a1b  0x171  Code  Lc  xprintfsmall.o [4]
_LocaleC_isspace        0x00ca8d   0x19  Code  Gb  xlocale_c.o [4]
_LocaleC_isupper        0x00cd01   0x10  Code  Gb  xlocale_c.o [4]
_LocaleC_tolower        0x00caee   0x18  Code  Gb  xlocale_c.o [4]
_LocaleEncoding         0x00cd7d    0xc  Code  Gb  setlocale.o [4]
_LocaleForCat           0x00cc99   0x13  Code  Gb  setlocale.o [4]
_Locale_Profile         0x0009dc    0xe  Data  Gb  setlocale.o [4]
_Mbtowc                 0x00c551   0x21  Code  Gb  xmbtowc.o [4]
_PrintfSmall            0x008080  0x43a  Code  Gb  xprintfsmall.o [4]
_Prout                  0x00c9da   0x1b  Code  Gb  xprout.o [4]
_PutcharSmall           0x00c0ee   0x2f  Code  Lc  xprintfsmall.o [4]
_PutcharsSmall          0x00bf8d   0x35  Code  Lc  xprintfsmall.o [4]
_PutstrSmall            0x008dce  0x1db  Code  Lc  xprintfsmall.o [4]
_SProut                 0x00cd4a    0xe  Code  Gb  xsprout.o [4]
_SScin                  0x00c30e   0x27  Code  Gb  xsscin.o [4]
_ScanfSmall             0x00917e  0x1d1  Code  Gb  xscanfsmall.o [4]
_UngetN                 0x00c246   0x29  Code  Lc  xscanfsmall.o [4]
_Wctomb                 0x00c96d   0x1c  Code  Gb  xwctomb.o [4]
__DebugBreak            0x00d092    0x1  Code  Gb  __dbg_break.o [3]
__exit                  0x00cc4c   0x14  Code  Gb  __dbg_xxexit.o [3]
__iar_Errno             0x000a0a    0x2  Data  Gb  errno.o [4]
__iar_Mbcurmax          0x00cfe8    0x6  Code  Gb  xmbcurmax.o [4]
__iar_Memchr            0x00cabe   0x18  Code  Gb  memchr.o [4]
__iar_Stdout            0x000022   0x28  Data  Gb  xfiles.o [4]
__iar_Stolx             0x00a992   0xc5  Code  Gb  xstol.o [4]
__iar_Stoul             0x0096d0    0x7  Code  Gb  xstoul.o [4]
__iar_Stoulx            0x009519  0x1b7  Code  Gb  xstoul.o [4]
__iar_Strchr            0x00cc0f   0x15  Code  Gb  strchr.o [4]
__iar_Strstr            0x00b8c3   0x44  Code  Gb  strstr.o [4]
__iar_Tls_setup__Locale_Profile
                        0x000a06    0x2  Data  Gb  setlocale.o [4]
__iar_Wctob             0x00c08d   0x32  Code  Gb  xwctob.o [4]
__iar_copy_init2        0x00c2bf         Code  Gb  init_small.o [4]
__iar_data_init2        0x00cb34   0x17  Code  Gb  init.o [4]
__iar_program_start     0x00cc86         Code  Gb  cstartup.o [4]
__iar_unhandled_exception
                        0x00d06e         Code  Gb  unhandled_exception.o [4]
__iar_zero_init2        0x00c7f6         Code  Gb  init_small.o [4]
__intvec                0x008000         Data  Gb  interrupt.o [4]
__low_level_init        0x00d068    0x3  Code  Gb  low_level_init.o [4]
__near_Aldata           0x0009fa    0x4  Data  Gb  xxmemxmalloc.o [4]
__near_GetMemChunk      0x00ca74   0x19  Code  Gb  xgetmemchunk.o [4]
__near_findmem          0x00b62a   0x5f  Code  Lc  xxmemxmalloc.o [4]
_exit                   0x00d039         Code  Gb  cexit.o [4]
_interrupt_1            0x00d07b         Code  Gb  stm8l15x_it.o [1]
_interrupt_10           0x00d083         Code  Gb  stm8l15x_it.o [1]
_interrupt_11           0x00d084         Code  Gb  stm8l15x_it.o [1]
_interrupt_12           0x00d085         Code  Gb  stm8l15x_it.o [1]
_interrupt_13           0x00d086         Code  Gb  stm8l15x_it.o [1]
_interrupt_14           0x00d087         Code  Gb  stm8l15x_it.o [1]
_interrupt_15           0x00d088         Code  Gb  stm8l15x_it.o [1]
_interrupt_16           0x00d089         Code  Gb  stm8l15x_it.o [1]
_interrupt_17           0x00d08a         Code  Gb  stm8l15x_it.o [1]
_interrupt_18           0x00d08b         Code  Gb  stm8l15x_it.o [1]
_interrupt_19           0x00d08c         Code  Gb  stm8l15x_it.o [1]
_interrupt_20           0x00d08d         Code  Gb  stm8l15x_it.o [1]
_interrupt_21           0x00cb61         Code  Gb  stm8l15x_it.o [1]
_interrupt_22           0x00cb77         Code  Gb  stm8l15x_it.o [1]
_interrupt_23           0x00cb8d         Code  Gb  stm8l15x_it.o [1]
_interrupt_24           0x00cba3         Code  Gb  stm8l15x_it.o [1]
_interrupt_25           0x00c9bf         Code  Gb  stm8l15x_it.o [1]
_interrupt_26           0x00d08e         Code  Gb  stm8l15x_it.o [1]
_interrupt_27           0x00d08f         Code  Gb  stm8l15x_it.o [1]
_interrupt_28           0x00d090         Code  Gb  stm8l15x_it.o [1]
_interrupt_29           0x00cbb9         Code  Gb  stm8l15x_it.o [1]
_interrupt_3            0x00d07c         Code  Gb  stm8l15x_it.o [1]
_interrupt_30           0x00cbcf         Code  Gb  stm8l15x_it.o [1]
_interrupt_31           0x00d091         Code  Gb  stm8l15x_it.o [1]
_interrupt_4            0x00d07d         Code  Gb  stm8l15x_it.o [1]
_interrupt_5            0x00d07e         Code  Gb  stm8l15x_it.o [1]
_interrupt_6            0x00d07f         Code  Gb  stm8l15x_it.o [1]
_interrupt_7            0x00d080         Code  Gb  stm8l15x_it.o [1]
_interrupt_8            0x00d081         Code  Gb  stm8l15x_it.o [1]
_interrupt_9            0x00d082         Code  Gb  stm8l15x_it.o [1]
at                      0x00b1f7   0x8c  Code  Lc  shell.o [1]
bc95_check_cmd          0x00c7d8   0x1e  Code  Lc  gprs.o [1]
bc95_cmd_recv_back      0x00aa57   0xb5  Code  Lc  gprs.o [1]
bc95_err_cnt            0x00c1ca   0x2a  Code  Lc  gprs.o [1]
bc95_modem_init         0x0084ba  0x336  Code  Gb  gprs.o [1]
bc95_read_onebyte       0x00b7e9   0x4b  Code  Lc  gprs.o [1]
bc95_recv_ret_line      0x00934f  0x1ca  Code  Lc  gprs.o [1]
bc95_send_at            0x00b5c4   0x66  Code  Lc  gprs.o [1]
bc95_send_cmd           0x00a153  0x110  Code  Lc  gprs.o [1]
bc95_state_check        0x00b479   0x71  Code  Gb  gprs.o [1]
bsp_CheckTimer          0x00beb7   0x36  Code  Gb  bsp_timer.o [1]
bsp_DelayMS             0x00b87c   0x47  Code  Gb  bsp_timer.o [1]
bsp_Idle                0x00d079    0x1  Code  Gb  bsp.o [1]
bsp_Init                0x00cdbe    0xa  Code  Gb  bsp.o [1]
bsp_InitHardTimer       0x00c480   0x24  Code  Gb  bsp_timer.o [1]
bsp_InitLed             0x00bfc2   0x33  Code  Gb  bsp_led.o [1]
bsp_InitTimer           0x00b4ea   0x6f  Code  Gb  bsp_timer.o [1]
bsp_InitUart            0x00cdc8    0xa  Code  Gb  bsp_uart_fifo.o [1]
bsp_LedOff              0x00bf23   0x35  Code  Gb  bsp_led.o [1]
bsp_LedToggle           0x00bf58   0x35  Code  Gb  bsp_led.o [1]
bsp_RunPer10ms          0x00b907   0x43  Code  Gb  bsp.o [1]
bsp_RunPer1ms           0x00d078    0x1  Code  Gb  bsp.o [1]
bsp_SoftTimerDec        0x00b797   0x52  Code  Lc  bsp_timer.o [1]
bsp_StartAutoTimer      0x00b689   0x5b  Code  Gb  bsp_timer.o [1]
bsp_StartTimer          0x00b6e4   0x5a  Code  Gb  bsp_timer.o [1]
chvalid                 0x00c530   0x21  Code  Lc  xscanfsmall.o [4]
cmd_fun                 0x000016    0xc  Data  Lc  shell.o [1]
comClearRxFifo          0x00b73e   0x59  Code  Gb  bsp_uart_fifo.o [1]
comGetChar              0x00c2e7   0x27  Code  Gb  bsp_uart_fifo.o [1]
comSendBuf              0x00b9d0   0x42  Code  Gb  bsp_uart_fifo.o [1]
comSendChar             0x00c9a4   0x1b  Code  Gb  bsp_uart_fifo.o [1]
debug_level             0x000010    0x4  Data  Lc  basic_fun.o [1]
digits                  0x00c3a5   0x25  Data  Lc  xstoul.o [4]
err_cnt                 0x0009ea    0x8  Data  Lc  gprs.o [1]
exit                    0x00d06b    0x3  Code  Gb  exit.o [4]
fputc                   0x00cbfa   0x15  Code  Gb  bsp_uart_fifo.o [1]
free                    0x00a7e4   0xdb  Code  Gb  xxmemxfree.o [4]
g_RxBuf1                0x00024a  0x200  Data  Lc  bsp_uart_fifo.o [1]
g_RxBuf2                0x00064a  0x200  Data  Lc  bsp_uart_fifo.o [1]
g_RxBuf3                0x0008da   0x40  Data  Lc  bsp_uart_fifo.o [1]
g_TxBuf1                0x00004a  0x200  Data  Lc  bsp_uart_fifo.o [1]
g_TxBuf2                0x00044a  0x200  Data  Lc  bsp_uart_fifo.o [1]
g_TxBuf3                0x00089a   0x40  Data  Lc  bsp_uart_fifo.o [1]
g_iRunTime              0x0009f6    0x4  Data  Gb  bsp_timer.o [1]
g_tUart1                0x000982   0x1e  Data  Gb  bsp_uart_fifo.o [1]
g_tUart2                0x0009a0   0x1e  Data  Gb  bsp_uart_fifo.o [1]
g_tUart3                0x0009be   0x1e  Data  Gb  bsp_uart_fifo.o [1]
get_debug_level         0x00cf50    0x7  Code  Gb  basic_fun.o [1]
gprs_debug_thread       0x009cc2  0x133  Code  Lc  main.o [1]
gprs_func_thread        0x00a453   0xec  Code  Lc  main.o [1]
isspace                 0x00cd71    0xc  Code  Gb  isxxx.o [4]
line_position           0x000a11    0x1  Data  Lc  shell.o [1]
list_all_cmd            0x00b94a   0x43  Code  Lc  shell.o [1]
main                    0x00be0a   0x3c  Code  Gb  main.o [1]
malloc                  0x00b042   0x94  Code  Gb  xxmemxmalloc.o [4]
memcpy                  0x00c3ef   0x25  Code  Gb  memcpy.o [4]
memset                  0x00cb1d   0x17  Code  Gb  memset.o [4]
mid_globle              0x000a02    0x2  Data  Gb  main.o [1]
model_sta               0x000a04    0x2  Data  Gb  main.o [1]
ndigs                   0x00c3ca   0x25  Data  Lc  xstoul.o [4]
neul_bc95_get_cereg     0x00a706   0xde  Code  Lc  gprs.o [1]
neul_bc95_get_csq       0x00a361   0xf2  Code  Lc  gprs.o [1]
neul_bc95_get_netstat   0x00a263   0xfe  Code  Lc  gprs.o [1]
neul_bc95_get_time      0x009df5  0x131  Code  Lc  gprs.o [1]
neul_bc95_reboot        0x00c8fc   0x1d  Code  Lc  gprs.o [1]
neul_bc95_reset_netstat
                        0x00bd50   0x3e  Code  Lc  gprs.o [1]
neul_bc95_set_band      0x00b559   0x6b  Code  Lc  gprs.o [1]
neul_bc95_set_cdpserver
                        0x00a03e  0x115  Code  Lc  gprs.o [1]
obuf                    0x00084a   0x50  Data  Lc  xfiles.o [4]
pad                     0x00beed   0x36  Code  Lc  xprintfsmall.o [4]
printf                  0x00c684   0x20  Code  Gb  printf.o [4]
putchar                 0x00cfa4    0x7  Code  Gb  putchar.o [4]
s_tTmr                  0x00095a   0x28  Data  Lc  bsp_timer.o [1]
s_ucTimeOutFlag         0x000a0c    0x1  Data  Lc  bsp_timer.o [1]
s_uiDelayCount          0x0009f2    0x4  Data  Lc  bsp_timer.o [1]
shell_cmd_run           0x00adc6   0xa8  Code  Gb  shell.o [1]
shell_line              0x00091a   0x40  Data  Lc  shell.o [1]
shell_thread            0x00b388   0x7b  Code  Gb  shell.o [1]
sprintf                 0x00bdcc   0x3e  Code  Gb  sprintf.o [4]
sscanf                  0x00c77d   0x1f  Code  Gb  sscanf.o [4]
strcmp                  0x00c50e   0x22  Code  Gb  strcmp.o [4]
strlen                  0x00ccac   0x12  Code  Gb  strlen.o [4]
strstr                  0x00cc73   0x13  Code  Gb  main.o [1]
tolower                 0x00ccbe   0x12  Code  Gb  tolower.o [4]
uart1_recv_finish       0x000a0e    0x1  Data  Lc  bsp_uart_fifo.o [1]
uart2_recv_finish       0x000a0f    0x1  Data  Lc  bsp_uart_fifo.o [1]
uart3_recv_finish       0x000a10    0x1  Data  Lc  bsp_uart_fifo.o [1]
uart_recv_finish_clr    0x00be80   0x37  Code  Gb  bsp_uart_fifo.o [1]
uart_recv_finish_get    0x00c4eb   0x23  Code  Gb  bsp_uart_fifo.o [1]
uart_recv_finish_set    0x00c664   0x20  Code  Lc  bsp_uart_fifo.o [1]


[1] = F:\创力NB\我的工程\my_nb\project\Debug\Obj
[2] = command line
[3] = dbgstm8smd.a
[4] = dlstm8smf.a

  16 721 bytes of readonly  code memory
   3 906 bytes of readonly  data memory
   3 346 bytes of readwrite data memory

Errors: none
Warnings: none
