###############################################################################
#
# IAR ELF Linker V2.20.1.176 for STM8                     28/Sep/2018  14:14:07
# Copyright 2010-2015 IAR Systems AB.
#
#    Output file  =  F:\创力NB\我的工程\my_nb\project\Debug\Exe\project.out
#    Map file     =  F:\创力NB\我的工程\my_nb\project\Debug\List\project.map
#    Command line =  
#        F:\创力NB\我的工程\my_nb\project\Debug\Obj\basic_fun.o
#        F:\创力NB\我的工程\my_nb\project\Debug\Obj\BC95.o
#        F:\创力NB\我的工程\my_nb\project\Debug\Obj\bsp.o
#        F:\创力NB\我的工程\my_nb\project\Debug\Obj\bsp_led.o
#        F:\创力NB\我的工程\my_nb\project\Debug\Obj\bsp_timer.o
#        F:\创力NB\我的工程\my_nb\project\Debug\Obj\bsp_uart_fifo.o
#        F:\创力NB\我的工程\my_nb\project\Debug\Obj\Globaldata.o
#        F:\创力NB\我的工程\my_nb\project\Debug\Obj\main.o
#        F:\创力NB\我的工程\my_nb\project\Debug\Obj\mcu_init.o
#        F:\创力NB\我的工程\my_nb\project\Debug\Obj\nbiot_config.o
#        F:\创力NB\我的工程\my_nb\project\Debug\Obj\nbiot_func.o
#        F:\创力NB\我的工程\my_nb\project\Debug\Obj\net_app_coap.o
#        F:\创力NB\我的工程\my_nb\project\Debug\Obj\net_app_nbiot.o
#        F:\创力NB\我的工程\my_nb\project\Debug\Obj\net_platform_config.o
#        F:\创力NB\我的工程\my_nb\project\Debug\Obj\Pulse_Acquire.o
#        F:\创力NB\我的工程\my_nb\project\Debug\Obj\rtc.o
#        F:\创力NB\我的工程\my_nb\project\Debug\Obj\Save.o
#        F:\创力NB\我的工程\my_nb\project\Debug\Obj\shell.o
#        F:\创力NB\我的工程\my_nb\project\Debug\Obj\stm8l15x_adc.o
#        F:\创力NB\我的工程\my_nb\project\Debug\Obj\stm8l15x_clk.o
#        F:\创力NB\我的工程\my_nb\project\Debug\Obj\stm8l15x_exti.o
#        F:\创力NB\我的工程\my_nb\project\Debug\Obj\stm8l15x_flash.o
#        F:\创力NB\我的工程\my_nb\project\Debug\Obj\stm8l15x_gpio.o
#        F:\创力NB\我的工程\my_nb\project\Debug\Obj\stm8l15x_it.o
#        F:\创力NB\我的工程\my_nb\project\Debug\Obj\stm8l15x_itc.o
#        F:\创力NB\我的工程\my_nb\project\Debug\Obj\stm8l15x_iwdg.o
#        F:\创力NB\我的工程\my_nb\project\Debug\Obj\stm8l15x_pwr.o
#        F:\创力NB\我的工程\my_nb\project\Debug\Obj\stm8l15x_rst.o
#        F:\创力NB\我的工程\my_nb\project\Debug\Obj\stm8l15x_rtc.o
#        F:\创力NB\我的工程\my_nb\project\Debug\Obj\stm8l15x_syscfg.o
#        F:\创力NB\我的工程\my_nb\project\Debug\Obj\stm8l15x_tim1.o
#        F:\创力NB\我的工程\my_nb\project\Debug\Obj\stm8l15x_tim2.o
#        F:\创力NB\我的工程\my_nb\project\Debug\Obj\stm8l15x_tim3.o
#        F:\创力NB\我的工程\my_nb\project\Debug\Obj\stm8l15x_tim4.o
#        F:\创力NB\我的工程\my_nb\project\Debug\Obj\stm8l15x_tim5.o
#        F:\创力NB\我的工程\my_nb\project\Debug\Obj\stm8l15x_usart.o
#        F:\创力NB\我的工程\my_nb\project\Debug\Obj\stm8l15x_wfe.o
#        F:\创力NB\我的工程\my_nb\project\Debug\Obj\stm8l15x_wwdg.o
#        F:\创力NB\我的工程\my_nb\project\Debug\Obj\sys.o
#        F:\创力NB\我的工程\my_nb\project\Debug\Obj\Sys_Timer.o
#        F:\创力NB\我的工程\my_nb\project\Debug\Obj\Temperature.o
#        F:\创力NB\我的工程\my_nb\project\Debug\Obj\uart.o --redirect
#        _Printf=_PrintfSmall --redirect _Scanf=_ScanfSmall -o
#        F:\创力NB\我的工程\my_nb\project\Debug\Exe\project.out --map
#        F:\创力NB\我的工程\my_nb\project\Debug\List\project.map --config
#        "C:\Program Files (x86)\IAR Systems\Embedded Workbench
#        7.3\stm8\config\lnkstm8l052r8.icf" --config_def _CSTACK_SIZE=0x100
#        --config_def _HEAP_SIZE=0x100 --entry __iar_program_start --debug_lib
#
###############################################################################

*******************************************************************************
*** RUNTIME MODEL ATTRIBUTES
***

__Heap_Handler             = Basic
__SystemLibrary            = DLib
__code_model               = small
__core                     = stm8
__data_model               = medium
__dlib_file_descriptor     = 1
__dlib_full_locale_support = 1
__rt_version               = 4


*******************************************************************************
*** PLACEMENT SUMMARY
***

"A1":  place at start of [0x000000-0x0000ff] { rw section .vregs };
"A2":  place at end of [0x000000-0x000fff] { block CSTACK };
"P2":  place in [from 0x000000 to 0x000fff] {
          block HEAP, rw section __DLIB_PERTHREAD, rw section .far.bss,
          rw section .far.data, rw section .far.noinit,
          rw section .far_func.textrw, rw section .huge.bss,
          rw section .huge.data, rw section .huge.noinit,
          rw section .huge_func.textrw, rw section .iar.dynexit,
          rw section .near.bss, rw section .near.data, rw section .near.noinit,
          rw section .near_func.textrw };
"A3":  place at start of [0x008000-0x00ffff] { block INTVEC };
"P3":  place in [from 0x008000 to 0x00ffff] {
          ro section __DLIB_PERTHREAD_init, ro section .far.data_init,
          ro section .far_func.textrw_init, ro section .huge.data_init,
          ro section .huge_func.textrw_init, ro section .iar.init_table,
          ro section .init_array, ro section .near.data_init,
          ro section .near.rodata, ro section .near_func.text,
          ro section .near_func.textrw_init, ro section .tiny.data_init,
          ro section .tiny.rodata_init };

  Section            Kind      Address    Size  Object
  -------            ----      -------    ----  ------
"A1":                                     0x10
  .vregs             uninit   0x000000    0x10  vregs.o [4]
                            - 0x000010    0x10

"P2", part 1 of 3:                        0x2c
  P2-1                        0x000010    0x2c  <Init block>
    .near.data       inited   0x000010     0x4  basic_fun.o [1]
    .near.data       inited   0x000014    0x28  xfiles.o [4]
                            - 0x00003c    0x2c

"P2", part 2 of 3:                       0x100
  HEAP                        0x00003c   0x100  <Block>
    HEAP             uninit   0x00003c   0x100  <Block tail>
                            - 0x00013c   0x100

"P2", part 3 of 3:                       0xcf4
  .near.bss          zero     0x00013c   0x200  bsp_uart_fifo.o [1]
  .near.bss          zero     0x00033c   0x200  bsp_uart_fifo.o [1]
  .near.bss          zero     0x00053c   0x200  bsp_uart_fifo.o [1]
  .near.bss          zero     0x00073c   0x200  bsp_uart_fifo.o [1]
  .near.bss          zero     0x00093c   0x172  net_platform_config.o [1]
  .near.bss          zero     0x000aae   0x12e  BC95.o [1]
  .near.bss          zero     0x000bdc    0xa0  Sys_Timer.o [1]
  .near.bss          zero     0x000c7c    0x50  xfiles.o [4]
  .near.bss          zero     0x000ccc    0x40  bsp_uart_fifo.o [1]
  .near.bss          zero     0x000d0c    0x40  bsp_uart_fifo.o [1]
  .near.bss          zero     0x000d4c    0x28  bsp_timer.o [1]
  .near.bss          zero     0x000d74    0x22  Globaldata.o [1]
  .near.bss          zero     0x000d96    0x1f  bsp_uart_fifo.o [1]
  .near.bss          zero     0x000db5    0x1f  bsp_uart_fifo.o [1]
  .near.bss          zero     0x000dd4    0x1f  bsp_uart_fifo.o [1]
  .near.bss          zero     0x000df3     0xe  setlocale.o [4]
  .near.bss          zero     0x000e01     0x7  Pulse_Acquire.o [1]
  .near.bss          zero     0x000e08     0x4  bsp_timer.o [1]
  .near.bss          zero     0x000e0c     0x4  bsp_timer.o [1]
  .near.bss          zero     0x000e10     0x4  Globaldata.o [1]
  .near.bss          zero     0x000e14     0x4  Globaldata.o [1]
  .near.bss          zero     0x000e18     0x4  sys.o [1]
  .near.bss          zero     0x000e1c     0x4  xxmemxmalloc.o [4]
  .near.bss          zero     0x000e20     0x2  bsp.o [1]
  .near.bss          zero     0x000e22     0x2  Globaldata.o [1]
  .near.bss          zero     0x000e24     0x2  main.o [1]
  .near.bss          zero     0x000e26     0x2  setlocale.o [4]
  .near.bss          zero     0x000e28     0x2  xgetmemchunk.o [4]
  .near.bss          zero     0x000e2a     0x2  errno.o [4]
  .near.bss          zero     0x000e2c     0x1  bsp_timer.o [1]
  .near.bss          zero     0x000e2d     0x1  bsp_timer.o [1]
  .near.bss          zero     0x000e2e     0x1  net_app_nbiot.o [1]
  .near.bss          zero     0x000e2f     0x1  Sys_Timer.o [1]
                            - 0x000e30   0xcf4

"A2":                                    0x100
  CSTACK                      0x000f00   0x100  <Block>
    CSTACK           uninit   0x000f00   0x100  <Block tail>
                            - 0x001000   0x100

"A3":                                     0x80
  INTVEC                      0x008000    0x80  <Block>
    .intvec          const    0x008000    0x80  interrupt.o [4]
                            - 0x008080    0x80

"P3":                                   0x71d3
  .near_func.text    ro code  0x008080   0x43a  xprintfsmall.o [4]
  .near_func.text    ro code  0x0084ba   0x3f0  net_app_coap.o [1]
  .near_func.text    ro code  0x0088aa   0x1de  xscanfsmall.o [4]
  .near_func.text    ro code  0x008a88   0x1db  xprintfsmall.o [4]
  .near_func.text    ro code  0x008c63   0x1d5  xscanfsmall.o [4]
  .near_func.text    ro code  0x008e38   0x1d1  xscanfsmall.o [4]
  .near_func.text    ro code  0x009009   0x1ca  nbiot_func.o [1]
  .near_func.text    ro code  0x0091d3   0x1ca  long.o [4]
  .near_func.text    ro code  0x00939d   0x1be  xstoul.o [4]
  .near_func.text    ro code  0x00955b   0x1ad  vreg_util.o [4]
  .near_func.text    ro code  0x009708   0x19f  nbiot_func.o [1]
  .near_func.text    ro code  0x0098a7   0x19d  net_app_coap.o [1]
  .near_func.text    ro code  0x009a44   0x192  Sys_Timer.o [1]
  .near_func.text    ro code  0x009bd6   0x171  xprintfsmall.o [4]
  .near_func.text    ro code  0x009d47   0x15b  net_app_coap.o [1]
  .near_func.text    ro code  0x009ea2   0x140  Pulse_Acquire.o [1]
  .near_func.text    ro code  0x009fe2   0x140  rtc.o [1]
  .near_func.text    ro code  0x00a122   0x136  bsp_uart_fifo.o [1]
  .near_func.text    ro code  0x00a258   0x120  net_app_coap.o [1]
  .near_func.text    ro code  0x00a378   0x118  bsp_uart_fifo.o [1]
  .near_func.text    ro code  0x00a490   0x10d  net_app_coap.o [1]
  .near_func.text    ro code  0x00a59d   0x10b  nbiot_func.o [1]
  .near_func.text    ro code  0x00a6a8   0x101  Save.o [1]
  .near.rodata       const    0x00a7a9   0x100  nbiot_func.o [1]
  .near_func.text    ro code  0x00a8a9    0xeb  bsp_uart_fifo.o [1]
  .near_func.text    ro code  0x00a994    0xe8  bsp_uart_fifo.o [1]
  .near_func.text    ro code  0x00aa7c    0xe8  nbiot_config.o [1]
  .near_func.text    ro code  0x00ab64    0xe3  net_app_coap.o [1]
  .near_func.text    ro code  0x00ac47    0xdb  xxmemxfree.o [4]
  .near_func.text    ro code  0x00ad22    0xd3  Save.o [1]
  .near_func.text    ro code  0x00adf5    0xd3  stm8l15x_usart.o [1]
  .near_func.text    ro code  0x00aec8    0xc5  xstol.o [4]
  .near_func.text    ro code  0x00af8d    0xbf  nbiot_func.o [1]
  .near_func.text    ro code  0x00b04c    0xbe  nbiot_func.o [1]
  .near_func.text    ro code  0x00b10a    0xbd  net_app_coap.o [1]
  .near_func.text    ro code  0x00b1c7    0xb8  nbiot_func.o [1]
  .near_func.text    ro code  0x00b27f    0xb8  net_app_coap.o [1]
  .near_func.text    ro code  0x00b337    0xb5  nbiot_func.o [1]
  .near_func.text    ro code  0x00b3ec    0xb2  bsp_uart_fifo.o [1]
  .near_func.text    ro code  0x00b49e    0xaf  nbiot_func.o [1]
  .near_func.text    ro code  0x00b54d    0xaf  stm8l15x_gpio.o [1]
  .near_func.text    ro code  0x00b5fc    0xad  net_app_coap.o [1]
  .near_func.text    ro code  0x00b6a9    0xac  stm8l15x_usart.o [1]
  .near.rodata       const    0x00b755    0xab  nbiot_func.o [1]
  .near_func.text    ro code  0x00b800    0xa7  bsp_timer.o [1]
  .near_func.text    ro code  0x00b8a7    0xa2  Save.o [1]
  .near_func.text    ro code  0x00b949    0xa0  nbiot_func.o [1]
  .near_func.text    ro code  0x00b9e9    0x9f  net_app_coap.o [1]
  .near_func.text    ro code  0x00ba88    0x9f  net_app_coap.o [1]
  .near_func.text    ro code  0x00bb27    0x9e  nbiot_func.o [1]
  .near_func.text    ro code  0x00bbc5    0x9c  net_app_coap.o [1]
  .near_func.text    ro code  0x00bc61    0x9a  nbiot_func.o [1]
  .near_func.text    ro code  0x00bcfb    0x9a  nbiot_func.o [1]
  .near_func.text    ro code  0x00bd95    0x99  stm8l15x_tim1.o [1]
  .near_func.text    ro code  0x00be2e    0x94  net_app_coap.o [1]
  .near_func.text    ro code  0x00bec2    0x94  stm8l15x_usart.o [1]
  .near_func.text    ro code  0x00bf56    0x94  xxmemxmalloc.o [4]
  .near_func.text    ro code  0x00bfea    0x93  stm8l15x_clk.o [1]
  .near_func.text    ro code  0x00c07d    0x90  nbiot_func.o [1]
  .near_func.text    ro code  0x00c10d    0x8e  stm8l15x_clk.o [1]
  .near_func.text    ro code  0x00c19b    0x8b  nbiot_func.o [1]
  .near_func.text    ro code  0x00c226    0x8b  nbiot_func.o [1]
  .near_func.text    ro code  0x00c2b1    0x8b  nbiot_func.o [1]
  .near_func.text    ro code  0x00c33c    0x8b  nbiot_func.o [1]
  .near_func.text    ro code  0x00c3c7    0x8b  nbiot_func.o [1]
  .near_func.text    ro code  0x00c452    0x8b  nbiot_func.o [1]
  .near_func.text    ro code  0x00c4dd    0x8b  nbiot_func.o [1]
  .near_func.text    ro code  0x00c568    0x8b  net_app_coap.o [1]
  .near_func.text    ro code  0x00c5f3    0x8a  nbiot_func.o [1]
  .near_func.text    ro code  0x00c67d    0x88  net_app_coap.o [1]
  .near_func.text    ro code  0x00c705    0x86  bsp_uart_fifo.o [1]
  .near_func.text    ro code  0x00c78b    0x84  long_util.o [4]
  .near_func.text    ro code  0x00c80f    0x82  nbiot_func.o [1]
  .near.rodata       const    0x00c891    0x80  nbiot_func.o [1]
  .near_func.text    ro code  0x00c911    0x7f  xscanfsmall.o [4]
  .near_func.text    ro code  0x00c990    0x7a  nbiot_func.o [1]
  .near_func.text    ro code  0x00ca0a    0x7a  nbiot_func.o [1]
  .near_func.text    ro code  0x00ca84    0x7a  nbiot_func.o [1]
  .near_func.text    ro code  0x00cafe    0x7a  nbiot_func.o [1]
  .near_func.text    ro code  0x00cb78    0x7a  nbiot_func.o [1]
  .near_func.text    ro code  0x00cbf2    0x73  nbiot_func.o [1]
  .near_func.text    ro code  0x00cc65    0x6f  bsp_timer.o [1]
  .near_func.text    ro code  0x00ccd4    0x69  net_app_coap.o [1]
  .near_func.text    ro code  0x00cd3d    0x5f  net_app_coap.o [1]
  .near_func.text    ro code  0x00cd9c    0x5f  xxmemxmalloc.o [4]
  .near_func.text    ro code  0x00cdfb    0x5c  stm8l15x_rtc.o [1]
  .near_func.text    ro code  0x00ce57    0x5b  net_app_coap.o [1]
  .near_func.text    ro code  0x00ceb2    0x5a  bsp_timer.o [1]
  .near_func.text    ro code  0x00cf0c    0x58  sys.o [1]
  .near_func.text    ro code  0x00cf64    0x56  nbiot_func.o [1]
  .near_func.text    ro code  0x00cfba    0x55  stm8l15x_rtc.o [1]
  .near_func.text    ro code  0x00d00f    0x52  bsp_timer.o [1]
  .near_func.text    ro code  0x00d061    0x4a  mcu_init.o [1]
  .near_func.text    ro code  0x00d0ab    0x44  strstr.o [4]
  .near_func.text    ro code  0x00d0ef    0x43  bsp.o [1]
  .near_func.text    ro code  0x00d132    0x43  xscanfsmall.o [4]
  .near_func.text    ro code  0x00d175    0x42  bsp_uart_fifo.o [1]
  .near.rodata       const    0x00d1b7    0x40  nbiot_func.o [1]
  .near.rodata       const    0x00d1f7    0x40  nbiot_func.o [1]
  .near.rodata       const    0x00d237    0x40  nbiot_func.o [1]
  .near.rodata       const    0x00d277    0x40  nbiot_func.o [1]
  .near.rodata       const    0x00d2b7    0x40  nbiot_func.o [1]
  .near.rodata       const    0x00d2f7    0x40  nbiot_func.o [1]
  .near.rodata       const    0x00d337    0x40  nbiot_func.o [1]
  .near.rodata       const    0x00d377    0x40  nbiot_func.o [1]
  .near.rodata       const    0x00d3b7    0x40  nbiot_func.o [1]
  .near.rodata       const    0x00d3f7    0x40  nbiot_func.o [1]
  .near.rodata       const    0x00d437    0x40  nbiot_func.o [1]
  .near.rodata       const    0x00d477    0x40  nbiot_func.o [1]
  .near.rodata       const    0x00d4b7    0x40  nbiot_func.o [1]
  .near.rodata       const    0x00d4f7    0x40  nbiot_func.o [1]
  .near.rodata       const    0x00d537    0x40  nbiot_func.o [1]
  .near.rodata       const    0x00d577    0x40  nbiot_func.o [1]
  .near.rodata       const    0x00d5b7    0x40  nbiot_func.o [1]
  .near.rodata       const    0x00d5f7    0x40  nbiot_func.o [1]
  .near.rodata       const    0x00d637    0x40  nbiot_func.o [1]
  .near.rodata       const    0x00d677    0x40  nbiot_func.o [1]
  .near.rodata       const    0x00d6b7    0x40  nbiot_func.o [1]
  .near.rodata       const    0x00d6f7    0x40  nbiot_func.o [1]
  .near.rodata       const    0x00d737    0x40  nbiot_func.o [1]
  .near.rodata       const    0x00d777    0x40  nbiot_func.o [1]
  .near_func.text    ro code  0x00d7b7    0x3f  xprintfsmall.o [4]
  .near_func.text    ro code  0x00d7f6    0x3e  stm8l15x_usart.o [1]
  .near_func.text    ro code  0x00d834    0x3e  sprintf.o [4]
  .near_func.text    ro code  0x00d872    0x3a  net_app_nbiot.o [1]
  .near_func.text    ro code  0x00d8ac    0x36  bsp_timer.o [1]
  .near_func.text    ro code  0x00d8e2    0x36  xprintfsmall.o [4]
  .near_func.text    ro code  0x00d918    0x35  bsp_led.o [1]
  .near_func.text    ro code  0x00d94d    0x35  bsp_led.o [1]
  .near_func.text    ro code  0x00d982    0x35  xprintfsmall.o [4]
  .near_func.text    ro code  0x00d9b7    0x33  bsp_led.o [1]
  .near_func.text    ro code  0x00d9ea    0x33  mcu_init.o [1]
  .near_func.text    ro code  0x00da1d    0x33  xencoding_sb.o [4]
  .near.rodata       const    0x00da50    0x32  net_app_coap.o [1]
  .near_func.text    ro code  0x00da82    0x32  short.o [4]
  .near_func.text    ro code  0x00dab4    0x32  xwctob.o [4]
  .near.rodata       const    0x00dae6    0x31  nbiot_func.o [1]
  .near.rodata       const    0x00db17    0x31  net_app_coap.o [1]
  .near_func.text    ro code  0x00db48    0x2f  xprintfsmall.o [4]
  .near.rodata       const    0x00db77    0x2e  nbiot_func.o [1]
  .near.rodata       const    0x00dba5    0x2e  net_app_coap.o [1]
  .near.rodata       const    0x00dbd3    0x2d  net_app_coap.o [1]
  .near_func.text    ro code  0x00dc00    0x2d  stm8l15x_rtc.o [1]
  .near.rodata       const    0x00dc2d    0x2c  nbiot_func.o [1]
  .near_func.text    ro code  0x00dc59    0x2c  stm8l15x_gpio.o [1]
  Initializer bytes  const    0x00dc85    0x2c  <for P2-1>
  .near.rodata       const    0x00dcb1    0x2b  net_app_coap.o [1]
  .near.rodata       const    0x00dcdc    0x2b  net_app_coap.o [1]
  .near_func.text    ro code  0x00dd07    0x2b  stm8l15x_usart.o [1]
  .near.rodata       const    0x00dd32    0x2a  net_app_coap.o [1]
  .near.rodata       const    0x00dd5c    0x2a  net_app_coap.o [1]
  .near.rodata       const    0x00dd86    0x2a  net_app_coap.o [1]
  .near_func.text    ro code  0x00ddb0    0x2a  net_app_coap.o [1]
  .near.rodata       const    0x00ddda    0x29  nbiot_func.o [1]
  .near.rodata       const    0x00de03    0x29  net_app_coap.o [1]
  .near.rodata       const    0x00de2c    0x29  net_app_coap.o [1]
  .near_func.text    ro code  0x00de55    0x29  xscanfsmall.o [4]
  .near.rodata       const    0x00de7e    0x28  nbiot_func.o [1]
  .near.rodata       const    0x00dea6    0x28  net_app_coap.o [1]
  .near.rodata       const    0x00dece    0x28  net_app_coap.o [1]
  .near.rodata       const    0x00def6    0x28  net_app_coap.o [1]
  .near_func.text    ro code  0x00df1e    0x28  init_small.o [4]
  .near.rodata       const    0x00df46    0x27  nbiot_func.o [1]
  .near.rodata       const    0x00df6d    0x27  net_app_coap.o [1]
  .near.rodata       const    0x00df94    0x27  net_app_coap.o [1]
  .near_func.text    ro code  0x00dfbb    0x27  bsp_uart_fifo.o [1]
  .near_func.text    ro code  0x00dfe2    0x27  rtc.o [1]
  .near_func.text    ro code  0x00e009    0x27  xsscin.o [4]
  .near.rodata       const    0x00e030    0x26  nbiot_func.o [1]
  .near.rodata       const    0x00e056    0x26  nbiot_func.o [1]
  .near.rodata       const    0x00e07c    0x26  nbiot_func.o [1]
  .near.rodata       const    0x00e0a2    0x25  xstoul.o [4]
  .near.rodata       const    0x00e0c7    0x25  xstoul.o [4]
  .near_func.text    ro code  0x00e0ec    0x25  Pulse_Acquire.o [1]
  .near_func.text    ro code  0x00e111    0x25  memcpy.o [4]
  .near.rodata       const    0x00e136    0x24  net_app_coap.o [1]
  .near_func.text    ro code  0x00e15a    0x24  bsp_timer.o [1]
  .near_func.text    ro code  0x00e17e    0x24  nbiot_func.o [1]
  .near_func.text    ro code  0x00e1a2    0x24  stm8l15x_tim1.o [1]
  .near.rodata       const    0x00e1c6    0x23  nbiot_func.o [1]
  .near.rodata       const    0x00e1e9    0x23  net_app_coap.o [1]
  .near.rodata       const    0x00e20c    0x23  net_app_coap.o [1]
  .near_func.text    ro code  0x00e22f    0x23  bsp_uart_fifo.o [1]
  .near.rodata       const    0x00e252    0x22  nbiot_func.o [1]
  .near.rodata       const    0x00e274    0x22  nbiot_func.o [1]
  .near.rodata       const    0x00e296    0x22  nbiot_func.o [1]
  .near_func.text    ro code  0x00e2b8    0x22  stm8l15x_exti.o [1]
  .near.rodata       const    0x00e2da    0x21  nbiot_func.o [1]
  .near.rodata       const    0x00e2fb    0x21  nbiot_func.o [1]
  .near.rodata       const    0x00e31c    0x21  net_app_coap.o [1]
  .near.rodata       const    0x00e33d    0x21  net_app_coap.o [1]
  .near_func.text    ro code  0x00e35e    0x21  xscanfsmall.o [4]
  .near_func.text    ro code  0x00e37f    0x21  xmbtowc.o [4]
  .iar.init_table    const    0x00e3a0    0x12  - Linker created -
  .near.rodata       const    0x00e3b2    0x20  nbiot_func.o [1]
  .near.rodata       const    0x00e3d2    0x20  nbiot_func.o [1]
  .near.rodata       const    0x00e3f2    0x20  nbiot_func.o [1]
  .near.rodata       const    0x00e412    0x20  nbiot_func.o [1]
  .near.rodata       const    0x00e432    0x20  nbiot_func.o [1]
  .near.rodata       const    0x00e452    0x20  nbiot_func.o [1]
  .near.rodata       const    0x00e472    0x20  nbiot_func.o [1]
  .near.rodata       const    0x00e492    0x20  net_app_coap.o [1]
  .near.rodata       const    0x00e4b2    0x20  net_app_coap.o [1]
  .near.rodata       const    0x00e4d2    0x20  net_app_coap.o [1]
  .near_func.text    ro code  0x00e4f2    0x20  bsp_uart_fifo.o [1]
  .near_func.text    ro code  0x00e512    0x20  printf.o [4]
  .near.rodata       const    0x00e532    0x1f  nbiot_func.o [1]
  .near.rodata       const    0x00e551    0x1f  nbiot_func.o [1]
  .near.rodata       const    0x00e570    0x1f  nbiot_func.o [1]
  .near.rodata       const    0x00e58f    0x1f  nbiot_func.o [1]
  .near.rodata       const    0x00e5ae    0x1f  nbiot_func.o [1]
  .near.rodata       const    0x00e5cd    0x1f  nbiot_func.o [1]
  .near.rodata       const    0x00e5ec    0x1f  nbiot_func.o [1]
  .near.rodata       const    0x00e60b    0x1f  nbiot_func.o [1]
  .near.rodata       const    0x00e62a    0x1f  nbiot_func.o [1]
  .near.rodata       const    0x00e649    0x1f  nbiot_func.o [1]
  .near.rodata       const    0x00e668    0x1f  net_app_coap.o [1]
  .near_func.text    ro code  0x00e687    0x1f  move.o [4]
  .near_func.text    ro code  0x00e6a6    0x1f  sscanf.o [4]
  .near.rodata       const    0x00e6c5    0x1e  nbiot_func.o [1]
  .near.rodata       const    0x00e6e3    0x1e  nbiot_func.o [1]
  .near.rodata       const    0x00e701    0x1e  nbiot_func.o [1]
  .near.rodata       const    0x00e71f    0x1e  nbiot_func.o [1]
  .near.rodata       const    0x00e73d    0x1e  nbiot_func.o [1]
  .near.rodata       const    0x00e75b    0x1e  nbiot_func.o [1]
  .near.rodata       const    0x00e779    0x1e  net_app_coap.o [1]
  .near_func.text    ro code  0x00e797    0x1e  nbiot_func.o [1]
  .near_func.text    ro code  0x00e7b5    0x1e  init_small.o [4]
  .near.rodata       const    0x00e7d3    0x1d  nbiot_func.o [1]
  .near.rodata       const    0x00e7f0    0x1d  nbiot_func.o [1]
  .near.rodata       const    0x00e80d    0x1d  nbiot_func.o [1]
  .near.rodata       const    0x00e82a    0x1d  net_app_coap.o [1]
  .near.rodata       const    0x00e847    0x1c  nbiot_func.o [1]
  .near.rodata       const    0x00e863    0x1c  nbiot_func.o [1]
  .near_func.text    ro code  0x00e87f    0x1c  bsp_uart_fifo.o [1]
  .near_func.text    ro code  0x00e89b    0x1c  bsp_uart_fifo.o [1]
  .near_func.text    ro code  0x00e8b7    0x1c  xwctomb.o [4]
  .near.rodata       const    0x00e8d3    0x1b  nbiot_func.o [1]
  .near.rodata       const    0x00e8ee    0x1b  nbiot_func.o [1]
  .near.rodata       const    0x00e909    0x1b  nbiot_func.o [1]
  .near.rodata       const    0x00e924    0x1b  nbiot_func.o [1]
  .near_func.text    ro code  0x00e93f    0x1b  bsp_uart_fifo.o [1]
  .near_func.text    ro code  0x00e95a    0x1b  stm8l15x_it.o [1]
  .near_func.text    ro code  0x00e975    0x1b  stm8l15x_rtc.o [1]
  .near_func.text    ro code  0x00e990    0x1b  xprout.o [4]
  .near.rodata       const    0x00e9ab    0x1a  nbiot_func.o [1]
  .near.rodata       const    0x00e9c5    0x1a  nbiot_func.o [1]
  .near.rodata       const    0x00e9df    0x1a  nbiot_func.o [1]
  .near.rodata       const    0x00e9f9    0x1a  net_app_coap.o [1]
  .near.rodata       const    0x00ea13    0x1a  net_app_coap.o [1]
  .near_func.text    ro code  0x00ea2d    0x1a  stm8l15x_tim1.o [1]
  .near.rodata       const    0x00ea47    0x19  nbiot_func.o [1]
  .near.rodata       const    0x00ea60    0x19  nbiot_func.o [1]
  .near_func.text    ro code  0x00ea79    0x19  stm8l15x_flash.o [1]
  .near_func.text    ro code  0x00ea92    0x19  stm8l15x_flash.o [1]
  .near_func.text    ro code  0x00eaab    0x19  stm8l15x_it.o [1]
  .near_func.text    ro code  0x00eac4    0x19  xgetmemchunk.o [4]
  .near_func.text    ro code  0x00eadd    0x19  xlocale_c.o [4]
  .near.rodata       const    0x00eaf6    0x18  nbiot_func.o [1]
  .near.rodata       const    0x00eb0e    0x18  net_app_coap.o [1]
  .near.rodata       const    0x00eb26    0x18  net_app_coap.o [1]
  .near_func.text    ro code  0x00eb3e    0x18  memchr.o [4]
  .near_func.text    ro code  0x00eb56    0x18  xencoding_sb.o [4]
  .near_func.text    ro code  0x00eb6e    0x18  xlocale_c.o [4]
  .near.rodata       const    0x00eb86    0x17  nbiot_func.o [1]
  .near.rodata       const    0x00eb9d    0x17  nbiot_func.o [1]
  .near_func.text    ro code  0x00ebb4    0x17  sys.o [1]
  .near_func.text    ro code  0x00ebcb    0x17  memset.o [4]
  .near_func.text    ro code  0x00ebe2    0x17  init.o [4]
  .near_func.text    ro code  0x00ebf9    0x16  stm8l15x_it.o [1]
  .near_func.text    ro code  0x00ec0f    0x16  stm8l15x_it.o [1]
  .near_func.text    ro code  0x00ec25    0x16  stm8l15x_it.o [1]
  .near_func.text    ro code  0x00ec3b    0x16  stm8l15x_it.o [1]
  .near_func.text    ro code  0x00ec51    0x16  stm8l15x_it.o [1]
  .near_func.text    ro code  0x00ec67    0x16  stm8l15x_it.o [1]
  .near_func.text    ro code  0x00ec7d    0x16  stm8l15x_it.o [1]
  .near_func.text    ro code  0x00ec93    0x16  stm8l15x_it.o [1]
  .near.rodata       const    0x00eca9    0x15  nbiot_func.o [1]
  .near.rodata       const    0x00ecbe    0x15  nbiot_func.o [1]
  .near_func.text    ro code  0x00ecd3    0x15  bsp_uart_fifo.o [1]
  .near_func.text    ro code  0x00ece8    0x15  main.o [1]
  .near_func.text    ro code  0x00ecfd    0x15  Save.o [1]
  .near_func.text    ro code  0x00ed12    0x15  sys.o [1]
  .near_func.text    ro code  0x00ed27    0x15  strchr.o [4]
  .near.rodata       const    0x00ed3c    0x14  nbiot_func.o [1]
  .near.rodata       const    0x00ed50    0x14  nbiot_func.o [1]
  .near_func.text    ro code  0x00ed64    0x14  xprintfsmall.o [4]
  .near_func.text    ro code  0x00ed78    0x14  xprintfsmall.o [4]
  .near_func.text    ro code  0x00ed8c    0x14  __dbg_xxexit.o [3]
  .near_func.text    ro code  0x00eda0    0x13  nbiot_func.o [1]
  .near_func.text    ro code  0x00edb3    0x13  cstartup.o [4]
  .near_func.text    ro code  0x00edc6    0x13  setlocale.o [4]
  .near.rodata       const    0x00edd9    0x12  nbiot_func.o [1]
  .near_func.text    ro code  0x00edeb    0x12  strlen.o [4]
  .near_func.text    ro code  0x00edfd    0x12  tolower.o [4]
  .near.rodata       const    0x00ee0f    0x11  net_app_coap.o [1]
  .near.rodata       const    0x00ee20    0x11  net_app_coap.o [1]
  .near_func.text    ro code  0x00ee31    0x11  net_app_nbiot.o [1]
  .near_func.text    ro code  0x00ee42    0x10  xprintfsmall.o [4]
  .near_func.text    ro code  0x00ee52    0x10  xlocale_c.o [4]
  .near.rodata       const    0x00ee62     0xf  nbiot_func.o [1]
  .near.rodata       const    0x00ee71     0xf  net_app_coap.o [1]
  .near_func.text    ro code  0x00ee80     0xf  Save.o [1]
  .near_func.text    ro code  0x00ee8f     0xe  stm8l15x_clk.o [1]
  .near_func.text    ro code  0x00ee9d     0xe  stm8l15x_tim1.o [1]
  .near_func.text    ro code  0x00eeab     0xe  stm8l15x_tim1.o [1]
  .near_func.text    ro code  0x00eeb9     0xe  xsprout.o [4]
  .near_func.text    ro code  0x00eec7     0xd  bsp_uart_fifo.o [1]
  .near_func.text    ro code  0x00eed4     0xd  net_app_nbiot.o [1]
  .near_func.text    ro code  0x00eee1     0xd  dc_util.o [4]
  .near.rodata       const    0x00eeee     0xc  net_app_coap.o [1]
  .near_func.text    ro code  0x00eefa     0xc  stm8l15x_rtc.o [1]
  .near_func.text    ro code  0x00ef06     0xc  isxxx.o [4]
  .near_func.text    ro code  0x00ef12     0xc  setlocale.o [4]
  .near.rodata       const    0x00ef1e     0xb  net_app_coap.o [1]
  .near_func.text    ro code  0x00ef29     0xb  stm8l15x_flash.o [1]
  .near_func.text    ro code  0x00ef34     0xb  stm8l15x_flash.o [1]
  .near_func.text    ro code  0x00ef3f     0xb  xprintfsmall.o [4]
  .near_func.text    ro code  0x00ef4a     0xb  xscanfsmall.o [4]
  .near.rodata       const    0x00ef55     0xa  nbiot_func.o [1]
  .near.rodata       const    0x00ef5f     0xa  nbiot_func.o [1]
  .near.rodata       const    0x00ef69     0xa  nbiot_func.o [1]
  .near.rodata       const    0x00ef73     0xa  nbiot_func.o [1]
  .near.rodata       const    0x00ef7d     0xa  nbiot_func.o [1]
  .near_func.text    ro code  0x00ef87     0xa  bsp.o [1]
  .near_func.text    ro code  0x00ef91     0xa  bsp_uart_fifo.o [1]
  .near_func.text    ro code  0x00ef9b     0xa  xprintfsmall.o [4]
  .near_func.text    ro code  0x00efa5     0xa  xprintfsmall.o [4]
  .near_func.text    ro code  0x00efaf     0xa  xscanfsmall.o [4]
  .near_func.text    ro code  0x00efb9     0xa  isxxx.o [4]
  .near.rodata       const    0x00efc3     0x9  nbiot_func.o [1]
  .near.rodata       const    0x00efcc     0x9  nbiot_func.o [1]
  .near.rodata       const    0x00efd5     0x9  nbiot_func.o [1]
  .near.rodata       const    0x00efde     0x9  nbiot_func.o [1]
  .near.rodata       const    0x00efe7     0x9  Save.o [1]
  .near_func.text    ro code  0x00eff0     0x9  bsp_uart_fifo.o [1]
  .near_func.text    ro code  0x00eff9     0x9  bsp_uart_fifo.o [1]
  .near_func.text    ro code  0x00f002     0x9  stm8l15x_gpio.o [1]
  .near_func.text    ro code  0x00f00b     0x9  stm8l15x_tim1.o [1]
  .near_func.text    ro code  0x00f014     0x9  xprintfsmall.o [4]
  .near_func.text    ro code  0x00f01d     0x9  xprintfsmall.o [4]
  .near_func.text    ro code  0x00f026     0x9  xprintfsmall.o [4]
  .near_func.text    ro code  0x00f02f     0x9  xprintfsmall.o [4]
  .near_func.text    ro code  0x00f038     0x9  xprintfsmall.o [4]
  .near_func.text    ro code  0x00f041     0x9  xscanfsmall.o [4]
  .near.rodata       const    0x00f04a     0x8  nbiot_func.o [1]
  .near.rodata       const    0x00f052     0x8  nbiot_func.o [1]
  .near.rodata       const    0x00f05a     0x8  nbiot_func.o [1]
  .near.rodata       const    0x00f062     0x8  nbiot_func.o [1]
  .near.rodata       const    0x00f06a     0x8  nbiot_func.o [1]
  .near.rodata       const    0x00f072     0x8  xprintfsmall.o [4]
  .near.rodata       const    0x00f07a     0x8  xprintfsmall.o [4]
  .near.rodata       const    0x00f082     0x8  xscanfsmall.o [4]
  .near.rodata       const    0x00f08a     0x8  xscanfsmall.o [4]
  .near.rodata       const    0x00f092     0x8  xwctob.o [4]
  .near.rodata       const    0x00f09a     0x8  xencoding_sb.o [4]
  .near.rodata       const    0x00f0a2     0x8  xencoding_sb.o [4]
  .near_func.text    ro code  0x00f0aa     0x8  stm8l15x_gpio.o [1]
  .near_func.text    ro code  0x00f0b2     0x8  stm8l15x_usart.o [1]
  .near_func.text    ro code  0x00f0ba     0x8  xprintfsmall.o [4]
  .near_func.text    ro code  0x00f0c2     0x8  xprintfsmall.o [4]
  .near_func.text    ro code  0x00f0ca     0x8  xscanfsmall.o [4]
  .near_func.text    ro code  0x00f0d2     0x8  xxmemxmalloc.o [4]
  .near.rodata       const    0x00f0da     0x7  nbiot_func.o [1]
  .near.rodata       const    0x00f0e1     0x7  nbiot_func.o [1]
  .near.rodata       const    0x00f0e8     0x7  nbiot_func.o [1]
  .near.rodata       const    0x00f0ef     0x7  nbiot_func.o [1]
  .near.rodata       const    0x00f0f6     0x7  nbiot_func.o [1]
  .near.rodata       const    0x00f0fd     0x7  nbiot_func.o [1]
  .near.rodata       const    0x00f104     0x7  xprintfsmall.o [4]
  .near.rodata       const    0x00f10b     0x7  xscanfsmall.o [4]
  .near_func.text    ro code  0x00f112     0x7  basic_fun.o [1]
  .near_func.text    ro code  0x00f119     0x7  bsp_uart_fifo.o [1]
  .near_func.text    ro code  0x00f120     0x7  bsp_uart_fifo.o [1]
  .near_func.text    ro code  0x00f127     0x7  bsp_uart_fifo.o [1]
  .near_func.text    ro code  0x00f12e     0x7  bsp_uart_fifo.o [1]
  .near_func.text    ro code  0x00f135     0x7  bsp_uart_fifo.o [1]
  .near_func.text    ro code  0x00f13c     0x7  bsp_uart_fifo.o [1]
  .near_func.text    ro code  0x00f143     0x7  stm8l15x_gpio.o [1]
  .near_func.text    ro code  0x00f14a     0x7  stm8l15x_gpio.o [1]
  .near_func.text    ro code  0x00f151     0x7  sys.o [1]
  .near_func.text    ro code  0x00f158     0x7  xprintfsmall.o [4]
  .near_func.text    ro code  0x00f15f     0x7  xprintfsmall.o [4]
  .near_func.text    ro code  0x00f166     0x7  xxmemxmalloc.o [4]
  .near_func.text    ro code  0x00f16d     0x7  putchar.o [4]
  .near_func.text    ro code  0x00f174     0x7  setlocale.o [4]
  .near.rodata       const    0x00f17b     0x6  nbiot_func.o [1]
  .near.rodata       const    0x00f181     0x6  nbiot_func.o [1]
  .near.rodata       const    0x00f187     0x6  nbiot_func.o [1]
  .near.rodata       const    0x00f18d     0x6  nbiot_func.o [1]
  .near.rodata       const    0x00f193     0x6  nbiot_func.o [1]
  .near.rodata       const    0x00f199     0x6  nbiot_func.o [1]
  .near_func.text    ro code  0x00f19f     0x6  xprintfsmall.o [4]
  .near_func.text    ro code  0x00f1a5     0x6  xprintfsmall.o [4]
  .near_func.text    ro code  0x00f1ab     0x6  xprintfsmall.o [4]
  .near_func.text    ro code  0x00f1b1     0x6  xprintfsmall.o [4]
  .near_func.text    ro code  0x00f1b7     0x6  xscanfsmall.o [4]
  .near_func.text    ro code  0x00f1bd     0x6  xmbcurmax.o [4]
  .near.rodata       const    0x00f1c3     0x5  nbiot_func.o [1]
  .near.rodata       const    0x00f1c8     0x5  nbiot_func.o [1]
  .near.rodata       const    0x00f1cd     0x5  net_app_coap.o [1]
  .near.rodata       const    0x00f1d2     0x5  stm8l15x_clk.o [1]
  .near.rodata       const    0x00f1d7     0x5  xscanfsmall.o [4]
  .near_func.text    ro code  0x00f1dc     0x5  stm8l15x_flash.o [1]
  .near_func.text    ro code  0x00f1e1     0x5  stm8l15x_usart.o [1]
  .near_func.text    ro code  0x00f1e6     0x5  stm8l15x_usart.o [1]
  .near_func.text    ro code  0x00f1eb     0x5  stm8l15x_usart.o [1]
  .near_func.text    ro code  0x00f1f0     0x5  char.o [4]
  .near_func.text    ro code  0x00f1f5     0x5  xprintfsmall.o [4]
  .near_func.text    ro code  0x00f1fa     0x5  xprintfsmall.o [4]
  .near_func.text    ro code  0x00f1ff     0x5  xprintfsmall.o [4]
  .near_func.text    ro code  0x00f204     0x5  xprintfsmall.o [4]
  .near_func.text    ro code  0x00f209     0x5  xscanfsmall.o [4]
  .near_func.text    ro code  0x00f20e     0x5  cexit.o [4]
  .near_func.text    ro code  0x00f213     0x4  nbiot_func.o [1]
  .near_func.text    ro code  0x00f217     0x4  stm8l15x_clk.o [1]
  .near_func.text    ro code  0x00f21b     0x4  stm8l15x_clk.o [1]
  .near_func.text    ro code  0x00f21f     0x4  setlocale.o [4]
  .near.rodata       const    0x00f223     0x3  nbiot_func.o [1]
  .near_func.text    ro code  0x00f226     0x3  net_app_nbiot.o [1]
  .near_func.text    ro code  0x00f229     0x3  interrupt.o [4]
  .near_func.text    ro code  0x00f22c     0x3  low_level_init.o [4]
  .near_func.text    ro code  0x00f22f     0x3  exit.o [4]
  .near_func.text    ro code  0x00f232     0x3  unhandled_exception.o [4]
  .near.rodata       const    0x00f235     0x2  nbiot_func.o [1]
  .near_func.text    ro code  0x00f237     0x1  bsp.o [1]
  .near_func.text    ro code  0x00f238     0x1  bsp.o [1]
  .near_func.text    ro code  0x00f239     0x1  bsp_uart_fifo.o [1]
  .near_func.text    ro code  0x00f23a     0x1  net_app_coap.o [1]
  .near_func.text    ro code  0x00f23b     0x1  net_app_coap.o [1]
  .near_func.text    ro code  0x00f23c     0x1  net_app_coap.o [1]
  .near_func.text    ro code  0x00f23d     0x1  net_app_nbiot.o [1]
  .near_func.text    ro code  0x00f23e     0x1  stm8l15x_it.o [1]
  .near_func.text    ro code  0x00f23f     0x1  stm8l15x_it.o [1]
  .near_func.text    ro code  0x00f240     0x1  stm8l15x_it.o [1]
  .near_func.text    ro code  0x00f241     0x1  stm8l15x_it.o [1]
  .near_func.text    ro code  0x00f242     0x1  stm8l15x_it.o [1]
  .near_func.text    ro code  0x00f243     0x1  stm8l15x_it.o [1]
  .near_func.text    ro code  0x00f244     0x1  stm8l15x_it.o [1]
  .near_func.text    ro code  0x00f245     0x1  stm8l15x_it.o [1]
  .near_func.text    ro code  0x00f246     0x1  stm8l15x_it.o [1]
  .near_func.text    ro code  0x00f247     0x1  stm8l15x_it.o [1]
  .near_func.text    ro code  0x00f248     0x1  stm8l15x_it.o [1]
  .near_func.text    ro code  0x00f249     0x1  stm8l15x_it.o [1]
  .near_func.text    ro code  0x00f24a     0x1  stm8l15x_it.o [1]
  .near_func.text    ro code  0x00f24b     0x1  stm8l15x_it.o [1]
  .near_func.text    ro code  0x00f24c     0x1  stm8l15x_it.o [1]
  .near_func.text    ro code  0x00f24d     0x1  stm8l15x_it.o [1]
  .near_func.text    ro code  0x00f24e     0x1  stm8l15x_it.o [1]
  .near_func.text    ro code  0x00f24f     0x1  stm8l15x_it.o [1]
  .near_func.text    ro code  0x00f250     0x1  stm8l15x_it.o [1]
  .near_func.text    ro code  0x00f251     0x1  stm8l15x_it.o [1]
  .near_func.text    ro code  0x00f252     0x1  __dbg_break.o [3]
                            - 0x00f253  0x71d3


*******************************************************************************
*** INIT TABLE
***

          Address   Size
          -------   ----
Zero (__iar_zero_init2)
    1 destination range, total size 0xcf4:
          0x00013c  0xcf4

Copy (__iar_copy_init2)
    1 source range, total size 0x2c:
          0x00dc85   0x2c
    1 destination range, total size 0x2c:
          0x000010   0x2c



*******************************************************************************
*** MODULE SUMMARY
***

    Module                 ro code  ro data  rw data
    ------                 -------  -------  -------
F:\创力NB\我的工程\my_nb\project\Debug\Obj: [1]
    BC95.o                                       302
    Globaldata.o                                  44
    Pulse_Acquire.o            357                 7
    Save.o                     666        9
    Sys_Timer.o                402               161
    basic_fun.o                  7        4        4
    bsp.o                       79                 2
    bsp_led.o                  157
    bsp_timer.o                540                50
    bsp_uart_fifo.o          1 729             2 269
    main.o                      21                 2
    mcu_init.o                 125
    nbiot_config.o             232
    nbiot_func.o             4 972    4 164
    net_app_coap.o           4 331    1 217
    net_app_nbiot.o             92                 1
    net_platform_config.o                        370
    rtc.o                      359
    stm8l15x_clk.o             311        5
    stm8l15x_exti.o             34
    stm8l15x_flash.o            77
    stm8l15x_gpio.o            250
    stm8l15x_it.o              248
    stm8l15x_rtc.o             261
    stm8l15x_tim1.o            252
    stm8l15x_usart.o           659
    sys.o                      139                 4
    ------------------------------------------------
    Total:                  16 300    5 399    3 216

command line: [2]
    ------------------------------------------------
    Total:

dbgstm8smd.a: [3]
    __dbg_break.o                1
    __dbg_xxexit.o              20
    ------------------------------------------------
    Total:                      21

dlstm8smf.a: [4]
    cexit.o                      5
    char.o                       5
    cstartup.o                  19
    dc_util.o                   13
    errno.o                                        2
    exit.o                       3
    init.o                      23
    init_small.o                70
    interrupt.o                  3      128
    isxxx.o                     22
    long.o                     458
    long_util.o                132
    low_level_init.o             3
    memchr.o                    24
    memcpy.o                    37
    memset.o                    23
    move.o                      31
    printf.o                    32
    putchar.o                    7
    setlocale.o                 42                16
    short.o                     50
    sprintf.o                   62
    sscanf.o                    31
    strchr.o                    21
    strlen.o                    18
    strstr.o                    68
    tolower.o                   18
    unhandled_exception.o        3
    vreg_util.o                429
    vregs.o                                       16
    xencoding_sb.o              75       16
    xfiles.o                             40      120
    xgetmemchunk.o              25                 2
    xlocale_c.o                 65
    xmbcurmax.o                  6
    xmbtowc.o                   33
    xprintfsmall.o           2 349       23
    xprout.o                    27
    xscanfsmall.o            1 729       28
    xsprout.o                   14
    xsscin.o                    39
    xstol.o                    197
    xstoul.o                   446       74
    xwctob.o                    50        8
    xwctomb.o                   28
    xxmemxfree.o               219
    xxmemxmalloc.o             258                 4
    ------------------------------------------------
    Total:                   7 212      317      160

    Linker created                       18      512
----------------------------------------------------
    Grand Total:            23 533    5 734    3 888


*******************************************************************************
*** ENTRY LIST
***

Entry                    Address   Size  Type      Object
-----                    -------   ----  ----      ------
.iar.init_table$$Base   0x00e3a0          --   Gb  - Linker created -
.iar.init_table$$Limit  0x00e3b2          --   Gb  - Linker created -
?add32_l0_l0_0x         0x009217         Code  Gb  long.o [4]
?add32_l0_l0_l1         0x009214         Code  Gb  long.o [4]
?and32_l0_l0_0x         0x00936d         Code  Gb  long.o [4]
?and32_l0_l0_l1         0x00936a         Code  Gb  long.o [4]
?b0                     0x000000         Data  Gb  vregs.o [4]
?b1                     0x000001         Data  Gb  vregs.o [4]
?b10                    0x00000a         Data  Gb  vregs.o [4]
?b11                    0x00000b         Data  Gb  vregs.o [4]
?b12                    0x00000c         Data  Gb  vregs.o [4]
?b13                    0x00000d         Data  Gb  vregs.o [4]
?b14                    0x00000e         Data  Gb  vregs.o [4]
?b15                    0x00000f         Data  Gb  vregs.o [4]
?b2                     0x000002         Data  Gb  vregs.o [4]
?b3                     0x000003         Data  Gb  vregs.o [4]
?b4                     0x000004         Data  Gb  vregs.o [4]
?b5                     0x000005         Data  Gb  vregs.o [4]
?b6                     0x000006         Data  Gb  vregs.o [4]
?b7                     0x000007         Data  Gb  vregs.o [4]
?b8                     0x000008         Data  Gb  vregs.o [4]
?b9                     0x000009         Data  Gb  vregs.o [4]
?dc32_l1                0x00eee1         Code  Gb  dc_util.o [4]
?dec32_0x_0x            0x009200         Code  Gb  long.o [4]
?dec32_l0_l0            0x0091fb         Code  Gb  long.o [4]
?e0                     0x000001         Data  Gb  vregs.o [4]
?e1                     0x000005         Data  Gb  vregs.o [4]
?e2                     0x000009         Data  Gb  vregs.o [4]
?e3                     0x00000d         Data  Gb  vregs.o [4]
?epilogue_l2            0x00964a         Code  Gb  vreg_util.o [4]
?epilogue_l2_l3         0x009647         Code  Gb  vreg_util.o [4]
?epilogue_l2_w6         0x00964e         Code  Gb  vreg_util.o [4]
?epilogue_w4            0x009655         Code  Gb  vreg_util.o [4]
?inc32_0x_0x            0x0091ed         Code  Gb  long.o [4]
?inc32_l0_l0            0x0091e3         Code  Gb  long.o [4]
?inc32_l1_l1            0x0091e8         Code  Gb  long.o [4]
?l0                     0x000000         Data  Gb  vregs.o [4]
?l1                     0x000004         Data  Gb  vregs.o [4]
?l2                     0x000008         Data  Gb  vregs.o [4]
?l3                     0x00000c         Data  Gb  vregs.o [4]
?load32_0x_l0           0x00c7d4         Code  Gb  long_util.o [4]
?load32_0x_l1           0x00c7e2         Code  Gb  long_util.o [4]
?load32_0x_l2           0x00c801         Code  Gb  long_util.o [4]
?load32_asp_l0          0x00c7c8         Code  Gb  long_util.o [4]
?load32_asp_l2          0x00c7f5         Code  Gb  long_util.o [4]
?load32_dbsp_l0         0x00c7c3         Code  Gb  long_util.o [4]
?load32_dbsp_l2         0x00c7f0         Code  Gb  long_util.o [4]
?load32_l0_0x           0x00c79b         Code  Gb  long_util.o [4]
?load32_l0_asp          0x00c790         Code  Gb  long_util.o [4]
?load32_l0_dbsp         0x00c78b         Code  Gb  long_util.o [4]
?load32_l0_xsp          0x00c792         Code  Gb  long_util.o [4]
?load32_l1_0x           0x00c7b7         Code  Gb  long_util.o [4]
?load32_l1_asp          0x00c7ac         Code  Gb  long_util.o [4]
?load32_l1_dbsp         0x00c7a7         Code  Gb  long_util.o [4]
?load32_l1_xsp          0x00c7ae         Code  Gb  long_util.o [4]
?load32_xsp_l0          0x00c7ca         Code  Gb  long_util.o [4]
?load32_xsp_l2          0x00c7f7         Code  Gb  long_util.o [4]
?mov_e0_e1              0x0096b0         Code  Gb  vreg_util.o [4]
?mov_e0_e2              0x0096bd         Code  Gb  vreg_util.o [4]
?mov_e0_e3              0x0096ca         Code  Gb  vreg_util.o [4]
?mov_e1_e0              0x0096d7         Code  Gb  vreg_util.o [4]
?mov_e1_e2              0x0096e4         Code  Gb  vreg_util.o [4]
?mov_e2_e0              0x0096f1         Code  Gb  vreg_util.o [4]
?mov_e3_e0              0x0096fe         Code  Gb  vreg_util.o [4]
?mov_l0_l1              0x0096ad         Code  Gb  vreg_util.o [4]
?mov_l0_l2              0x0096ba         Code  Gb  vreg_util.o [4]
?mov_l0_l3              0x0096c7         Code  Gb  vreg_util.o [4]
?mov_l1_l0              0x0096d4         Code  Gb  vreg_util.o [4]
?mov_l1_l2              0x0096e1         Code  Gb  vreg_util.o [4]
?mov_l2_l0              0x0096ee         Code  Gb  vreg_util.o [4]
?mov_l3_l0              0x0096fb         Code  Gb  vreg_util.o [4]
?mov_w0_w1              0x009659         Code  Gb  vreg_util.o [4]
?mov_w0_w4              0x009660         Code  Gb  vreg_util.o [4]
?mov_w0_w5              0x009667         Code  Gb  vreg_util.o [4]
?mov_w0_w6              0x00966e         Code  Gb  vreg_util.o [4]
?mov_w1_w3              0x0096b3         Code  Gb  vreg_util.o [4]
?mov_w1_w4              0x009675         Code  Gb  vreg_util.o [4]
?mov_w1_w5              0x0096c0         Code  Gb  vreg_util.o [4]
?mov_w1_w6              0x00967c         Code  Gb  vreg_util.o [4]
?mov_w1_w7              0x0096cd         Code  Gb  vreg_util.o [4]
?mov_w2_w1              0x009683         Code  Gb  vreg_util.o [4]
?mov_w3_w0              0x00968a         Code  Gb  vreg_util.o [4]
?mov_w3_w1              0x0096da         Code  Gb  vreg_util.o [4]
?mov_w3_w5              0x0096e7         Code  Gb  vreg_util.o [4]
?mov_w4_w0              0x009691         Code  Gb  vreg_util.o [4]
?mov_w4_w1              0x009698         Code  Gb  vreg_util.o [4]
?mov_w5_w0              0x00969f         Code  Gb  vreg_util.o [4]
?mov_w5_w1              0x0096f4         Code  Gb  vreg_util.o [4]
?mov_w6_w0              0x0096a6         Code  Gb  vreg_util.o [4]
?mov_w7_w1              0x009701         Code  Gb  vreg_util.o [4]
?move1616_v_x_y_a       0x00e699         Code  Gb  move.o [4]
?move1616_v_x_y_tos16   0x00e687         Code  Gb  move.o [4]
?mul16_x_x_w0           0x00da82         Code  Gb  short.o [4]
?mul32_l0_l0_l1         0x00924a         Code  Gb  long.o [4]
?neg32_l0_l0            0x0091d3         Code  Gb  long.o [4]
?pop_e2                 0x0095c8         Code  Gb  vreg_util.o [4]
?pop_l0                 0x009613         Code  Gb  vreg_util.o [4]
?pop_l1                 0x00961e         Code  Gb  vreg_util.o [4]
?pop_l2                 0x009629         Code  Gb  vreg_util.o [4]
?pop_l3                 0x009634         Code  Gb  vreg_util.o [4]
?pop_w4                 0x00958c         Code  Gb  vreg_util.o [4]
?pop_w5                 0x009593         Code  Gb  vreg_util.o [4]
?pop_w6                 0x00959a         Code  Gb  vreg_util.o [4]
?pop_w7                 0x0095a1         Code  Gb  vreg_util.o [4]
?push_e2                0x0095b0         Code  Gb  vreg_util.o [4]
?push_l0                0x0095e2         Code  Gb  vreg_util.o [4]
?push_l1                0x0095e7         Code  Gb  vreg_util.o [4]
?push_l2                0x0095ec         Code  Gb  vreg_util.o [4]
?push_l3                0x0095f1         Code  Gb  vreg_util.o [4]
?push_w0                0x00955b         Code  Gb  vreg_util.o [4]
?push_w1                0x009560         Code  Gb  vreg_util.o [4]
?push_w4                0x009565         Code  Gb  vreg_util.o [4]
?push_w5                0x00956a         Code  Gb  vreg_util.o [4]
?push_w6                0x00956f         Code  Gb  vreg_util.o [4]
?push_w7                0x009574         Code  Gb  vreg_util.o [4]
?scmp32_c_l0_l1         0x009353         Code  Gb  long.o [4]
?sext16_x_a             0x00daad         Code  Gb  short.o [4]
?sext32_l0_a            0x009390         Code  Gb  long.o [4]
?sext32_l0_x            0x009385         Code  Gb  long.o [4]
?sll16_x_x_a            0x00daa0         Code  Gb  short.o [4]
?srl16_x_x_4            0x00daa8         Code  Gb  short.o [4]
?srl8_a_a_5             0x00f1f0         Code  Gb  char.o [4]
?sub32_l0_l0_0x         0x009232         Code  Gb  long.o [4]
?sub32_l0_l0_l1         0x00922f         Code  Gb  long.o [4]
?ucmp32_c_l0_0x         0x009338         Code  Gb  long.o [4]
?ucmp32_c_l0_l1         0x009348         Code  Gb  long.o [4]
?udiv32_l0_l0_dl        0x0092c8         Code  Gb  long.o [4]
?udiv32_l0_l0_l1        0x0092cb         Code  Gb  long.o [4]
?umod32_l1_l0_l1        0x0092cb         Code  Gb  long.o [4]
?w0                     0x000000         Data  Gb  vregs.o [4]
?w1                     0x000002         Data  Gb  vregs.o [4]
?w2                     0x000004         Data  Gb  vregs.o [4]
?w3                     0x000006         Data  Gb  vregs.o [4]
?w4                     0x000008         Data  Gb  vregs.o [4]
?w5                     0x00000a         Data  Gb  vregs.o [4]
?w6                     0x00000c         Data  Gb  vregs.o [4]
?w7                     0x00000e         Data  Gb  vregs.o [4]
ADC1_COMP_IRQHandler    0x00f24d    0x1  Code  Gb  stm8l15x_it.o [1]
Alarm_Interrupt         0x00dfe2   0x27  Code  Gb  rtc.o [1]
BC95                    0x000aae  0x12e  Data  Gb  BC95.o [1]
Bcd2ToByte              0x00e975   0x1b  Code  Lc  stm8l15x_rtc.o [1]
CLK_GetClockFreq        0x00bfea   0x93  Code  Gb  stm8l15x_clk.o [1]
CLK_HSICmd              0x00ee8f    0xe  Code  Gb  stm8l15x_clk.o [1]
CLK_PeripheralClockConfig
                        0x00c10d   0x8e  Code  Gb  stm8l15x_clk.o [1]
CLK_SYSCLKDivConfig     0x00f21b    0x4  Code  Gb  stm8l15x_clk.o [1]
CLK_SYSCLKSourceConfig  0x00f217    0x4  Code  Gb  stm8l15x_clk.o [1]
CSTACK$$Base            0x000f00          --   Gb  - Linker created -
CSTACK$$Limit           0x001000          --   Gb  - Linker created -
Cal                     0x000e01    0x7  Data  Gb  Pulse_Acquire.o [1]
ComToUart               0x00e87f   0x1c  Code  Gb  bsp_uart_fifo.o [1]
DMA1_CHANNEL0_1_IRQHandler
                        0x00f240    0x1  Code  Gb  stm8l15x_it.o [1]
DMA1_CHANNEL2_3_IRQHandler
                        0x00f241    0x1  Code  Gb  stm8l15x_it.o [1]
EXTI0_IRQHandler        0x00ec0f   0x16  Code  Gb  stm8l15x_it.o [1]
EXTI1_IRQHandler        0x00f244    0x1  Code  Gb  stm8l15x_it.o [1]
EXTI2_IRQHandler        0x00f245    0x1  Code  Gb  stm8l15x_it.o [1]
EXTI3_IRQHandler        0x00f246    0x1  Code  Gb  stm8l15x_it.o [1]
EXTI4_IRQHandler        0x00f247    0x1  Code  Gb  stm8l15x_it.o [1]
EXTI5_IRQHandler        0x00f248    0x1  Code  Gb  stm8l15x_it.o [1]
EXTI6_IRQHandler        0x00f249    0x1  Code  Gb  stm8l15x_it.o [1]
EXTI7_IRQHandler        0x00f24a    0x1  Code  Gb  stm8l15x_it.o [1]
EXTIB_G_IRQHandler      0x00f243    0x1  Code  Gb  stm8l15x_it.o [1]
EXTID_H_IRQHandler      0x00ebf9   0x16  Code  Gb  stm8l15x_it.o [1]
EXTIE_F_PVD_IRQHandler  0x00f242    0x1  Code  Gb  stm8l15x_it.o [1]
EXTI_ClearITPendingBit  0x00e2b8   0x22  Code  Gb  stm8l15x_exti.o [1]
Exti0_Interrupt         0x00e0ec   0x25  Code  Gb  Pulse_Acquire.o [1]
ExtiD_Interrupt         0x009ea2  0x140  Code  Gb  Pulse_Acquire.o [1]
FLASH_GetFlagStatus     0x00ea92   0x19  Code  Gb  stm8l15x_flash.o [1]
FLASH_IRQHandler        0x00f23f    0x1  Code  Gb  stm8l15x_it.o [1]
FLASH_Lock              0x00ef29    0xb  Code  Gb  stm8l15x_flash.o [1]
FLASH_ProgramByte       0x00ef34    0xb  Code  Gb  stm8l15x_flash.o [1]
FLASH_ReadByte          0x00f1dc    0x5  Code  Gb  stm8l15x_flash.o [1]
FLASH_Unlock            0x00ea79   0x19  Code  Gb  stm8l15x_flash.o [1]
GPIO_ExternalPullUpConfig
                        0x00dc59   0x2c  Code  Gb  stm8l15x_gpio.o [1]
GPIO_Init               0x00b54d   0xaf  Code  Gb  stm8l15x_gpio.o [1]
GPIO_ReadInputDataBit   0x00f002    0x9  Code  Gb  stm8l15x_gpio.o [1]
GPIO_ResetBits          0x00f0aa    0x8  Code  Gb  stm8l15x_gpio.o [1]
GPIO_SetBits            0x00f143    0x7  Code  Gb  stm8l15x_gpio.o [1]
GPIO_ToggleBits         0x00f14a    0x7  Code  Gb  stm8l15x_gpio.o [1]
HEAP$$Base              0x00003c          --   Gb  - Linker created -
HEAP$$Limit             0x00013c          --   Gb  - Linker created -
HistoryData             0x000e22    0x2  Data  Gb  Globaldata.o [1]
I2C1_SPI2_IRQHandler    0x00f251    0x1  Code  Gb  stm8l15x_it.o [1]
INTVEC$$Base            0x008000          --   Gb  - Linker created -
INTVEC$$Limit           0x008080          --   Gb  - Linker created -
InitHardUart            0x00a378  0x118  Code  Lc  bsp_uart_fifo.o [1]
LCD_AES_IRQHandler      0x00f24b    0x1  Code  Gb  stm8l15x_it.o [1]
LoadInt                 0x00d7b7   0x3f  Code  Lc  xprintfsmall.o [4]
MCU_DeInit              0x00d061   0x4a  Code  Gb  mcu_init.o [1]
MeterParameter          0x000d74   0x22  Data  Gb  Globaldata.o [1]
NBIOT_COAP_DictateEvent_FailExecute
                        0x00ccd4   0x69  Code  Lc  net_app_coap.o [1]
NBIOT_COAP_DictateEvent_SetTime
                        0x00ce57   0x5b  Code  Lc  net_app_coap.o [1]
NBIOT_COAP_DictateEvent_SuccessExecute
                        0x00ddb0   0x2a  Code  Lc  net_app_coap.o [1]
NBIOT_COAP_GetDictateFailureCnt
                        0x00a490  0x10d  Code  Lc  net_app_coap.o [1]
NBIOT_Client_Init       0x00aa7c   0xe8  Code  Gb  nbiot_config.o [1]
NBIOT_Neul_NBxx_CheckReadAttachOrDetach
                        0x00b04c   0xbe  Code  Gb  nbiot_func.o [1]
NBIOT_Neul_NBxx_CheckReadCDPServer
                        0x00b337   0xb5  Code  Gb  nbiot_func.o [1]
NBIOT_Neul_NBxx_CheckReadCGDCONT
                        0x00c80f   0x82  Code  Gb  nbiot_func.o [1]
NBIOT_Neul_NBxx_CheckReadCGPADDR
                        0x00c33c   0x8b  Code  Gb  nbiot_func.o [1]
NBIOT_Neul_NBxx_CheckReadConfigUE
                        0x009708  0x19f  Code  Gb  nbiot_func.o [1]
NBIOT_Neul_NBxx_CheckReadDateTime
                        0x00bb27   0x9e  Code  Gb  nbiot_func.o [1]
NBIOT_Neul_NBxx_CheckReadICCID
                        0x00c3c7   0x8b  Code  Gb  nbiot_func.o [1]
NBIOT_Neul_NBxx_CheckReadIMEI
                        0x00c19b   0x8b  Code  Gb  nbiot_func.o [1]
NBIOT_Neul_NBxx_CheckReadIMEISV
                        0x00c226   0x8b  Code  Gb  nbiot_func.o [1]
NBIOT_Neul_NBxx_CheckReadIMSI
                        0x00c2b1   0x8b  Code  Gb  nbiot_func.o [1]
NBIOT_Neul_NBxx_CheckReadManufacturer
                        0x00c452   0x8b  Code  Gb  nbiot_func.o [1]
NBIOT_Neul_NBxx_CheckReadManufacturerModel
                        0x00c4dd   0x8b  Code  Gb  nbiot_func.o [1]
NBIOT_Neul_NBxx_CheckReadModuleVersion
                        0x00c5f3   0x8a  Code  Gb  nbiot_func.o [1]
NBIOT_Neul_NBxx_CheckReadNewMessageIndications
                        0x00bc61   0x9a  Code  Gb  nbiot_func.o [1]
NBIOT_Neul_NBxx_CheckReadRSSI
                        0x00b49e   0xaf  Code  Gb  nbiot_func.o [1]
NBIOT_Neul_NBxx_CheckReadSentMessageIndications
                        0x00bcfb   0x9a  Code  Gb  nbiot_func.o [1]
NBIOT_Neul_NBxx_CheckReadStatisticsCELL
                        0x00b949   0xa0  Code  Gb  nbiot_func.o [1]
NBIOT_Neul_NBxx_CheckReadStatisticsRADIO
                        0x00af8d   0xbf  Code  Gb  nbiot_func.o [1]
NBIOT_Neul_NBxx_CheckReadSupportedBands
                        0x00b1c7   0xb8  Code  Gb  nbiot_func.o [1]
NBIOT_Neul_NBxx_HardwareReboot
                        0x00f213    0x4  Code  Gb  nbiot_func.o [1]
NBIOT_Neul_NBxx_SetAttachOrDetach
                        0x00ca84   0x7a  Code  Gb  nbiot_func.o [1]
NBIOT_Neul_NBxx_SetConfigUE
                        0x00c07d   0x90  Code  Gb  nbiot_func.o [1]
NBIOT_Neul_NBxx_SetNewMessageIndications
                        0x00cb78   0x7a  Code  Gb  nbiot_func.o [1]
NBIOT_Neul_NBxx_SetReportTerminationError
                        0x00c990   0x7a  Code  Gb  nbiot_func.o [1]
NBIOT_Neul_NBxx_SetSentMessageIndications
                        0x00cafe   0x7a  Code  Gb  nbiot_func.o [1]
NBIOT_Neul_NBxx_SetSupportedBands
                        0x00ca0a   0x7a  Code  Gb  nbiot_func.o [1]
NET_APP_COAP_PollExecution
                        0x009d47  0x15b  Code  Gb  net_app_coap.o [1]
NET_App_NBIOT_Task      0x00eed4    0xd  Code  Gb  net_app_nbiot.o [1]
NET_NBIOT_COAP_Event_AttachCheck
                        0x00b27f   0xb8  Code  Gb  net_app_coap.o [1]
NET_NBIOT_COAP_Event_AttachExecute
                        0x00be2e   0x94  Code  Gb  net_app_coap.o [1]
NET_NBIOT_COAP_Event_AttachInquire
                        0x00b10a   0xbd  Code  Gb  net_app_coap.o [1]
NET_NBIOT_COAP_Event_CDPServerCheck
                        0x00b9e9   0x9f  Code  Gb  net_app_coap.o [1]
NET_NBIOT_COAP_Event_CDPServerConfig
                        0x00ba88   0x9f  Code  Gb  net_app_coap.o [1]
NET_NBIOT_COAP_Event_HardwareReboot
                        0x00cd3d   0x5f  Code  Gb  net_app_coap.o [1]
NET_NBIOT_COAP_Event_MiscEquipConfig
                        0x0098a7  0x19d  Code  Gb  net_app_coap.o [1]
NET_NBIOT_COAP_Event_ModuleCheck
                        0x00bbc5   0x9c  Code  Gb  net_app_coap.o [1]
NET_NBIOT_COAP_Event_NbandModeCheck
                        0x00b5fc   0xad  Code  Gb  net_app_coap.o [1]
NET_NBIOT_COAP_Event_NbandModeConfig
                        0x00a258  0x120  Code  Gb  net_app_coap.o [1]
NET_NBIOT_COAP_Event_ParameterCheckOut
                        0x00ab64   0xe3  Code  Gb  net_app_coap.o [1]
NET_NBIOT_COAP_Event_ParameterConfig
                        0x0084ba  0x3f0  Code  Gb  net_app_coap.o [1]
NET_NBIOT_COAP_Event_RecvData
                        0x00f23c    0x1  Code  Gb  net_app_coap.o [1]
NET_NBIOT_COAP_Event_ReportError
                        0x00c568   0x8b  Code  Gb  net_app_coap.o [1]
NET_NBIOT_COAP_Event_SendData
                        0x00f23b    0x1  Code  Gb  net_app_coap.o [1]
NET_NBIOT_COAP_Event_SimICCIDCheck
                        0x00c67d   0x88  Code  Gb  net_app_coap.o [1]
NET_NBIOT_COAP_Event_StopMode
                        0x00f23a    0x1  Code  Gb  net_app_coap.o [1]
NET_NBIOT_Client_Init   0x00f226    0x3  Code  Lc  net_app_nbiot.o [1]
NET_NBIOT_Initialization
                        0x00ee31   0x11  Code  Gb  net_app_nbiot.o [1]
NbiotClientHandler      0x00093c  0x172  Data  Gb  net_platform_config.o [1]
NetNbiotClientHandler   0x000e2e    0x1  Data  Lc  net_app_nbiot.o [1]
Net_NBIoT_DataProcessing
                        0x00f23d    0x1  Code  Lc  net_app_nbiot.o [1]
Net_NBIoT_TaskProcessing
                        0x00d872   0x3a  Code  Lc  net_app_nbiot.o [1]
RCC_Configuration       0x00d9ea   0x33  Code  Gb  mcu_init.o [1]
RS485_InitTXE           0x00eec7    0xd  Code  Gb  bsp_uart_fifo.o [1]
RS485_ReciveNew         0x00f239    0x1  Code  Gb  bsp_uart_fifo.o [1]
RS485_SendBefor         0x00eff0    0x9  Code  Gb  bsp_uart_fifo.o [1]
RS485_SendOver          0x00eff9    0x9  Code  Gb  bsp_uart_fifo.o [1]
RTC_CSSLSE_IRQHandler   0x00eaab   0x19  Code  Gb  stm8l15x_it.o [1]
RTC_ClearITPendingBit   0x00eefa    0xc  Code  Gb  stm8l15x_rtc.o [1]
RTC_DateStr             0x000e14    0x4  Data  Gb  Globaldata.o [1]
RTC_GetDate             0x00cdfb   0x5c  Code  Gb  stm8l15x_rtc.o [1]
RTC_GetITStatus         0x00dc00   0x2d  Code  Gb  stm8l15x_rtc.o [1]
RTC_GetTime             0x00cfba   0x55  Code  Gb  stm8l15x_rtc.o [1]
RTC_TimeStr             0x000e10    0x4  Data  Gb  Globaldata.o [1]
Read_ACUM_Flow          0x00ee80    0xf  Code  Gb  Save.o [1]
Region$$Table$$Base     0x00e3a0          --   Gb  - Linker created -
Region$$Table$$Limit    0x00e3b2          --   Gb  - Linker created -
SPI1_IRQHandler         0x00f250    0x1  Code  Gb  stm8l15x_it.o [1]
SWITCH_CSS_BREAK_DAC_IRQHandler
                        0x00f24c    0x1  Code  Gb  stm8l15x_it.o [1]
SYSDivFactor            0x00f1d2    0x5  Data  Gb  stm8l15x_clk.o [1]
Save_Add_Flow           0x00ecfd   0x15  Code  Gb  Save.o [1]
Save_History_Data       0x00a6a8  0x101  Code  Gb  Save.o [1]
Save_SDCF_Flow          0x00ad22   0xd3  Code  Gb  Save.o [1]
Stm8_Calculagraph_CountdownSec
                        0x00ebb4   0x17  Code  Gb  sys.o [1]
Stm8_Calculagraph_IsExpiredSec
                        0x00cf0c   0x58  Code  Gb  sys.o [1]
Stm8_EventRunningTime_Init
                        0x00ed12   0x15  Code  Gb  sys.o [1]
Stm8_GetSecondTick      0x00f151    0x7  Code  Gb  sys.o [1]
SysTick_Handler         0x009a44  0x192  Code  Gb  Sys_Timer.o [1]
Sys_Timer               0x000bdc   0xa0  Data  Lc  Sys_Timer.o [1]
SystemRunningTimesSecond
                        0x000e18    0x4  Data  Gb  sys.o [1]
TIM1_ARRPreloadConfig   0x00ee9d    0xe  Code  Gb  stm8l15x_tim1.o [1]
TIM1_CC_IRQHandler      0x00f24e    0x1  Code  Gb  stm8l15x_it.o [1]
TIM1_ClearITPendingBit  0x00f00b    0x9  Code  Gb  stm8l15x_tim1.o [1]
TIM1_Cmd                0x00eeab    0xe  Code  Gb  stm8l15x_tim1.o [1]
TIM1_DeInit             0x00bd95   0x99  Code  Gb  stm8l15x_tim1.o [1]
TIM1_ITConfig           0x00ea2d   0x1a  Code  Gb  stm8l15x_tim1.o [1]
TIM1_TimeBaseInit       0x00e1a2   0x24  Code  Gb  stm8l15x_tim1.o [1]
TIM1_UPD_OVF_TRG_COM_IRQHandler
                        0x00e95a   0x1b  Code  Gb  stm8l15x_it.o [1]
TIM2_CC_USART2_RX_IRQHandler
                        0x00ec3b   0x16  Code  Gb  stm8l15x_it.o [1]
TIM2_UPD_OVF_TRG_BRK_USART2_TX_IRQHandler
                        0x00ec25   0x16  Code  Gb  stm8l15x_it.o [1]
TIM3_CC_USART3_RX_IRQHandler
                        0x00ec67   0x16  Code  Gb  stm8l15x_it.o [1]
TIM3_UPD_OVF_TRG_BRK_USART3_TX_IRQHandler
                        0x00ec51   0x16  Code  Gb  stm8l15x_it.o [1]
TIM4_UPD_OVF_TRG_IRQHandler
                        0x00f24f    0x1  Code  Gb  stm8l15x_it.o [1]
TRAP_IRQHandler         0x00f23e    0x1  Code  Gb  stm8l15x_it.o [1]
Timer_ISR               0x00b800   0xa7  Code  Gb  bsp_timer.o [1]
USART1_IRQ_RECV         0x00f120    0x7  Code  Gb  bsp_uart_fifo.o [1]
USART1_IRQ_SEND         0x00f119    0x7  Code  Gb  bsp_uart_fifo.o [1]
USART1_RX_TIM5_CC_IRQHandler
                        0x00ec93   0x16  Code  Gb  stm8l15x_it.o [1]
USART1_TX_TIM5_UPD_OVF_TRG_BRK_IRQHandler
                        0x00ec7d   0x16  Code  Gb  stm8l15x_it.o [1]
USART2_IRQ_RECV         0x00f12e    0x7  Code  Gb  bsp_uart_fifo.o [1]
USART2_IRQ_SEND         0x00f127    0x7  Code  Gb  bsp_uart_fifo.o [1]
USART3_IRQ_RECV         0x00f13c    0x7  Code  Gb  bsp_uart_fifo.o [1]
USART3_IRQ_SEND         0x00f135    0x7  Code  Gb  bsp_uart_fifo.o [1]
USART_ClearFlag         0x00f1e6    0x5  Code  Gb  stm8l15x_usart.o [1]
USART_ClearITPendingBit
                        0x00f1eb    0x5  Code  Gb  stm8l15x_usart.o [1]
USART_Cmd               0x00dd07   0x2b  Code  Gb  stm8l15x_usart.o [1]
USART_DeInit            0x00d7f6   0x3e  Code  Gb  stm8l15x_usart.o [1]
USART_GetITStatus       0x00b6a9   0xac  Code  Gb  stm8l15x_usart.o [1]
USART_ITConfig          0x00bec2   0x94  Code  Gb  stm8l15x_usart.o [1]
USART_Init              0x00adf5   0xd3  Code  Gb  stm8l15x_usart.o [1]
USART_ReceiveData8      0x00f1e1    0x5  Code  Gb  stm8l15x_usart.o [1]
USART_SendData8         0x00f0b2    0x8  Code  Gb  stm8l15x_usart.o [1]
UartGetChar             0x00c705   0x86  Code  Lc  bsp_uart_fifo.o [1]
UartIRQ_Recv            0x00a994   0xe8  Code  Lc  bsp_uart_fifo.o [1]
UartIRQ_Send            0x00a122  0x136  Code  Lc  bsp_uart_fifo.o [1]
UartSend                0x00b3ec   0xb2  Code  Lc  bsp_uart_fifo.o [1]
UartVarInit             0x00a8a9   0xeb  Code  Lc  bsp_uart_fifo.o [1]
Wake_Interrupt          0x009fe2  0x140  Code  Gb  rtc.o [1]
WriteRom                0x00b8a7   0xa2  Code  Gb  Save.o [1]
_EncodingSb_Mbtowc      0x00da1d   0x33  Code  Gb  xencoding_sb.o [4]
_EncodingSb_Wctomb      0x00eb56   0x18  Code  Gb  xencoding_sb.o [4]
_Get                    0x00d132   0x17  Code  Lc  xscanfsmall.o [4]
_GetN                   0x00d149   0x2c  Code  Lc  xscanfsmall.o [4]
_GetfldSmall            0x00c911   0x7f  Code  Lc  xscanfsmall.o [4]
_GetintSmall            0x008c63  0x1d5  Code  Lc  xscanfsmall.o [4]
_GetstrSmall            0x0088aa  0x1de  Code  Lc  xscanfsmall.o [4]
_LitobSmall             0x009bd6  0x171  Code  Lc  xprintfsmall.o [4]
_LocaleC_isspace        0x00eadd   0x19  Code  Gb  xlocale_c.o [4]
_LocaleC_isupper        0x00ee52   0x10  Code  Gb  xlocale_c.o [4]
_LocaleC_tolower        0x00eb6e   0x18  Code  Gb  xlocale_c.o [4]
_LocaleEncoding         0x00ef12    0xc  Code  Gb  setlocale.o [4]
_LocaleForCat           0x00edc6   0x13  Code  Gb  setlocale.o [4]
_Locale_Profile         0x000df3    0xe  Data  Gb  setlocale.o [4]
_Mbtowc                 0x00e37f   0x21  Code  Gb  xmbtowc.o [4]
_PrintfSmall            0x008080  0x43a  Code  Gb  xprintfsmall.o [4]
_Prout                  0x00e990   0x1b  Code  Gb  xprout.o [4]
_PutcharSmall           0x00db48   0x2f  Code  Lc  xprintfsmall.o [4]
_PutcharsSmall          0x00d982   0x35  Code  Lc  xprintfsmall.o [4]
_PutstrSmall            0x008a88  0x1db  Code  Lc  xprintfsmall.o [4]
_SProut                 0x00eeb9    0xe  Code  Gb  xsprout.o [4]
_SScin                  0x00e009   0x27  Code  Gb  xsscin.o [4]
_ScanfSmall             0x008e38  0x1d1  Code  Gb  xscanfsmall.o [4]
_UngetN                 0x00de55   0x29  Code  Lc  xscanfsmall.o [4]
_Wctomb                 0x00e8b7   0x1c  Code  Gb  xwctomb.o [4]
__DebugBreak            0x00f252    0x1  Code  Gb  __dbg_break.o [3]
__exit                  0x00ed8c   0x14  Code  Gb  __dbg_xxexit.o [3]
__iar_Errno             0x000e2a    0x2  Data  Gb  errno.o [4]
__iar_Mbcurmax          0x00f1bd    0x6  Code  Gb  xmbcurmax.o [4]
__iar_Memchr            0x00eb3e   0x18  Code  Gb  memchr.o [4]
__iar_Stdout            0x000014   0x28  Data  Gb  xfiles.o [4]
__iar_Stolx             0x00aec8   0xc5  Code  Gb  xstol.o [4]
__iar_Stoul             0x009554    0x7  Code  Gb  xstoul.o [4]
__iar_Stoulx            0x00939d  0x1b7  Code  Gb  xstoul.o [4]
__iar_Strchr            0x00ed27   0x15  Code  Gb  strchr.o [4]
__iar_Strstr            0x00d0ab   0x44  Code  Gb  strstr.o [4]
__iar_Tls_setup__Locale_Profile
                        0x000e26    0x2  Data  Gb  setlocale.o [4]
__iar_Wctob             0x00dab4   0x32  Code  Gb  xwctob.o [4]
__iar_copy_init2        0x00df1e         Code  Gb  init_small.o [4]
__iar_data_init2        0x00ebe2   0x17  Code  Gb  init.o [4]
__iar_program_start     0x00edb3         Code  Gb  cstartup.o [4]
__iar_unhandled_exception
                        0x00f232         Code  Gb  unhandled_exception.o [4]
__iar_zero_init2        0x00e7b5         Code  Gb  init_small.o [4]
__intvec                0x008000         Data  Gb  interrupt.o [4]
__low_level_init        0x00f22c    0x3  Code  Gb  low_level_init.o [4]
__near_Aldata           0x000e1c    0x4  Data  Gb  xxmemxmalloc.o [4]
__near_GetMemChunk      0x00eac4   0x19  Code  Gb  xgetmemchunk.o [4]
__near_findmem          0x00cd9c   0x5f  Code  Lc  xxmemxmalloc.o [4]
_exit                   0x00f20e         Code  Gb  cexit.o [4]
_interrupt_1            0x00f23e         Code  Gb  stm8l15x_it.o [1]
_interrupt_10           0x00ec0f         Code  Gb  stm8l15x_it.o [1]
_interrupt_11           0x00f244         Code  Gb  stm8l15x_it.o [1]
_interrupt_12           0x00f245         Code  Gb  stm8l15x_it.o [1]
_interrupt_13           0x00f246         Code  Gb  stm8l15x_it.o [1]
_interrupt_14           0x00f247         Code  Gb  stm8l15x_it.o [1]
_interrupt_15           0x00f248         Code  Gb  stm8l15x_it.o [1]
_interrupt_16           0x00f249         Code  Gb  stm8l15x_it.o [1]
_interrupt_17           0x00f24a         Code  Gb  stm8l15x_it.o [1]
_interrupt_18           0x00f24b         Code  Gb  stm8l15x_it.o [1]
_interrupt_19           0x00f24c         Code  Gb  stm8l15x_it.o [1]
_interrupt_20           0x00f24d         Code  Gb  stm8l15x_it.o [1]
_interrupt_21           0x00ec25         Code  Gb  stm8l15x_it.o [1]
_interrupt_22           0x00ec3b         Code  Gb  stm8l15x_it.o [1]
_interrupt_23           0x00ec51         Code  Gb  stm8l15x_it.o [1]
_interrupt_24           0x00ec67         Code  Gb  stm8l15x_it.o [1]
_interrupt_25           0x00e95a         Code  Gb  stm8l15x_it.o [1]
_interrupt_26           0x00f24e         Code  Gb  stm8l15x_it.o [1]
_interrupt_27           0x00f24f         Code  Gb  stm8l15x_it.o [1]
_interrupt_28           0x00f250         Code  Gb  stm8l15x_it.o [1]
_interrupt_29           0x00ec7d         Code  Gb  stm8l15x_it.o [1]
_interrupt_3            0x00f23f         Code  Gb  stm8l15x_it.o [1]
_interrupt_30           0x00ec93         Code  Gb  stm8l15x_it.o [1]
_interrupt_31           0x00f251         Code  Gb  stm8l15x_it.o [1]
_interrupt_4            0x00f240         Code  Gb  stm8l15x_it.o [1]
_interrupt_5            0x00f241         Code  Gb  stm8l15x_it.o [1]
_interrupt_6            0x00eaab         Code  Gb  stm8l15x_it.o [1]
_interrupt_7            0x00f242         Code  Gb  stm8l15x_it.o [1]
_interrupt_8            0x00f243         Code  Gb  stm8l15x_it.o [1]
_interrupt_9            0x00ebf9         Code  Gb  stm8l15x_it.o [1]
bc95_check_cmd          0x00e797   0x1e  Code  Lc  nbiot_func.o [1]
bc95_cmd_recv_back      0x00e17e   0x24  Code  Lc  nbiot_func.o [1]
bc95_read_onebyte       0x00cf64   0x56  Code  Lc  nbiot_func.o [1]
bc95_recv_ret_line      0x009009  0x1ca  Code  Lc  nbiot_func.o [1]
bc95_send_at            0x00cbf2   0x73  Code  Lc  nbiot_func.o [1]
bc95_send_cmd           0x00a59d  0x10b  Code  Lc  nbiot_func.o [1]
bsp_CheckTimer          0x00d8ac   0x36  Code  Gb  bsp_timer.o [1]
bsp_Idle                0x00f238    0x1  Code  Gb  bsp.o [1]
bsp_Init                0x00ef87    0xa  Code  Gb  bsp.o [1]
bsp_InitHardTimer       0x00e15a   0x24  Code  Gb  bsp_timer.o [1]
bsp_InitLed             0x00d9b7   0x33  Code  Gb  bsp_led.o [1]
bsp_InitTimer           0x00cc65   0x6f  Code  Gb  bsp_timer.o [1]
bsp_InitUart            0x00ef91    0xa  Code  Gb  bsp_uart_fifo.o [1]
bsp_LedOff              0x00d918   0x35  Code  Gb  bsp_led.o [1]
bsp_LedToggle           0x00d94d   0x35  Code  Gb  bsp_led.o [1]
bsp_RunPer10ms          0x00d0ef   0x43  Code  Gb  bsp.o [1]
bsp_RunPer1ms           0x00f237    0x1  Code  Gb  bsp.o [1]
bsp_SoftTimerDec        0x00d00f   0x52  Code  Lc  bsp_timer.o [1]
bsp_StartTimer          0x00ceb2   0x5a  Code  Gb  bsp_timer.o [1]
chvalid                 0x00e35e   0x21  Code  Lc  xscanfsmall.o [4]
comGetChar              0x00dfbb   0x27  Code  Gb  bsp_uart_fifo.o [1]
comSendBuf              0x00d175   0x42  Code  Gb  bsp_uart_fifo.o [1]
comSendChar             0x00e93f   0x1b  Code  Gb  bsp_uart_fifo.o [1]
debug_level             0x000010    0x4  Data  Lc  basic_fun.o [1]
digits                  0x00e0a2   0x25  Data  Lc  xstoul.o [4]
exit                    0x00f22f    0x3  Code  Gb  exit.o [4]
fputc                   0x00ecd3   0x15  Code  Gb  bsp_uart_fifo.o [1]
free                    0x00ac47   0xdb  Code  Gb  xxmemxfree.o [4]
g_RxBuf1                0x00033c  0x200  Data  Lc  bsp_uart_fifo.o [1]
g_RxBuf2                0x00073c  0x200  Data  Lc  bsp_uart_fifo.o [1]
g_RxBuf3                0x000d0c   0x40  Data  Lc  bsp_uart_fifo.o [1]
g_TxBuf1                0x00013c  0x200  Data  Lc  bsp_uart_fifo.o [1]
g_TxBuf2                0x00053c  0x200  Data  Lc  bsp_uart_fifo.o [1]
g_TxBuf3                0x000ccc   0x40  Data  Lc  bsp_uart_fifo.o [1]
g_iRunTime              0x000e0c    0x4  Data  Gb  bsp_timer.o [1]
g_tUart1                0x000d96   0x1f  Data  Gb  bsp_uart_fifo.o [1]
g_tUart2                0x000db5   0x1f  Data  Gb  bsp_uart_fifo.o [1]
g_tUart3                0x000dd4   0x1f  Data  Gb  bsp_uart_fifo.o [1]
get_debug_level         0x00f112    0x7  Code  Gb  basic_fun.o [1]
isspace                 0x00ef06    0xc  Code  Gb  isxxx.o [4]
main                    0x00ece8   0x15  Code  Gb  main.o [1]
malloc                  0x00bf56   0x94  Code  Gb  xxmemxmalloc.o [4]
memcpy                  0x00e111   0x25  Code  Gb  memcpy.o [4]
memset                  0x00ebcb   0x17  Code  Gb  memset.o [4]
model_sta               0x000e24    0x2  Data  Gb  main.o [1]
ndigs                   0x00e0c7   0x25  Data  Lc  xstoul.o [4]
obuf                    0x000c7c   0x50  Data  Lc  xfiles.o [4]
pad                     0x00d8e2   0x36  Code  Lc  xprintfsmall.o [4]
printf                  0x00e512   0x20  Code  Gb  printf.o [4]
putchar                 0x00f16d    0x7  Code  Gb  putchar.o [4]
s_tTmr                  0x000d4c   0x28  Data  Lc  bsp_timer.o [1]
s_ucTimeOutFlag         0x000e2c    0x1  Data  Lc  bsp_timer.o [1]
s_uiDelayCount          0x000e08    0x4  Data  Lc  bsp_timer.o [1]
sprintf                 0x00d834   0x3e  Code  Gb  sprintf.o [4]
sscanf                  0x00e6a6   0x1f  Code  Gb  sscanf.o [4]
strlen                  0x00edeb   0x12  Code  Gb  strlen.o [4]
strstr                  0x00eda0   0x13  Code  Gb  nbiot_func.o [1]
tolower                 0x00edfd   0x12  Code  Gb  tolower.o [4]
uart_recv_finish_clr    0x00e89b   0x1c  Code  Gb  bsp_uart_fifo.o [1]
uart_recv_finish_get    0x00e22f   0x23  Code  Gb  bsp_uart_fifo.o [1]
uart_recv_finish_set    0x00e4f2   0x20  Code  Lc  bsp_uart_fifo.o [1]


[1] = F:\创力NB\我的工程\my_nb\project\Debug\Obj
[2] = command line
[3] = dbgstm8smd.a
[4] = dlstm8smf.a

  23 533 bytes of readonly  code memory
   5 734 bytes of readonly  data memory
   3 888 bytes of readwrite data memory

Errors: none
Warnings: none
