###############################################################################
#
# IAR ELF Linker V2.20.1.176 for STM8                     26/Sep/2018  17:11:59
# Copyright 2010-2015 IAR Systems AB.
#
#    Output file  =  F:\创力NB\我的工程\my_nb\project\Debug\Exe\project.out
#    Map file     =  F:\创力NB\我的工程\my_nb\project\Debug\List\project.map
#    Command line =  
#        F:\创力NB\我的工程\my_nb\project\Debug\Obj\basic_fun.o
#        F:\创力NB\我的工程\my_nb\project\Debug\Obj\BC95.o
#        F:\创力NB\我的工程\my_nb\project\Debug\Obj\bsp.o
#        F:\创力NB\我的工程\my_nb\project\Debug\Obj\bsp_led.o
#        F:\创力NB\我的工程\my_nb\project\Debug\Obj\bsp_timer.o
#        F:\创力NB\我的工程\my_nb\project\Debug\Obj\bsp_uart_fifo.o
#        F:\创力NB\我的工程\my_nb\project\Debug\Obj\gprs.o
#        F:\创力NB\我的工程\my_nb\project\Debug\Obj\main.o
#        F:\创力NB\我的工程\my_nb\project\Debug\Obj\mcu_init.o
#        F:\创力NB\我的工程\my_nb\project\Debug\Obj\rtc.o
#        F:\创力NB\我的工程\my_nb\project\Debug\Obj\shell.o
#        F:\创力NB\我的工程\my_nb\project\Debug\Obj\stm8l15x_adc.o
#        F:\创力NB\我的工程\my_nb\project\Debug\Obj\stm8l15x_clk.o
#        F:\创力NB\我的工程\my_nb\project\Debug\Obj\stm8l15x_exti.o
#        F:\创力NB\我的工程\my_nb\project\Debug\Obj\stm8l15x_flash.o
#        F:\创力NB\我的工程\my_nb\project\Debug\Obj\stm8l15x_gpio.o
#        F:\创力NB\我的工程\my_nb\project\Debug\Obj\stm8l15x_it.o
#        F:\创力NB\我的工程\my_nb\project\Debug\Obj\stm8l15x_itc.o
#        F:\创力NB\我的工程\my_nb\project\Debug\Obj\stm8l15x_iwdg.o
#        F:\创力NB\我的工程\my_nb\project\Debug\Obj\stm8l15x_pwr.o
#        F:\创力NB\我的工程\my_nb\project\Debug\Obj\stm8l15x_rst.o
#        F:\创力NB\我的工程\my_nb\project\Debug\Obj\stm8l15x_rtc.o
#        F:\创力NB\我的工程\my_nb\project\Debug\Obj\stm8l15x_syscfg.o
#        F:\创力NB\我的工程\my_nb\project\Debug\Obj\stm8l15x_tim1.o
#        F:\创力NB\我的工程\my_nb\project\Debug\Obj\stm8l15x_tim2.o
#        F:\创力NB\我的工程\my_nb\project\Debug\Obj\stm8l15x_tim3.o
#        F:\创力NB\我的工程\my_nb\project\Debug\Obj\stm8l15x_tim4.o
#        F:\创力NB\我的工程\my_nb\project\Debug\Obj\stm8l15x_tim5.o
#        F:\创力NB\我的工程\my_nb\project\Debug\Obj\stm8l15x_usart.o
#        F:\创力NB\我的工程\my_nb\project\Debug\Obj\stm8l15x_wfe.o
#        F:\创力NB\我的工程\my_nb\project\Debug\Obj\stm8l15x_wwdg.o
#        F:\创力NB\我的工程\my_nb\project\Debug\Obj\uart.o --redirect
#        _Printf=_PrintfSmall --redirect _Scanf=_ScanfSmall -o
#        F:\创力NB\我的工程\my_nb\project\Debug\Exe\project.out --map
#        F:\创力NB\我的工程\my_nb\project\Debug\List\project.map --config
#        "C:\Program Files (x86)\IAR Systems\Embedded Workbench
#        7.3\stm8\config\lnkstm8l052r8.icf" --config_def _CSTACK_SIZE=0x300
#        --config_def _HEAP_SIZE=0 --entry __iar_program_start --debug_lib
#
###############################################################################

*******************************************************************************
*** RUNTIME MODEL ATTRIBUTES
***

__Heap_Handler             = Basic
__SystemLibrary            = DLib
__code_model               = small
__core                     = stm8
__data_model               = medium
__dlib_file_descriptor     = 1
__dlib_full_locale_support = 1
__rt_version               = 4


*******************************************************************************
*** PLACEMENT SUMMARY
***

"A1":  place at start of [0x000000-0x0000ff] { rw section .vregs };
"A2":  place at end of [0x000000-0x000fff] { block CSTACK };
"P2":  place in [from 0x000000 to 0x000fff] {
          block HEAP, rw section __DLIB_PERTHREAD, rw section .far.bss,
          rw section .far.data, rw section .far.noinit,
          rw section .far_func.textrw, rw section .huge.bss,
          rw section .huge.data, rw section .huge.noinit,
          rw section .huge_func.textrw, rw section .iar.dynexit,
          rw section .near.bss, rw section .near.data, rw section .near.noinit,
          rw section .near_func.textrw };
"A3":  place at start of [0x008000-0x00ffff] { block INTVEC };
"P3":  place in [from 0x008000 to 0x00ffff] {
          ro section __DLIB_PERTHREAD_init, ro section .far.data_init,
          ro section .far_func.textrw_init, ro section .huge.data_init,
          ro section .huge_func.textrw_init, ro section .iar.init_table,
          ro section .init_array, ro section .near.data_init,
          ro section .near.rodata, ro section .near_func.text,
          ro section .near_func.textrw_init, ro section .tiny.data_init,
          ro section .tiny.rodata_init };

  Section            Kind      Address    Size  Object
  -------            ----      -------    ----  ------
"A1":                                     0x10
  .vregs             uninit   0x000000    0x10  vregs.o [4]
                            - 0x000010    0x10

"P2", part 1 of 3:                        0x3a
  P2-1                        0x000010    0x3a  <Init block>
    .near.data       inited   0x000010     0x4  basic_fun.o [1]
    .near.data       inited   0x000014     0x2  gprs.o [1]
    .near.data       inited   0x000016     0xc  shell.o [1]
    .near.data       inited   0x000022    0x28  xfiles.o [4]
                            - 0x00004a    0x3a

"P2", part 2 of 3:                         0x0
  HEAP                        0x00004a     0x0  <Block>

"P2", part 3 of 3:                       0x739
  .near.bss          zero     0x00004a   0x200  bsp_uart_fifo.o [1]
  .near.bss          zero     0x00024a   0x200  bsp_uart_fifo.o [1]
  .near.bss          zero     0x00044a    0xc8  bsp_uart_fifo.o [1]
  .near.bss          zero     0x000512    0xc8  bsp_uart_fifo.o [1]
  .near.bss          zero     0x0005da    0xc8  shell.o [1]
  .near.bss          zero     0x0006a2    0x50  xfiles.o [4]
  .near.bss          zero     0x0006f2    0x28  bsp_timer.o [1]
  .near.bss          zero     0x00071a    0x1e  bsp_uart_fifo.o [1]
  .near.bss          zero     0x000738    0x1e  bsp_uart_fifo.o [1]
  .near.bss          zero     0x000756     0xe  setlocale.o [4]
  .near.bss          zero     0x000764     0x4  bsp_timer.o [1]
  .near.bss          zero     0x000768     0x4  bsp_timer.o [1]
  .near.bss          zero     0x00076c     0x4  xxmemxmalloc.o [4]
  .near.bss          zero     0x000770     0x2  bsp.o [1]
  .near.bss          zero     0x000772     0x2  gprs.o [1]
  .near.bss          zero     0x000774     0x2  main.o [1]
  .near.bss          zero     0x000776     0x2  main.o [1]
  .near.bss          zero     0x000778     0x2  setlocale.o [4]
  .near.bss          zero     0x00077a     0x2  xgetmemchunk.o [4]
  .near.bss          zero     0x00077c     0x2  errno.o [4]
  .near.bss          zero     0x00077e     0x1  bsp_timer.o [1]
  .near.bss          zero     0x00077f     0x1  bsp_timer.o [1]
  .near.bss          zero     0x000780     0x1  bsp_uart_fifo.o [1]
  .near.bss          zero     0x000781     0x1  bsp_uart_fifo.o [1]
  .near.bss          zero     0x000782     0x1  shell.o [1]
                            - 0x000783   0x739

"A2":                                    0x300
  CSTACK                      0x000d00   0x300  <Block>
    CSTACK           uninit   0x000d00   0x300  <Block tail>
                            - 0x001000   0x300

"A3":                                     0x80
  INTVEC                      0x008000    0x80  <Block>
    .intvec          const    0x008000    0x80  interrupt.o [4]
                            - 0x008080    0x80

"P3":                                   0x3dee
  .near_func.text    ro code  0x008080   0x43a  xprintfsmall.o [4]
  .near.rodata       const    0x0084ba   0x200  main.o [1]
  .near_func.text    ro code  0x0086ba   0x1de  xscanfsmall.o [4]
  .near_func.text    ro code  0x008898   0x1db  xprintfsmall.o [4]
  .near_func.text    ro code  0x008a73   0x1d5  xscanfsmall.o [4]
  .near_func.text    ro code  0x008c48   0x1d1  xscanfsmall.o [4]
  .near_func.text    ro code  0x008e19   0x1ca  gprs.o [1]
  .near_func.text    ro code  0x008fe3   0x1be  xstoul.o [4]
  .near_func.text    ro code  0x0091a1   0x1b2  long.o [4]
  .near_func.text    ro code  0x009353   0x171  xprintfsmall.o [4]
  .near_func.text    ro code  0x0094c4   0x154  vreg_util.o [4]
  .near_func.text    ro code  0x009618   0x136  bsp_uart_fifo.o [1]
  .near_func.text    ro code  0x00974e   0x133  main.o [1]
  .near_func.text    ro code  0x009881   0x110  gprs.o [1]
  .near_func.text    ro code  0x009991    0xfe  gprs.o [1]
  .near_func.text    ro code  0x009a8f    0xe8  bsp_uart_fifo.o [1]
  .near_func.text    ro code  0x009b77    0xdb  xxmemxfree.o [4]
  .near_func.text    ro code  0x009c52    0xd3  stm8l15x_usart.o [1]
  .near.rodata       const    0x009d25    0xc8  shell.o [1]
  .near.rodata       const    0x009ded    0xc8  shell.o [1]
  .near_func.text    ro code  0x009eb5    0xc5  xstol.o [4]
  .near_func.text    ro code  0x009f7a    0xbb  bsp_uart_fifo.o [1]
  .near_func.text    ro code  0x00a035    0xb7  shell.o [1]
  .near_func.text    ro code  0x00a0ec    0xb5  gprs.o [1]
  .near_func.text    ro code  0x00a1a1    0xb2  bsp_uart_fifo.o [1]
  .near_func.text    ro code  0x00a253    0xaf  stm8l15x_gpio.o [1]
  .near_func.text    ro code  0x00a302    0xac  stm8l15x_usart.o [1]
  .near_func.text    ro code  0x00a3ae    0xaa  shell.o [1]
  .near_func.text    ro code  0x00a458    0xa7  bsp_timer.o [1]
  .near_func.text    ro code  0x00a4ff    0x99  stm8l15x_tim1.o [1]
  .near_func.text    ro code  0x00a598    0x94  stm8l15x_usart.o [1]
  .near_func.text    ro code  0x00a62c    0x94  xxmemxmalloc.o [4]
  .near_func.text    ro code  0x00a6c0    0x93  stm8l15x_clk.o [1]
  .near_func.text    ro code  0x00a753    0x91  bsp_uart_fifo.o [1]
  .near_func.text    ro code  0x00a7e4    0x8e  stm8l15x_clk.o [1]
  .near_func.text    ro code  0x00a872    0x86  bsp_uart_fifo.o [1]
  .near_func.text    ro code  0x00a8f8    0x7f  xscanfsmall.o [4]
  .near_func.text    ro code  0x00a977    0x76  long_util.o [4]
  .near_func.text    ro code  0x00a9ed    0x71  gprs.o [1]
  .near_func.text    ro code  0x00aa5e    0x6f  bsp_timer.o [1]
  .near_func.text    ro code  0x00aacd    0x6e  shell.o [1]
  .near_func.text    ro code  0x00ab3b    0x66  gprs.o [1]
  .near_func.text    ro code  0x00aba1    0x5f  xxmemxmalloc.o [4]
  .near_func.text    ro code  0x00ac00    0x5a  bsp_timer.o [1]
  .near_func.text    ro code  0x00ac5a    0x59  bsp_uart_fifo.o [1]
  .near_func.text    ro code  0x00acb3    0x52  bsp_timer.o [1]
  .near_func.text    ro code  0x00ad05    0x4b  gprs.o [1]
  .near_func.text    ro code  0x00ad50    0x48  basic_fun.o [1]
  .near_func.text    ro code  0x00ad98    0x44  strstr.o [4]
  .near_func.text    ro code  0x00addc    0x43  bsp.o [1]
  .near_func.text    ro code  0x00ae1f    0x43  shell.o [1]
  .near_func.text    ro code  0x00ae62    0x43  xscanfsmall.o [4]
  .near_func.text    ro code  0x00aea5    0x42  bsp_uart_fifo.o [1]
  .near.rodata       const    0x00aee7    0x40  gprs.o [1]
  .near.rodata       const    0x00af27    0x40  gprs.o [1]
  .near_func.text    ro code  0x00af67    0x3f  basic_fun.o [1]
  .near_func.text    ro code  0x00afa6    0x3f  xprintfsmall.o [4]
  .near_func.text    ro code  0x00afe5    0x3e  gprs.o [1]
  .near_func.text    ro code  0x00b023    0x3e  stm8l15x_usart.o [1]
  Initializer bytes  const    0x00b061    0x3a  <for P2-1>
  .near_func.text    ro code  0x00b09b    0x36  bsp_timer.o [1]
  .near_func.text    ro code  0x00b0d1    0x36  xprintfsmall.o [4]
  .near_func.text    ro code  0x00b107    0x35  bsp_led.o [1]
  .near_func.text    ro code  0x00b13c    0x35  bsp_led.o [1]
  .near_func.text    ro code  0x00b171    0x35  xprintfsmall.o [4]
  .near_func.text    ro code  0x00b1a6    0x33  bsp_led.o [1]
  .near_func.text    ro code  0x00b1d9    0x33  mcu_init.o [1]
  .near_func.text    ro code  0x00b20c    0x33  xencoding_sb.o [4]
  .near_func.text    ro code  0x00b23f    0x32  short.o [4]
  .near_func.text    ro code  0x00b271    0x32  xwctob.o [4]
  .near_func.text    ro code  0x00b2a3    0x2f  xprintfsmall.o [4]
  .near_func.text    ro code  0x00b2d2    0x2d  bsp_uart_fifo.o [1]
  .near.rodata       const    0x00b2ff    0x2c  gprs.o [1]
  .near_func.text    ro code  0x00b32b    0x2c  stm8l15x_gpio.o [1]
  .near_func.text    ro code  0x00b357    0x2b  stm8l15x_usart.o [1]
  .near.rodata       const    0x00b382    0x29  gprs.o [1]
  .near_func.text    ro code  0x00b3ab    0x29  xscanfsmall.o [4]
  .near.rodata       const    0x00b3d4    0x28  gprs.o [1]
  .near.rodata       const    0x00b3fc    0x28  gprs.o [1]
  .near_func.text    ro code  0x00b424    0x28  init_small.o [4]
  .near_func.text    ro code  0x00b44c    0x27  bsp_uart_fifo.o [1]
  .near_func.text    ro code  0x00b473    0x27  xsscin.o [4]
  .near.rodata       const    0x00b49a    0x26  gprs.o [1]
  .near.rodata       const    0x00b4c0    0x25  main.o [1]
  .near.rodata       const    0x00b4e5    0x25  xstoul.o [4]
  .near.rodata       const    0x00b50a    0x25  xstoul.o [4]
  .near_func.text    ro code  0x00b52f    0x25  memcpy.o [4]
  .near.rodata       const    0x00b554    0x24  gprs.o [1]
  .near.rodata       const    0x00b578    0x24  gprs.o [1]
  .near.rodata       const    0x00b59c    0x24  gprs.o [1]
  .near_func.text    ro code  0x00b5c0    0x24  bsp_timer.o [1]
  .near_func.text    ro code  0x00b5e4    0x24  stm8l15x_tim1.o [1]
  .near.rodata       const    0x00b608    0x23  gprs.o [1]
  .near_func.text    ro code  0x00b62b    0x22  strcmp.o [4]
  .near_func.text    ro code  0x00b64d    0x21  bsp_uart_fifo.o [1]
  .near_func.text    ro code  0x00b66e    0x21  main.o [1]
  .near_func.text    ro code  0x00b68f    0x21  xscanfsmall.o [4]
  .near_func.text    ro code  0x00b6b0    0x21  xmbtowc.o [4]
  .iar.init_table    const    0x00b6d1    0x12  - Linker created -
  .near.rodata       const    0x00b6e3    0x20  gprs.o [1]
  .near.rodata       const    0x00b703    0x20  gprs.o [1]
  .near.rodata       const    0x00b723    0x20  gprs.o [1]
  .near.rodata       const    0x00b743    0x20  gprs.o [1]
  .near.rodata       const    0x00b763    0x20  gprs.o [1]
  .near_func.text    ro code  0x00b783    0x20  printf.o [4]
  .near.rodata       const    0x00b7a3    0x1f  shell.o [1]
  .near_func.text    ro code  0x00b7c2    0x1f  move.o [4]
  .near_func.text    ro code  0x00b7e1    0x1f  sscanf.o [4]
  .near_func.text    ro code  0x00b800    0x1e  gprs.o [1]
  .near_func.text    ro code  0x00b81e    0x1e  init_small.o [4]
  .near_func.text    ro code  0x00b83c    0x1d  gprs.o [1]
  .near_func.text    ro code  0x00b859    0x1c  xwctomb.o [4]
  .near_func.text    ro code  0x00b875    0x1b  basic_fun.o [1]
  .near_func.text    ro code  0x00b890    0x1b  bsp_uart_fifo.o [1]
  .near_func.text    ro code  0x00b8ab    0x1b  stm8l15x_it.o [1]
  .near_func.text    ro code  0x00b8c6    0x1b  xprout.o [4]
  .near_func.text    ro code  0x00b8e1    0x1a  bsp_uart_fifo.o [1]
  .near_func.text    ro code  0x00b8fb    0x1a  bsp_uart_fifo.o [1]
  .near_func.text    ro code  0x00b915    0x1a  stm8l15x_tim1.o [1]
  .near.rodata       const    0x00b92f    0x19  gprs.o [1]
  .near.rodata       const    0x00b948    0x19  main.o [1]
  .near_func.text    ro code  0x00b961    0x19  xgetmemchunk.o [4]
  .near_func.text    ro code  0x00b97a    0x19  xlocale_c.o [4]
  .near_func.text    ro code  0x00b993    0x18  memchr.o [4]
  .near_func.text    ro code  0x00b9ab    0x18  xencoding_sb.o [4]
  .near_func.text    ro code  0x00b9c3    0x18  xlocale_c.o [4]
  .near_func.text    ro code  0x00b9db    0x17  memset.o [4]
  .near_func.text    ro code  0x00b9f2    0x17  init.o [4]
  .near.rodata       const    0x00ba09    0x16  gprs.o [1]
  .near_func.text    ro code  0x00ba1f    0x16  stm8l15x_it.o [1]
  .near_func.text    ro code  0x00ba35    0x16  stm8l15x_it.o [1]
  .near_func.text    ro code  0x00ba4b    0x16  stm8l15x_it.o [1]
  .near_func.text    ro code  0x00ba61    0x16  stm8l15x_it.o [1]
  .near_func.text    ro code  0x00ba77    0x16  stm8l15x_it.o [1]
  .near_func.text    ro code  0x00ba8d    0x16  stm8l15x_it.o [1]
  .near.rodata       const    0x00baa3    0x15  shell.o [1]
  .near_func.text    ro code  0x00bab8    0x15  bsp_uart_fifo.o [1]
  .near_func.text    ro code  0x00bacd    0x15  strchr.o [4]
  .near_func.text    ro code  0x00bae2    0x14  xprintfsmall.o [4]
  .near_func.text    ro code  0x00baf6    0x14  xprintfsmall.o [4]
  .near_func.text    ro code  0x00bb0a    0x14  __dbg_xxexit.o [3]
  .near.rodata       const    0x00bb1e    0x13  shell.o [1]
  .near_func.text    ro code  0x00bb31    0x13  main.o [1]
  .near_func.text    ro code  0x00bb44    0x13  cstartup.o [4]
  .near_func.text    ro code  0x00bb57    0x13  setlocale.o [4]
  .near_func.text    ro code  0x00bb6a    0x12  strlen.o [4]
  .near_func.text    ro code  0x00bb7c    0x12  tolower.o [4]
  .near.rodata       const    0x00bb8e    0x11  main.o [1]
  .near_func.text    ro code  0x00bb9f    0x10  xprintfsmall.o [4]
  .near_func.text    ro code  0x00bbaf    0x10  xlocale_c.o [4]
  .near_func.text    ro code  0x00bbbf     0xf  main.o [1]
  .near_func.text    ro code  0x00bbce     0xe  stm8l15x_clk.o [1]
  .near_func.text    ro code  0x00bbdc     0xe  stm8l15x_tim1.o [1]
  .near_func.text    ro code  0x00bbea     0xe  stm8l15x_tim1.o [1]
  .near_func.text    ro code  0x00bbf8     0xd  bsp_uart_fifo.o [1]
  .near_func.text    ro code  0x00bc05     0xc  isxxx.o [4]
  .near_func.text    ro code  0x00bc11     0xc  setlocale.o [4]
  .near_func.text    ro code  0x00bc1d     0xb  xprintfsmall.o [4]
  .near_func.text    ro code  0x00bc28     0xb  xscanfsmall.o [4]
  .near.rodata       const    0x00bc33     0xa  gprs.o [1]
  .near_func.text    ro code  0x00bc3d     0xa  bsp.o [1]
  .near_func.text    ro code  0x00bc47     0xa  bsp_uart_fifo.o [1]
  .near_func.text    ro code  0x00bc51     0xa  xprintfsmall.o [4]
  .near_func.text    ro code  0x00bc5b     0xa  xprintfsmall.o [4]
  .near_func.text    ro code  0x00bc65     0xa  xscanfsmall.o [4]
  .near_func.text    ro code  0x00bc6f     0xa  isxxx.o [4]
  .near.rodata       const    0x00bc79     0x9  gprs.o [1]
  .near.rodata       const    0x00bc82     0x9  gprs.o [1]
  .near_func.text    ro code  0x00bc8b     0x9  stm8l15x_tim1.o [1]
  .near_func.text    ro code  0x00bc94     0x9  xprintfsmall.o [4]
  .near_func.text    ro code  0x00bc9d     0x9  xprintfsmall.o [4]
  .near_func.text    ro code  0x00bca6     0x9  xprintfsmall.o [4]
  .near_func.text    ro code  0x00bcaf     0x9  xprintfsmall.o [4]
  .near_func.text    ro code  0x00bcb8     0x9  xprintfsmall.o [4]
  .near_func.text    ro code  0x00bcc1     0x9  xscanfsmall.o [4]
  .near.rodata       const    0x00bcca     0x8  gprs.o [1]
  .near.rodata       const    0x00bcd2     0x8  xprintfsmall.o [4]
  .near.rodata       const    0x00bcda     0x8  xprintfsmall.o [4]
  .near.rodata       const    0x00bce2     0x8  xscanfsmall.o [4]
  .near.rodata       const    0x00bcea     0x8  xscanfsmall.o [4]
  .near.rodata       const    0x00bcf2     0x8  xwctob.o [4]
  .near.rodata       const    0x00bcfa     0x8  xencoding_sb.o [4]
  .near.rodata       const    0x00bd02     0x8  xencoding_sb.o [4]
  .near_func.text    ro code  0x00bd0a     0x8  stm8l15x_gpio.o [1]
  .near_func.text    ro code  0x00bd12     0x8  stm8l15x_usart.o [1]
  .near_func.text    ro code  0x00bd1a     0x8  xprintfsmall.o [4]
  .near_func.text    ro code  0x00bd22     0x8  xprintfsmall.o [4]
  .near_func.text    ro code  0x00bd2a     0x8  xscanfsmall.o [4]
  .near_func.text    ro code  0x00bd32     0x8  xxmemxmalloc.o [4]
  .near.rodata       const    0x00bd3a     0x7  gprs.o [1]
  .near.rodata       const    0x00bd41     0x7  main.o [1]
  .near.rodata       const    0x00bd48     0x7  xprintfsmall.o [4]
  .near.rodata       const    0x00bd4f     0x7  xscanfsmall.o [4]
  .near_func.text    ro code  0x00bd56     0x7  basic_fun.o [1]
  .near_func.text    ro code  0x00bd5d     0x7  bsp_uart_fifo.o [1]
  .near_func.text    ro code  0x00bd64     0x7  bsp_uart_fifo.o [1]
  .near_func.text    ro code  0x00bd6b     0x7  bsp_uart_fifo.o [1]
  .near_func.text    ro code  0x00bd72     0x7  bsp_uart_fifo.o [1]
  .near_func.text    ro code  0x00bd79     0x7  stm8l15x_gpio.o [1]
  .near_func.text    ro code  0x00bd80     0x7  xprintfsmall.o [4]
  .near_func.text    ro code  0x00bd87     0x7  xprintfsmall.o [4]
  .near_func.text    ro code  0x00bd8e     0x7  xxmemxmalloc.o [4]
  .near_func.text    ro code  0x00bd95     0x7  putchar.o [4]
  .near_func.text    ro code  0x00bd9c     0x7  setlocale.o [4]
  .near.rodata       const    0x00bda3     0x6  gprs.o [1]
  .near.rodata       const    0x00bda9     0x6  main.o [1]
  .near.rodata       const    0x00bdaf     0x6  shell.o [1]
  .near_func.text    ro code  0x00bdb5     0x6  xprintfsmall.o [4]
  .near_func.text    ro code  0x00bdbb     0x6  xprintfsmall.o [4]
  .near_func.text    ro code  0x00bdc1     0x6  xprintfsmall.o [4]
  .near_func.text    ro code  0x00bdc7     0x6  xprintfsmall.o [4]
  .near_func.text    ro code  0x00bdcd     0x6  xscanfsmall.o [4]
  .near_func.text    ro code  0x00bdd3     0x6  xmbcurmax.o [4]
  .near.rodata       const    0x00bdd9     0x5  gprs.o [1]
  .near.rodata       const    0x00bdde     0x5  gprs.o [1]
  .near.rodata       const    0x00bde3     0x5  shell.o [1]
  .near.rodata       const    0x00bde8     0x5  stm8l15x_clk.o [1]
  .near.rodata       const    0x00bded     0x5  xscanfsmall.o [4]
  .near_func.text    ro code  0x00bdf2     0x5  stm8l15x_usart.o [1]
  .near_func.text    ro code  0x00bdf7     0x5  stm8l15x_usart.o [1]
  .near_func.text    ro code  0x00bdfc     0x5  stm8l15x_usart.o [1]
  .near_func.text    ro code  0x00be01     0x5  xprintfsmall.o [4]
  .near_func.text    ro code  0x00be06     0x5  xprintfsmall.o [4]
  .near_func.text    ro code  0x00be0b     0x5  xprintfsmall.o [4]
  .near_func.text    ro code  0x00be10     0x5  xprintfsmall.o [4]
  .near_func.text    ro code  0x00be15     0x5  xscanfsmall.o [4]
  .near_func.text    ro code  0x00be1a     0x5  cexit.o [4]
  .near.rodata       const    0x00be1f     0x4  shell.o [1]
  .near.rodata       const    0x00be23     0x4  shell.o [1]
  .near_func.text    ro code  0x00be27     0x4  stm8l15x_clk.o [1]
  .near_func.text    ro code  0x00be2b     0x4  stm8l15x_clk.o [1]
  .near_func.text    ro code  0x00be2f     0x4  setlocale.o [4]
  .near.rodata       const    0x00be33     0x3  gprs.o [1]
  .near.rodata       const    0x00be36     0x3  main.o [1]
  .near.rodata       const    0x00be39     0x3  shell.o [1]
  .near.rodata       const    0x00be3c     0x3  shell.o [1]
  .near_func.text    ro code  0x00be3f     0x3  interrupt.o [4]
  .near_func.text    ro code  0x00be42     0x3  low_level_init.o [4]
  .near_func.text    ro code  0x00be45     0x3  exit.o [4]
  .near_func.text    ro code  0x00be48     0x3  unhandled_exception.o [4]
  .near.rodata       const    0x00be4b     0x2  gprs.o [1]
  .near.rodata       const    0x00be4d     0x2  main.o [1]
  .near.rodata       const    0x00be4f     0x2  shell.o [1]
  .near_func.text    ro code  0x00be51     0x1  bsp.o [1]
  .near_func.text    ro code  0x00be52     0x1  bsp.o [1]
  .near_func.text    ro code  0x00be53     0x1  bsp_uart_fifo.o [1]
  .near_func.text    ro code  0x00be54     0x1  bsp_uart_fifo.o [1]
  .near_func.text    ro code  0x00be55     0x1  main.o [1]
  .near_func.text    ro code  0x00be56     0x1  stm8l15x_it.o [1]
  .near_func.text    ro code  0x00be57     0x1  stm8l15x_it.o [1]
  .near_func.text    ro code  0x00be58     0x1  stm8l15x_it.o [1]
  .near_func.text    ro code  0x00be59     0x1  stm8l15x_it.o [1]
  .near_func.text    ro code  0x00be5a     0x1  stm8l15x_it.o [1]
  .near_func.text    ro code  0x00be5b     0x1  stm8l15x_it.o [1]
  .near_func.text    ro code  0x00be5c     0x1  stm8l15x_it.o [1]
  .near_func.text    ro code  0x00be5d     0x1  stm8l15x_it.o [1]
  .near_func.text    ro code  0x00be5e     0x1  stm8l15x_it.o [1]
  .near_func.text    ro code  0x00be5f     0x1  stm8l15x_it.o [1]
  .near_func.text    ro code  0x00be60     0x1  stm8l15x_it.o [1]
  .near_func.text    ro code  0x00be61     0x1  stm8l15x_it.o [1]
  .near_func.text    ro code  0x00be62     0x1  stm8l15x_it.o [1]
  .near_func.text    ro code  0x00be63     0x1  stm8l15x_it.o [1]
  .near_func.text    ro code  0x00be64     0x1  stm8l15x_it.o [1]
  .near_func.text    ro code  0x00be65     0x1  stm8l15x_it.o [1]
  .near_func.text    ro code  0x00be66     0x1  stm8l15x_it.o [1]
  .near_func.text    ro code  0x00be67     0x1  stm8l15x_it.o [1]
  .near_func.text    ro code  0x00be68     0x1  stm8l15x_it.o [1]
  .near_func.text    ro code  0x00be69     0x1  stm8l15x_it.o [1]
  .near_func.text    ro code  0x00be6a     0x1  stm8l15x_it.o [1]
  .near_func.text    ro code  0x00be6b     0x1  stm8l15x_it.o [1]
  .near_func.text    ro code  0x00be6c     0x1  stm8l15x_it.o [1]
  .near_func.text    ro code  0x00be6d     0x1  __dbg_break.o [3]
                            - 0x00be6e  0x3dee


*******************************************************************************
*** INIT TABLE
***

          Address   Size
          -------   ----
Zero (__iar_zero_init2)
    1 destination range, total size 0x739:
          0x00004a  0x739

Copy (__iar_copy_init2)
    1 source range, total size 0x3a:
          0x00b061   0x3a
    1 destination range, total size 0x3a:
          0x000010   0x3a



*******************************************************************************
*** MODULE SUMMARY
***

    Module                 ro code  ro data  rw data
    ------                 -------  -------  -------
F:\创力NB\我的工程\my_nb\project\Debug\Obj: [1]
    basic_fun.o                169        4        4
    bsp.o                       79                 2
    bsp_led.o                  157
    bsp_timer.o                540                50
    bsp_uart_fifo.o          1 611             1 486
    gprs.o                   1 576      747        4
    main.o                     375      609        4
    mcu_init.o                  51
    shell.o                    530      510      213
    stm8l15x_clk.o             311        5
    stm8l15x_gpio.o            234
    stm8l15x_it.o              182
    stm8l15x_tim1.o            252
    stm8l15x_usart.o           659
    ------------------------------------------------
    Total:                   6 726    1 875    1 763

command line: [2]
    ------------------------------------------------
    Total:

dbgstm8smd.a: [3]
    __dbg_break.o                1
    __dbg_xxexit.o              20
    ------------------------------------------------
    Total:                      21

dlstm8smf.a: [4]
    cexit.o                      5
    cstartup.o                  19
    errno.o                                        2
    exit.o                       3
    init.o                      23
    init_small.o                70
    interrupt.o                  3      128
    isxxx.o                     22
    long.o                     434
    long_util.o                118
    low_level_init.o             3
    memchr.o                    24
    memcpy.o                    37
    memset.o                    23
    move.o                      31
    printf.o                    32
    putchar.o                    7
    setlocale.o                 42                16
    short.o                     50
    sscanf.o                    31
    strchr.o                    21
    strcmp.o                    34
    strlen.o                    18
    strstr.o                    68
    tolower.o                   18
    unhandled_exception.o        3
    vreg_util.o                340
    vregs.o                                       16
    xencoding_sb.o              75       16
    xfiles.o                             40      120
    xgetmemchunk.o              25                 2
    xlocale_c.o                 65
    xmbcurmax.o                  6
    xmbtowc.o                   33
    xprintfsmall.o           2 349       23
    xprout.o                    27
    xscanfsmall.o            1 729       28
    xsscin.o                    39
    xstol.o                    197
    xstoul.o                   446       74
    xwctob.o                    50        8
    xwctomb.o                   28
    xxmemxfree.o               219
    xxmemxmalloc.o             258                 4
    ------------------------------------------------
    Total:                   7 025      317      160

    Linker created                       18      768
----------------------------------------------------
    Grand Total:            13 772    2 210    2 691


*******************************************************************************
*** ENTRY LIST
***

Entry                    Address   Size  Type      Object
-----                    -------   ----  ----      ------
.iar.init_table$$Base   0x00b6d1          --   Gb  - Linker created -
.iar.init_table$$Limit  0x00b6e3          --   Gb  - Linker created -
?add32_l0_l0_0x         0x0091e0         Code  Gb  long.o [4]
?add32_l0_l0_l1         0x0091dd         Code  Gb  long.o [4]
?and32_l0_l0_0x         0x009323         Code  Gb  long.o [4]
?and32_l0_l0_l1         0x009320         Code  Gb  long.o [4]
?b0                     0x000000         Data  Gb  vregs.o [4]
?b1                     0x000001         Data  Gb  vregs.o [4]
?b10                    0x00000a         Data  Gb  vregs.o [4]
?b11                    0x00000b         Data  Gb  vregs.o [4]
?b12                    0x00000c         Data  Gb  vregs.o [4]
?b13                    0x00000d         Data  Gb  vregs.o [4]
?b14                    0x00000e         Data  Gb  vregs.o [4]
?b15                    0x00000f         Data  Gb  vregs.o [4]
?b2                     0x000002         Data  Gb  vregs.o [4]
?b3                     0x000003         Data  Gb  vregs.o [4]
?b4                     0x000004         Data  Gb  vregs.o [4]
?b5                     0x000005         Data  Gb  vregs.o [4]
?b6                     0x000006         Data  Gb  vregs.o [4]
?b7                     0x000007         Data  Gb  vregs.o [4]
?b8                     0x000008         Data  Gb  vregs.o [4]
?b9                     0x000009         Data  Gb  vregs.o [4]
?dec32_0x_0x            0x0091c9         Code  Gb  long.o [4]
?dec32_l0_l0            0x0091c4         Code  Gb  long.o [4]
?e0                     0x000001         Data  Gb  vregs.o [4]
?e1                     0x000005         Data  Gb  vregs.o [4]
?e2                     0x000009         Data  Gb  vregs.o [4]
?e3                     0x00000d         Data  Gb  vregs.o [4]
?epilogue_l2            0x009575         Code  Gb  vreg_util.o [4]
?epilogue_l2_l3         0x009572         Code  Gb  vreg_util.o [4]
?epilogue_l2_w6         0x009579         Code  Gb  vreg_util.o [4]
?epilogue_w4            0x009580         Code  Gb  vreg_util.o [4]
?inc32_0x_0x            0x0091b6         Code  Gb  long.o [4]
?inc32_l0_l0            0x0091b1         Code  Gb  long.o [4]
?l0                     0x000000         Data  Gb  vregs.o [4]
?l1                     0x000004         Data  Gb  vregs.o [4]
?l2                     0x000008         Data  Gb  vregs.o [4]
?l3                     0x00000c         Data  Gb  vregs.o [4]
?load32_0x_l0           0x00a9c0         Code  Gb  long_util.o [4]
?load32_0x_l2           0x00a9df         Code  Gb  long_util.o [4]
?load32_asp_l0          0x00a9b4         Code  Gb  long_util.o [4]
?load32_asp_l2          0x00a9d3         Code  Gb  long_util.o [4]
?load32_dbsp_l0         0x00a9af         Code  Gb  long_util.o [4]
?load32_dbsp_l2         0x00a9ce         Code  Gb  long_util.o [4]
?load32_l0_0x           0x00a987         Code  Gb  long_util.o [4]
?load32_l0_asp          0x00a97c         Code  Gb  long_util.o [4]
?load32_l0_dbsp         0x00a977         Code  Gb  long_util.o [4]
?load32_l0_xsp          0x00a97e         Code  Gb  long_util.o [4]
?load32_l1_0x           0x00a9a3         Code  Gb  long_util.o [4]
?load32_l1_asp          0x00a998         Code  Gb  long_util.o [4]
?load32_l1_dbsp         0x00a993         Code  Gb  long_util.o [4]
?load32_l1_xsp          0x00a99a         Code  Gb  long_util.o [4]
?load32_xsp_l0          0x00a9b6         Code  Gb  long_util.o [4]
?load32_xsp_l2          0x00a9d5         Code  Gb  long_util.o [4]
?mov_e0_e1              0x0095cd         Code  Gb  vreg_util.o [4]
?mov_e0_e2              0x0095da         Code  Gb  vreg_util.o [4]
?mov_e0_e3              0x0095e7         Code  Gb  vreg_util.o [4]
?mov_e1_e0              0x0095f4         Code  Gb  vreg_util.o [4]
?mov_e2_e0              0x009601         Code  Gb  vreg_util.o [4]
?mov_e3_e0              0x00960e         Code  Gb  vreg_util.o [4]
?mov_l0_l1              0x0095ca         Code  Gb  vreg_util.o [4]
?mov_l0_l2              0x0095d7         Code  Gb  vreg_util.o [4]
?mov_l0_l3              0x0095e4         Code  Gb  vreg_util.o [4]
?mov_l1_l0              0x0095f1         Code  Gb  vreg_util.o [4]
?mov_l2_l0              0x0095fe         Code  Gb  vreg_util.o [4]
?mov_l3_l0              0x00960b         Code  Gb  vreg_util.o [4]
?mov_w0_w4              0x009584         Code  Gb  vreg_util.o [4]
?mov_w0_w5              0x00958b         Code  Gb  vreg_util.o [4]
?mov_w0_w6              0x009592         Code  Gb  vreg_util.o [4]
?mov_w1_w3              0x0095d0         Code  Gb  vreg_util.o [4]
?mov_w1_w4              0x009599         Code  Gb  vreg_util.o [4]
?mov_w1_w5              0x0095dd         Code  Gb  vreg_util.o [4]
?mov_w1_w7              0x0095ea         Code  Gb  vreg_util.o [4]
?mov_w2_w1              0x0095a0         Code  Gb  vreg_util.o [4]
?mov_w3_w0              0x0095a7         Code  Gb  vreg_util.o [4]
?mov_w3_w1              0x0095f7         Code  Gb  vreg_util.o [4]
?mov_w4_w0              0x0095ae         Code  Gb  vreg_util.o [4]
?mov_w4_w1              0x0095b5         Code  Gb  vreg_util.o [4]
?mov_w5_w0              0x0095bc         Code  Gb  vreg_util.o [4]
?mov_w5_w1              0x009604         Code  Gb  vreg_util.o [4]
?mov_w6_w0              0x0095c3         Code  Gb  vreg_util.o [4]
?mov_w7_w1              0x009611         Code  Gb  vreg_util.o [4]
?move1616_v_x_y_a       0x00b7d4         Code  Gb  move.o [4]
?move1616_v_x_y_tos16   0x00b7c2         Code  Gb  move.o [4]
?mul16_x_x_w0           0x00b23f         Code  Gb  short.o [4]
?mul32_l0_l0_l1         0x009213         Code  Gb  long.o [4]
?neg32_l0_l0            0x0091a1         Code  Gb  long.o [4]
?pop_l0                 0x00953e         Code  Gb  vreg_util.o [4]
?pop_l1                 0x009549         Code  Gb  vreg_util.o [4]
?pop_l2                 0x009554         Code  Gb  vreg_util.o [4]
?pop_l3                 0x00955f         Code  Gb  vreg_util.o [4]
?pop_w4                 0x0094f0         Code  Gb  vreg_util.o [4]
?pop_w6                 0x0094f7         Code  Gb  vreg_util.o [4]
?pop_w7                 0x0094fe         Code  Gb  vreg_util.o [4]
?push_l0                0x00950d         Code  Gb  vreg_util.o [4]
?push_l1                0x009512         Code  Gb  vreg_util.o [4]
?push_l2                0x009517         Code  Gb  vreg_util.o [4]
?push_l3                0x00951c         Code  Gb  vreg_util.o [4]
?push_w0                0x0094c4         Code  Gb  vreg_util.o [4]
?push_w1                0x0094c9         Code  Gb  vreg_util.o [4]
?push_w4                0x0094ce         Code  Gb  vreg_util.o [4]
?push_w6                0x0094d3         Code  Gb  vreg_util.o [4]
?push_w7                0x0094d8         Code  Gb  vreg_util.o [4]
?scmp32_c_l0_l1         0x009309         Code  Gb  long.o [4]
?sext16_x_a             0x00b26a         Code  Gb  short.o [4]
?sext32_l0_a            0x009346         Code  Gb  long.o [4]
?sext32_l0_x            0x00933b         Code  Gb  long.o [4]
?sll16_x_x_a            0x00b25d         Code  Gb  short.o [4]
?srl16_x_x_4            0x00b265         Code  Gb  short.o [4]
?sub32_l0_l0_0x         0x0091fb         Code  Gb  long.o [4]
?sub32_l0_l0_l1         0x0091f8         Code  Gb  long.o [4]
?ucmp32_c_l0_l1         0x0092fe         Code  Gb  long.o [4]
?udiv32_l0_l0_l1        0x009291         Code  Gb  long.o [4]
?umod32_l1_l0_l1        0x009291         Code  Gb  long.o [4]
?w0                     0x000000         Data  Gb  vregs.o [4]
?w1                     0x000002         Data  Gb  vregs.o [4]
?w2                     0x000004         Data  Gb  vregs.o [4]
?w3                     0x000006         Data  Gb  vregs.o [4]
?w4                     0x000008         Data  Gb  vregs.o [4]
?w5                     0x00000a         Data  Gb  vregs.o [4]
?w6                     0x00000c         Data  Gb  vregs.o [4]
?w7                     0x00000e         Data  Gb  vregs.o [4]
ADC1_COMP_IRQHandler    0x00be68    0x1  Code  Gb  stm8l15x_it.o [1]
AscToHex                0x00af67   0x3f  Code  Gb  basic_fun.o [1]
BufAscToHex             0x00ad50   0x48  Code  Gb  basic_fun.o [1]
CLK_GetClockFreq        0x00a6c0   0x93  Code  Gb  stm8l15x_clk.o [1]
CLK_HSICmd              0x00bbce    0xe  Code  Gb  stm8l15x_clk.o [1]
CLK_PeripheralClockConfig
                        0x00a7e4   0x8e  Code  Gb  stm8l15x_clk.o [1]
CLK_SYSCLKDivConfig     0x00be2b    0x4  Code  Gb  stm8l15x_clk.o [1]
CLK_SYSCLKSourceConfig  0x00be27    0x4  Code  Gb  stm8l15x_clk.o [1]
CSTACK$$Base            0x000d00          --   Gb  - Linker created -
CSTACK$$Limit           0x001000          --   Gb  - Linker created -
ComToUart               0x00b8e1   0x1a  Code  Gb  bsp_uart_fifo.o [1]
DMA1_CHANNEL0_1_IRQHandler
                        0x00be58    0x1  Code  Gb  stm8l15x_it.o [1]
DMA1_CHANNEL2_3_IRQHandler
                        0x00be59    0x1  Code  Gb  stm8l15x_it.o [1]
EXTI0_IRQHandler        0x00be5e    0x1  Code  Gb  stm8l15x_it.o [1]
EXTI1_IRQHandler        0x00be5f    0x1  Code  Gb  stm8l15x_it.o [1]
EXTI2_IRQHandler        0x00be60    0x1  Code  Gb  stm8l15x_it.o [1]
EXTI3_IRQHandler        0x00be61    0x1  Code  Gb  stm8l15x_it.o [1]
EXTI4_IRQHandler        0x00be62    0x1  Code  Gb  stm8l15x_it.o [1]
EXTI5_IRQHandler        0x00be63    0x1  Code  Gb  stm8l15x_it.o [1]
EXTI6_IRQHandler        0x00be64    0x1  Code  Gb  stm8l15x_it.o [1]
EXTI7_IRQHandler        0x00be65    0x1  Code  Gb  stm8l15x_it.o [1]
EXTIB_G_IRQHandler      0x00be5c    0x1  Code  Gb  stm8l15x_it.o [1]
EXTID_H_IRQHandler      0x00be5d    0x1  Code  Gb  stm8l15x_it.o [1]
EXTIE_F_PVD_IRQHandler  0x00be5b    0x1  Code  Gb  stm8l15x_it.o [1]
FLASH_IRQHandler        0x00be57    0x1  Code  Gb  stm8l15x_it.o [1]
GPIO_ExternalPullUpConfig
                        0x00b32b   0x2c  Code  Gb  stm8l15x_gpio.o [1]
GPIO_Init               0x00a253   0xaf  Code  Gb  stm8l15x_gpio.o [1]
GPIO_ResetBits          0x00bd0a    0x8  Code  Gb  stm8l15x_gpio.o [1]
GPIO_ToggleBits         0x00bd79    0x7  Code  Gb  stm8l15x_gpio.o [1]
HEAP$$Base              0x00004a          --   Gb  - Linker created -
HEAP$$Limit             0x00004a          --   Gb  - Linker created -
I2C1_SPI2_IRQHandler    0x00be6c    0x1  Code  Gb  stm8l15x_it.o [1]
INTVEC$$Base            0x008000          --   Gb  - Linker created -
INTVEC$$Limit           0x008080          --   Gb  - Linker created -
InitHardUart            0x009f7a   0xbb  Code  Lc  bsp_uart_fifo.o [1]
LCD_AES_IRQHandler      0x00be66    0x1  Code  Gb  stm8l15x_it.o [1]
LoadInt                 0x00afa6   0x3f  Code  Lc  xprintfsmall.o [4]
RCC_Configuration       0x00b1d9   0x33  Code  Gb  mcu_init.o [1]
RS485_InitTXE           0x00bbf8    0xd  Code  Gb  bsp_uart_fifo.o [1]
RTC_CSSLSE_IRQHandler   0x00be5a    0x1  Code  Gb  stm8l15x_it.o [1]
Region$$Table$$Base     0x00b6d1          --   Gb  - Linker created -
Region$$Table$$Limit    0x00b6e3          --   Gb  - Linker created -
SPI1_IRQHandler         0x00be6b    0x1  Code  Gb  stm8l15x_it.o [1]
SWITCH_CSS_BREAK_DAC_IRQHandler
                        0x00be67    0x1  Code  Gb  stm8l15x_it.o [1]
SYSDivFactor            0x00bde8    0x5  Data  Gb  stm8l15x_clk.o [1]
TIM1_ARRPreloadConfig   0x00bbdc    0xe  Code  Gb  stm8l15x_tim1.o [1]
TIM1_CC_IRQHandler      0x00be69    0x1  Code  Gb  stm8l15x_it.o [1]
TIM1_ClearITPendingBit  0x00bc8b    0x9  Code  Gb  stm8l15x_tim1.o [1]
TIM1_Cmd                0x00bbea    0xe  Code  Gb  stm8l15x_tim1.o [1]
TIM1_DeInit             0x00a4ff   0x99  Code  Gb  stm8l15x_tim1.o [1]
TIM1_ITConfig           0x00b915   0x1a  Code  Gb  stm8l15x_tim1.o [1]
TIM1_TimeBaseInit       0x00b5e4   0x24  Code  Gb  stm8l15x_tim1.o [1]
TIM1_UPD_OVF_TRG_COM_IRQHandler
                        0x00b8ab   0x1b  Code  Gb  stm8l15x_it.o [1]
TIM2_CC_USART2_RX_IRQHandler
                        0x00ba35   0x16  Code  Gb  stm8l15x_it.o [1]
TIM2_UPD_OVF_TRG_BRK_USART2_TX_IRQHandler
                        0x00ba1f   0x16  Code  Gb  stm8l15x_it.o [1]
TIM3_CC_USART3_RX_IRQHandler
                        0x00ba61   0x16  Code  Gb  stm8l15x_it.o [1]
TIM3_UPD_OVF_TRG_BRK_USART3_TX_IRQHandler
                        0x00ba4b   0x16  Code  Gb  stm8l15x_it.o [1]
TIM4_UPD_OVF_TRG_IRQHandler
                        0x00be6a    0x1  Code  Gb  stm8l15x_it.o [1]
TRAP_IRQHandler         0x00be56    0x1  Code  Gb  stm8l15x_it.o [1]
Timer_ISR               0x00a458   0xa7  Code  Gb  bsp_timer.o [1]
TwoAscTOHex             0x00b875   0x1b  Code  Gb  basic_fun.o [1]
USART1_IRQ_RECV         0x00be54    0x1  Code  Gb  bsp_uart_fifo.o [1]
USART1_IRQ_SEND         0x00be53    0x1  Code  Gb  bsp_uart_fifo.o [1]
USART1_RX_TIM5_CC_IRQHandler
                        0x00ba8d   0x16  Code  Gb  stm8l15x_it.o [1]
USART1_TX_TIM5_UPD_OVF_TRG_BRK_IRQHandler
                        0x00ba77   0x16  Code  Gb  stm8l15x_it.o [1]
USART2_IRQ_RECV         0x00bd64    0x7  Code  Gb  bsp_uart_fifo.o [1]
USART2_IRQ_SEND         0x00bd5d    0x7  Code  Gb  bsp_uart_fifo.o [1]
USART3_IRQ_RECV         0x00bd72    0x7  Code  Gb  bsp_uart_fifo.o [1]
USART3_IRQ_SEND         0x00bd6b    0x7  Code  Gb  bsp_uart_fifo.o [1]
USART_ClearFlag         0x00bdf7    0x5  Code  Gb  stm8l15x_usart.o [1]
USART_ClearITPendingBit
                        0x00bdfc    0x5  Code  Gb  stm8l15x_usart.o [1]
USART_Cmd               0x00b357   0x2b  Code  Gb  stm8l15x_usart.o [1]
USART_DeInit            0x00b023   0x3e  Code  Gb  stm8l15x_usart.o [1]
USART_GetITStatus       0x00a302   0xac  Code  Gb  stm8l15x_usart.o [1]
USART_ITConfig          0x00a598   0x94  Code  Gb  stm8l15x_usart.o [1]
USART_Init              0x009c52   0xd3  Code  Gb  stm8l15x_usart.o [1]
USART_ReceiveData8      0x00bdf2    0x5  Code  Gb  stm8l15x_usart.o [1]
USART_SendData8         0x00bd12    0x8  Code  Gb  stm8l15x_usart.o [1]
UartGetChar             0x00a872   0x86  Code  Lc  bsp_uart_fifo.o [1]
UartIRQ_Recv            0x009a8f   0xe8  Code  Lc  bsp_uart_fifo.o [1]
UartIRQ_Send            0x009618  0x136  Code  Lc  bsp_uart_fifo.o [1]
UartSend                0x00a1a1   0xb2  Code  Lc  bsp_uart_fifo.o [1]
UartVarInit             0x00a753   0x91  Code  Lc  bsp_uart_fifo.o [1]
Uart_Running_Init       0x00bbbf    0xf  Code  Gb  main.o [1]
_EncodingSb_Mbtowc      0x00b20c   0x33  Code  Gb  xencoding_sb.o [4]
_EncodingSb_Wctomb      0x00b9ab   0x18  Code  Gb  xencoding_sb.o [4]
_Get                    0x00ae62   0x17  Code  Lc  xscanfsmall.o [4]
_GetN                   0x00ae79   0x2c  Code  Lc  xscanfsmall.o [4]
_GetfldSmall            0x00a8f8   0x7f  Code  Lc  xscanfsmall.o [4]
_GetintSmall            0x008a73  0x1d5  Code  Lc  xscanfsmall.o [4]
_GetstrSmall            0x0086ba  0x1de  Code  Lc  xscanfsmall.o [4]
_LitobSmall             0x009353  0x171  Code  Lc  xprintfsmall.o [4]
_LocaleC_isspace        0x00b97a   0x19  Code  Gb  xlocale_c.o [4]
_LocaleC_isupper        0x00bbaf   0x10  Code  Gb  xlocale_c.o [4]
_LocaleC_tolower        0x00b9c3   0x18  Code  Gb  xlocale_c.o [4]
_LocaleEncoding         0x00bc11    0xc  Code  Gb  setlocale.o [4]
_LocaleForCat           0x00bb57   0x13  Code  Gb  setlocale.o [4]
_Locale_Profile         0x000756    0xe  Data  Gb  setlocale.o [4]
_Mbtowc                 0x00b6b0   0x21  Code  Gb  xmbtowc.o [4]
_PrintfSmall            0x008080  0x43a  Code  Gb  xprintfsmall.o [4]
_Prout                  0x00b8c6   0x1b  Code  Gb  xprout.o [4]
_PutcharSmall           0x00b2a3   0x2f  Code  Lc  xprintfsmall.o [4]
_PutcharsSmall          0x00b171   0x35  Code  Lc  xprintfsmall.o [4]
_PutstrSmall            0x008898  0x1db  Code  Lc  xprintfsmall.o [4]
_SScin                  0x00b473   0x27  Code  Gb  xsscin.o [4]
_ScanfSmall             0x008c48  0x1d1  Code  Gb  xscanfsmall.o [4]
_UngetN                 0x00b3ab   0x29  Code  Lc  xscanfsmall.o [4]
_Wctomb                 0x00b859   0x1c  Code  Gb  xwctomb.o [4]
__DebugBreak            0x00be6d    0x1  Code  Gb  __dbg_break.o [3]
__exit                  0x00bb0a   0x14  Code  Gb  __dbg_xxexit.o [3]
__iar_Errno             0x00077c    0x2  Data  Gb  errno.o [4]
__iar_Mbcurmax          0x00bdd3    0x6  Code  Gb  xmbcurmax.o [4]
__iar_Memchr            0x00b993   0x18  Code  Gb  memchr.o [4]
__iar_Stdout            0x000022   0x28  Data  Gb  xfiles.o [4]
__iar_Stolx             0x009eb5   0xc5  Code  Gb  xstol.o [4]
__iar_Stoul             0x00919a    0x7  Code  Gb  xstoul.o [4]
__iar_Stoulx            0x008fe3  0x1b7  Code  Gb  xstoul.o [4]
__iar_Strchr            0x00bacd   0x15  Code  Gb  strchr.o [4]
__iar_Strstr            0x00ad98   0x44  Code  Gb  strstr.o [4]
__iar_Tls_setup__Locale_Profile
                        0x000778    0x2  Data  Gb  setlocale.o [4]
__iar_Wctob             0x00b271   0x32  Code  Gb  xwctob.o [4]
__iar_copy_init2        0x00b424         Code  Gb  init_small.o [4]
__iar_data_init2        0x00b9f2   0x17  Code  Gb  init.o [4]
__iar_program_start     0x00bb44         Code  Gb  cstartup.o [4]
__iar_unhandled_exception
                        0x00be48         Code  Gb  unhandled_exception.o [4]
__iar_zero_init2        0x00b81e         Code  Gb  init_small.o [4]
__intvec                0x008000         Data  Gb  interrupt.o [4]
__low_level_init        0x00be42    0x3  Code  Gb  low_level_init.o [4]
__near_Aldata           0x00076c    0x4  Data  Gb  xxmemxmalloc.o [4]
__near_GetMemChunk      0x00b961   0x19  Code  Gb  xgetmemchunk.o [4]
__near_findmem          0x00aba1   0x5f  Code  Lc  xxmemxmalloc.o [4]
_exit                   0x00be1a         Code  Gb  cexit.o [4]
_interrupt_1            0x00be56         Code  Gb  stm8l15x_it.o [1]
_interrupt_10           0x00be5e         Code  Gb  stm8l15x_it.o [1]
_interrupt_11           0x00be5f         Code  Gb  stm8l15x_it.o [1]
_interrupt_12           0x00be60         Code  Gb  stm8l15x_it.o [1]
_interrupt_13           0x00be61         Code  Gb  stm8l15x_it.o [1]
_interrupt_14           0x00be62         Code  Gb  stm8l15x_it.o [1]
_interrupt_15           0x00be63         Code  Gb  stm8l15x_it.o [1]
_interrupt_16           0x00be64         Code  Gb  stm8l15x_it.o [1]
_interrupt_17           0x00be65         Code  Gb  stm8l15x_it.o [1]
_interrupt_18           0x00be66         Code  Gb  stm8l15x_it.o [1]
_interrupt_19           0x00be67         Code  Gb  stm8l15x_it.o [1]
_interrupt_20           0x00be68         Code  Gb  stm8l15x_it.o [1]
_interrupt_21           0x00ba1f         Code  Gb  stm8l15x_it.o [1]
_interrupt_22           0x00ba35         Code  Gb  stm8l15x_it.o [1]
_interrupt_23           0x00ba4b         Code  Gb  stm8l15x_it.o [1]
_interrupt_24           0x00ba61         Code  Gb  stm8l15x_it.o [1]
_interrupt_25           0x00b8ab         Code  Gb  stm8l15x_it.o [1]
_interrupt_26           0x00be69         Code  Gb  stm8l15x_it.o [1]
_interrupt_27           0x00be6a         Code  Gb  stm8l15x_it.o [1]
_interrupt_28           0x00be6b         Code  Gb  stm8l15x_it.o [1]
_interrupt_29           0x00ba77         Code  Gb  stm8l15x_it.o [1]
_interrupt_3            0x00be57         Code  Gb  stm8l15x_it.o [1]
_interrupt_30           0x00ba8d         Code  Gb  stm8l15x_it.o [1]
_interrupt_31           0x00be6c         Code  Gb  stm8l15x_it.o [1]
_interrupt_4            0x00be58         Code  Gb  stm8l15x_it.o [1]
_interrupt_5            0x00be59         Code  Gb  stm8l15x_it.o [1]
_interrupt_6            0x00be5a         Code  Gb  stm8l15x_it.o [1]
_interrupt_7            0x00be5b         Code  Gb  stm8l15x_it.o [1]
_interrupt_8            0x00be5c         Code  Gb  stm8l15x_it.o [1]
_interrupt_9            0x00be5d         Code  Gb  stm8l15x_it.o [1]
at                      0x00a035   0xb7  Code  Lc  shell.o [1]
bc95_check_cmd          0x00b800   0x1e  Code  Lc  gprs.o [1]
bc95_cmd_recv_back      0x00a0ec   0xb5  Code  Lc  gprs.o [1]
bc95_read_onebyte       0x00ad05   0x4b  Code  Lc  gprs.o [1]
bc95_recv_ret_line      0x008e19  0x1ca  Code  Lc  gprs.o [1]
bc95_send_at            0x00ab3b   0x66  Code  Lc  gprs.o [1]
bc95_send_cmd           0x009881  0x110  Code  Lc  gprs.o [1]
bc95_state_check        0x00a9ed   0x71  Code  Gb  gprs.o [1]
bsp_CheckTimer          0x00b09b   0x36  Code  Gb  bsp_timer.o [1]
bsp_Idle                0x00be52    0x1  Code  Gb  bsp.o [1]
bsp_Init                0x00bc3d    0xa  Code  Gb  bsp.o [1]
bsp_InitHardTimer       0x00b5c0   0x24  Code  Gb  bsp_timer.o [1]
bsp_InitLed             0x00b1a6   0x33  Code  Gb  bsp_led.o [1]
bsp_InitTimer           0x00aa5e   0x6f  Code  Gb  bsp_timer.o [1]
bsp_InitUart            0x00bc47    0xa  Code  Gb  bsp_uart_fifo.o [1]
bsp_LedOff              0x00b107   0x35  Code  Gb  bsp_led.o [1]
bsp_LedToggle           0x00b13c   0x35  Code  Gb  bsp_led.o [1]
bsp_RunPer10ms          0x00addc   0x43  Code  Gb  bsp.o [1]
bsp_RunPer1ms           0x00be51    0x1  Code  Gb  bsp.o [1]
bsp_SoftTimerDec        0x00acb3   0x52  Code  Lc  bsp_timer.o [1]
bsp_StartTimer          0x00ac00   0x5a  Code  Gb  bsp_timer.o [1]
chvalid                 0x00b68f   0x21  Code  Lc  xscanfsmall.o [4]
cmd_fun                 0x000016    0xc  Data  Lc  shell.o [1]
comClearRxFifo          0x00ac5a   0x59  Code  Gb  bsp_uart_fifo.o [1]
comGetChar              0x00b44c   0x27  Code  Gb  bsp_uart_fifo.o [1]
comSendBuf              0x00aea5   0x42  Code  Gb  bsp_uart_fifo.o [1]
comSendChar             0x00b890   0x1b  Code  Gb  bsp_uart_fifo.o [1]
debug_level             0x000010    0x4  Data  Lc  basic_fun.o [1]
digits                  0x00b4e5   0x25  Data  Lc  xstoul.o [4]
exit                    0x00be45    0x3  Code  Gb  exit.o [4]
fputc                   0x00bab8   0x15  Code  Gb  bsp_uart_fifo.o [1]
free                    0x009b77   0xdb  Code  Gb  xxmemxfree.o [4]
g_RxBuf2                0x00024a  0x200  Data  Lc  bsp_uart_fifo.o [1]
g_RxBuf3                0x000512   0xc8  Data  Lc  bsp_uart_fifo.o [1]
g_TxBuf2                0x00004a  0x200  Data  Lc  bsp_uart_fifo.o [1]
g_TxBuf3                0x00044a   0xc8  Data  Lc  bsp_uart_fifo.o [1]
g_iRunTime              0x000768    0x4  Data  Gb  bsp_timer.o [1]
g_tUart2                0x00071a   0x1e  Data  Gb  bsp_uart_fifo.o [1]
g_tUart3                0x000738   0x1e  Data  Gb  bsp_uart_fifo.o [1]
get_debug_level         0x00bd56    0x7  Code  Gb  basic_fun.o [1]
gprs_debug_thread       0x00974e  0x133  Code  Lc  main.o [1]
gprs_func_thread        0x00be55    0x1  Code  Lc  main.o [1]
isspace                 0x00bc05    0xc  Code  Gb  isxxx.o [4]
line_position           0x000782    0x1  Data  Lc  shell.o [1]
list_all_cmd            0x00ae1f   0x43  Code  Lc  shell.o [1]
main                    0x00b66e   0x21  Code  Gb  main.o [1]
malloc                  0x00a62c   0x94  Code  Gb  xxmemxmalloc.o [4]
memcpy                  0x00b52f   0x25  Code  Gb  memcpy.o [4]
memset                  0x00b9db   0x17  Code  Gb  memset.o [4]
mid_globle              0x000774    0x2  Data  Gb  main.o [1]
model_sta               0x000776    0x2  Data  Gb  main.o [1]
ndigs                   0x00b50a   0x25  Data  Lc  xstoul.o [4]
neul_bc95_get_netstat   0x009991   0xfe  Code  Lc  gprs.o [1]
neul_bc95_reboot        0x00b83c   0x1d  Code  Lc  gprs.o [1]
neul_bc95_reset_netstat
                        0x00afe5   0x3e  Code  Lc  gprs.o [1]
obuf                    0x0006a2   0x50  Data  Lc  xfiles.o [4]
pad                     0x00b0d1   0x36  Code  Lc  xprintfsmall.o [4]
printf                  0x00b783   0x20  Code  Gb  printf.o [4]
putchar                 0x00bd95    0x7  Code  Gb  putchar.o [4]
s_tTmr                  0x0006f2   0x28  Data  Lc  bsp_timer.o [1]
s_ucTimeOutFlag         0x00077e    0x1  Data  Lc  bsp_timer.o [1]
s_uiDelayCount          0x000764    0x4  Data  Lc  bsp_timer.o [1]
shell_cmd_run           0x00a3ae   0xaa  Code  Gb  shell.o [1]
shell_line              0x0005da   0xc8  Data  Lc  shell.o [1]
shell_thread            0x00aacd   0x6e  Code  Gb  shell.o [1]
sscanf                  0x00b7e1   0x1f  Code  Gb  sscanf.o [4]
strcmp                  0x00b62b   0x22  Code  Gb  strcmp.o [4]
strlen                  0x00bb6a   0x12  Code  Gb  strlen.o [4]
strstr                  0x00bb31   0x13  Code  Gb  main.o [1]
tolower                 0x00bb7c   0x12  Code  Gb  tolower.o [4]
uart2_recv_finish       0x000780    0x1  Data  Lc  bsp_uart_fifo.o [1]
uart3_recv_finish       0x000781    0x1  Data  Lc  bsp_uart_fifo.o [1]
uart_recv_finish_clr    0x00b2d2   0x2d  Code  Gb  bsp_uart_fifo.o [1]
uart_recv_finish_get    0x00b64d   0x21  Code  Gb  bsp_uart_fifo.o [1]
uart_recv_finish_set    0x00b8fb   0x1a  Code  Lc  bsp_uart_fifo.o [1]


[1] = F:\创力NB\我的工程\my_nb\project\Debug\Obj
[2] = command line
[3] = dbgstm8smd.a
[4] = dlstm8smf.a

  13 772 bytes of readonly  code memory
   2 210 bytes of readonly  data memory
   2 691 bytes of readwrite data memory

Errors: none
Warnings: none
