###############################################################################
#
# IAR ELF Linker V2.20.1.176 for STM8                     20/Sep/2018  16:34:54
# Copyright 2010-2015 IAR Systems AB.
#
#    Output file  =  F:\创力NB\我的工程\my_nb\project\Debug\Exe\project.out
#    Map file     =  F:\创力NB\我的工程\my_nb\project\Debug\List\project.map
#    Command line =  
#        F:\创力NB\我的工程\my_nb\project\Debug\Obj\basic_fun.o
#        F:\创力NB\我的工程\my_nb\project\Debug\Obj\BC95.o
#        F:\创力NB\我的工程\my_nb\project\Debug\Obj\bsp.o
#        F:\创力NB\我的工程\my_nb\project\Debug\Obj\bsp_led.o
#        F:\创力NB\我的工程\my_nb\project\Debug\Obj\bsp_timer.o
#        F:\创力NB\我的工程\my_nb\project\Debug\Obj\bsp_uart_fifo.o
#        F:\创力NB\我的工程\my_nb\project\Debug\Obj\Globaldata.o
#        F:\创力NB\我的工程\my_nb\project\Debug\Obj\main.o
#        F:\创力NB\我的工程\my_nb\project\Debug\Obj\mcu_init.o
#        F:\创力NB\我的工程\my_nb\project\Debug\Obj\nbiot_config.o
#        F:\创力NB\我的工程\my_nb\project\Debug\Obj\nbiot_func.o
#        F:\创力NB\我的工程\my_nb\project\Debug\Obj\net_app_coap.o
#        F:\创力NB\我的工程\my_nb\project\Debug\Obj\net_app_nbiot.o
#        F:\创力NB\我的工程\my_nb\project\Debug\Obj\net_platform_config.o
#        F:\创力NB\我的工程\my_nb\project\Debug\Obj\Pulse_Acquire.o
#        F:\创力NB\我的工程\my_nb\project\Debug\Obj\rtc.o
#        F:\创力NB\我的工程\my_nb\project\Debug\Obj\Save.o
#        F:\创力NB\我的工程\my_nb\project\Debug\Obj\shell.o
#        F:\创力NB\我的工程\my_nb\project\Debug\Obj\stm8l15x_adc.o
#        F:\创力NB\我的工程\my_nb\project\Debug\Obj\stm8l15x_clk.o
#        F:\创力NB\我的工程\my_nb\project\Debug\Obj\stm8l15x_exti.o
#        F:\创力NB\我的工程\my_nb\project\Debug\Obj\stm8l15x_flash.o
#        F:\创力NB\我的工程\my_nb\project\Debug\Obj\stm8l15x_gpio.o
#        F:\创力NB\我的工程\my_nb\project\Debug\Obj\stm8l15x_it.o
#        F:\创力NB\我的工程\my_nb\project\Debug\Obj\stm8l15x_itc.o
#        F:\创力NB\我的工程\my_nb\project\Debug\Obj\stm8l15x_iwdg.o
#        F:\创力NB\我的工程\my_nb\project\Debug\Obj\stm8l15x_pwr.o
#        F:\创力NB\我的工程\my_nb\project\Debug\Obj\stm8l15x_rst.o
#        F:\创力NB\我的工程\my_nb\project\Debug\Obj\stm8l15x_rtc.o
#        F:\创力NB\我的工程\my_nb\project\Debug\Obj\stm8l15x_syscfg.o
#        F:\创力NB\我的工程\my_nb\project\Debug\Obj\stm8l15x_tim1.o
#        F:\创力NB\我的工程\my_nb\project\Debug\Obj\stm8l15x_tim2.o
#        F:\创力NB\我的工程\my_nb\project\Debug\Obj\stm8l15x_tim3.o
#        F:\创力NB\我的工程\my_nb\project\Debug\Obj\stm8l15x_tim4.o
#        F:\创力NB\我的工程\my_nb\project\Debug\Obj\stm8l15x_tim5.o
#        F:\创力NB\我的工程\my_nb\project\Debug\Obj\stm8l15x_usart.o
#        F:\创力NB\我的工程\my_nb\project\Debug\Obj\stm8l15x_wfe.o
#        F:\创力NB\我的工程\my_nb\project\Debug\Obj\stm8l15x_wwdg.o
#        F:\创力NB\我的工程\my_nb\project\Debug\Obj\Sys_Timer.o
#        F:\创力NB\我的工程\my_nb\project\Debug\Obj\Temperature.o
#        F:\创力NB\我的工程\my_nb\project\Debug\Obj\uart.o --redirect
#        _Printf=_PrintfSmall --redirect _Scanf=_ScanfSmall -o
#        F:\创力NB\我的工程\my_nb\project\Debug\Exe\project.out --map
#        F:\创力NB\我的工程\my_nb\project\Debug\List\project.map --config
#        "C:\Program Files (x86)\IAR Systems\Embedded Workbench
#        7.3\stm8\config\lnkstm8l052r8.icf" --config_def _CSTACK_SIZE=0x100
#        --config_def _HEAP_SIZE=0x100 --entry __iar_program_start --debug_lib
#
###############################################################################

*******************************************************************************
*** RUNTIME MODEL ATTRIBUTES
***

__Heap_Handler             = Basic
__SystemLibrary            = DLib
__code_model               = small
__core                     = stm8
__data_model               = medium
__dlib_file_descriptor     = 1
__dlib_full_locale_support = 1
__rt_version               = 4


*******************************************************************************
*** PLACEMENT SUMMARY
***

"A1":  place at start of [0x000000-0x0000ff] { rw section .vregs };
"A2":  place at end of [0x000000-0x000fff] { block CSTACK };
"P2":  place in [from 0x000000 to 0x000fff] {
          block HEAP, rw section __DLIB_PERTHREAD, rw section .far.bss,
          rw section .far.data, rw section .far.noinit,
          rw section .far_func.textrw, rw section .huge.bss,
          rw section .huge.data, rw section .huge.noinit,
          rw section .huge_func.textrw, rw section .iar.dynexit,
          rw section .near.bss, rw section .near.data, rw section .near.noinit,
          rw section .near_func.textrw };
"A3":  place at start of [0x008000-0x00ffff] { block INTVEC };
"P3":  place in [from 0x008000 to 0x00ffff] {
          ro section __DLIB_PERTHREAD_init, ro section .far.data_init,
          ro section .far_func.textrw_init, ro section .huge.data_init,
          ro section .huge_func.textrw_init, ro section .iar.init_table,
          ro section .init_array, ro section .near.data_init,
          ro section .near.rodata, ro section .near_func.text,
          ro section .near_func.textrw_init, ro section .tiny.data_init,
          ro section .tiny.rodata_init };

  Section            Kind      Address    Size  Object
  -------            ----      -------    ----  ------
"A1":                                     0x10
  .vregs             uninit   0x000000    0x10  vregs.o [4]
                            - 0x000010    0x10

"P2", part 1 of 3:                        0x3a
  P2-1                        0x000010    0x3a  <Init block>
    .near.data       inited   0x000010     0x4  basic_fun.o [1]
    .near.data       inited   0x000014     0x2  nbiot_func.o [1]
    .near.data       inited   0x000016     0xc  shell.o [1]
    .near.data       inited   0x000022    0x28  xfiles.o [4]
                            - 0x00004a    0x3a

"P2", part 2 of 3:                       0x100
  HEAP                        0x00004a   0x100  <Block>
    HEAP             uninit   0x00004a   0x100  <Block tail>
                            - 0x00014a   0x100

"P2", part 3 of 3:                       0xbc8
  .near.bss          zero     0x00014a   0x200  bsp_uart_fifo.o [1]
  .near.bss          zero     0x00034a   0x200  bsp_uart_fifo.o [1]
  .near.bss          zero     0x00054a   0x200  bsp_uart_fifo.o [1]
  .near.bss          zero     0x00074a   0x200  bsp_uart_fifo.o [1]
  .near.bss          zero     0x00094a   0x12e  BC95.o [1]
  .near.bss          zero     0x000a78    0xa0  Sys_Timer.o [1]
  .near.bss          zero     0x000b18    0x50  xfiles.o [4]
  .near.bss          zero     0x000b68    0x40  bsp_uart_fifo.o [1]
  .near.bss          zero     0x000ba8    0x40  bsp_uart_fifo.o [1]
  .near.bss          zero     0x000be8    0x40  shell.o [1]
  .near.bss          zero     0x000c28    0x28  bsp_timer.o [1]
  .near.bss          zero     0x000c50    0x22  Globaldata.o [1]
  .near.bss          zero     0x000c72    0x1e  bsp_uart_fifo.o [1]
  .near.bss          zero     0x000c90    0x1e  bsp_uart_fifo.o [1]
  .near.bss          zero     0x000cae    0x1e  bsp_uart_fifo.o [1]
  .near.bss          zero     0x000ccc     0xe  setlocale.o [4]
  .near.bss          zero     0x000cda     0x8  nbiot_func.o [1]
  .near.bss          zero     0x000ce2     0x7  Pulse_Acquire.o [1]
  .near.bss          zero     0x000ce9     0x4  bsp_timer.o [1]
  .near.bss          zero     0x000ced     0x4  bsp_timer.o [1]
  .near.bss          zero     0x000cf1     0x4  Globaldata.o [1]
  .near.bss          zero     0x000cf5     0x4  Globaldata.o [1]
  .near.bss          zero     0x000cf9     0x4  xxmemxmalloc.o [4]
  .near.bss          zero     0x000cfd     0x2  bsp.o [1]
  .near.bss          zero     0x000cff     0x2  Globaldata.o [1]
  .near.bss          zero     0x000d01     0x2  main.o [1]
  .near.bss          zero     0x000d03     0x2  nbiot_func.o [1]
  .near.bss          zero     0x000d05     0x2  setlocale.o [4]
  .near.bss          zero     0x000d07     0x2  xgetmemchunk.o [4]
  .near.bss          zero     0x000d09     0x2  errno.o [4]
  .near.bss          zero     0x000d0b     0x1  bsp_timer.o [1]
  .near.bss          zero     0x000d0c     0x1  bsp_timer.o [1]
  .near.bss          zero     0x000d0d     0x1  bsp_uart_fifo.o [1]
  .near.bss          zero     0x000d0e     0x1  bsp_uart_fifo.o [1]
  .near.bss          zero     0x000d0f     0x1  bsp_uart_fifo.o [1]
  .near.bss          zero     0x000d10     0x1  shell.o [1]
  .near.bss          zero     0x000d11     0x1  Sys_Timer.o [1]
                            - 0x000d12   0xbc8

"A2":                                    0x100
  CSTACK                      0x000f00   0x100  <Block>
    CSTACK           uninit   0x000f00   0x100  <Block tail>
                            - 0x001000   0x100

"A3":                                     0x80
  INTVEC                      0x008000    0x80  <Block>
    .intvec          const    0x008000    0x80  interrupt.o [4]
                            - 0x008080    0x80

"P3":                                   0x5774
  .near_func.text    ro code  0x008080   0x43a  xprintfsmall.o [4]
  .near_func.text    ro code  0x0084ba   0x310  nbiot_func.o [1]
  .near.rodata       const    0x0087ca   0x200  main.o [1]
  .near.rodata       const    0x0089ca   0x200  main.o [1]
  .near_func.text    ro code  0x008bca   0x1de  xscanfsmall.o [4]
  .near_func.text    ro code  0x008da8   0x1db  xprintfsmall.o [4]
  .near_func.text    ro code  0x008f83   0x1d5  xscanfsmall.o [4]
  .near_func.text    ro code  0x009158   0x1d1  xscanfsmall.o [4]
  .near_func.text    ro code  0x009329   0x1ca  nbiot_func.o [1]
  .near_func.text    ro code  0x0094f3   0x1ca  long.o [4]
  .near_func.text    ro code  0x0096bd   0x1be  xstoul.o [4]
  .near_func.text    ro code  0x00987b   0x192  Sys_Timer.o [1]
  .near_func.text    ro code  0x009a0d   0x171  xprintfsmall.o [4]
  .near_func.text    ro code  0x009b7e   0x16e  vreg_util.o [4]
  .near_func.text    ro code  0x009cec   0x141  main.o [1]
  .near_func.text    ro code  0x009e2d   0x140  Pulse_Acquire.o [1]
  .near_func.text    ro code  0x009f6d   0x140  rtc.o [1]
  .near_func.text    ro code  0x00a0ad   0x136  bsp_uart_fifo.o [1]
  .near_func.text    ro code  0x00a1e3   0x131  nbiot_func.o [1]
  .near_func.text    ro code  0x00a314   0x118  bsp_uart_fifo.o [1]
  .near_func.text    ro code  0x00a42c   0x110  nbiot_func.o [1]
  .near_func.text    ro code  0x00a53c   0x101  Save.o [1]
  .near_func.text    ro code  0x00a63d    0xfe  nbiot_func.o [1]
  .near_func.text    ro code  0x00a73b    0xf2  nbiot_func.o [1]
  .near_func.text    ro code  0x00a82d    0xe8  bsp_uart_fifo.o [1]
  .near_func.text    ro code  0x00a915    0xdf  bsp_uart_fifo.o [1]
  .near_func.text    ro code  0x00a9f4    0xde  nbiot_func.o [1]
  .near_func.text    ro code  0x00aad2    0xdb  xxmemxfree.o [4]
  .near_func.text    ro code  0x00abad    0xd3  Save.o [1]
  .near_func.text    ro code  0x00ac80    0xd3  stm8l15x_usart.o [1]
  .near_func.text    ro code  0x00ad53    0xc9  main.o [1]
  .near_func.text    ro code  0x00ae1c    0xc5  xstol.o [4]
  .near_func.text    ro code  0x00aee1    0xb5  nbiot_func.o [1]
  .near_func.text    ro code  0x00af96    0xb2  bsp_uart_fifo.o [1]
  .near_func.text    ro code  0x00b048    0xaf  stm8l15x_gpio.o [1]
  .near_func.text    ro code  0x00b0f7    0xad  basic_fun.o [1]
  .near_func.text    ro code  0x00b1a4    0xac  stm8l15x_usart.o [1]
  .near_func.text    ro code  0x00b250    0xa8  shell.o [1]
  .near_func.text    ro code  0x00b2f8    0xa7  bsp_timer.o [1]
  .near_func.text    ro code  0x00b39f    0xa2  Save.o [1]
  .near_func.text    ro code  0x00b441    0x9b  nbiot_func.o [1]
  .near_func.text    ro code  0x00b4dc    0x99  stm8l15x_tim1.o [1]
  .near_func.text    ro code  0x00b575    0x94  stm8l15x_usart.o [1]
  .near_func.text    ro code  0x00b609    0x94  xxmemxmalloc.o [4]
  .near_func.text    ro code  0x00b69d    0x93  stm8l15x_clk.o [1]
  .near_func.text    ro code  0x00b730    0x8e  stm8l15x_clk.o [1]
  .near_func.text    ro code  0x00b7be    0x8c  shell.o [1]
  .near_func.text    ro code  0x00b84a    0x86  bsp_uart_fifo.o [1]
  .near_func.text    ro code  0x00b8d0    0x84  long_util.o [4]
  .near_func.text    ro code  0x00b954    0x7f  xscanfsmall.o [4]
  .near_func.text    ro code  0x00b9d3    0x7b  shell.o [1]
  .near_func.text    ro code  0x00ba4e    0x71  nbiot_func.o [1]
  .near_func.text    ro code  0x00babf    0x6f  bsp_timer.o [1]
  .near_func.text    ro code  0x00bb2e    0x6b  nbiot_func.o [1]
  .near_func.text    ro code  0x00bb99    0x66  nbiot_func.o [1]
  .near_func.text    ro code  0x00bbff    0x5f  xxmemxmalloc.o [4]
  .near_func.text    ro code  0x00bc5e    0x5c  stm8l15x_rtc.o [1]
  .near_func.text    ro code  0x00bcba    0x5b  bsp_timer.o [1]
  .near_func.text    ro code  0x00bd15    0x5a  bsp_timer.o [1]
  .near_func.text    ro code  0x00bd6f    0x59  bsp_uart_fifo.o [1]
  .near_func.text    ro code  0x00bdc8    0x55  stm8l15x_rtc.o [1]
  .near_func.text    ro code  0x00be1d    0x52  bsp_timer.o [1]
  .near_func.text    ro code  0x00be6f    0x4b  nbiot_func.o [1]
  .near_func.text    ro code  0x00beba    0x4a  mcu_init.o [1]
  .near_func.text    ro code  0x00bf04    0x48  basic_fun.o [1]
  .near_func.text    ro code  0x00bf4c    0x47  bsp_timer.o [1]
  .near_func.text    ro code  0x00bf93    0x44  strstr.o [4]
  .near_func.text    ro code  0x00bfd7    0x43  bsp.o [1]
  .near_func.text    ro code  0x00c01a    0x43  shell.o [1]
  .near_func.text    ro code  0x00c05d    0x43  xscanfsmall.o [4]
  .near_func.text    ro code  0x00c0a0    0x42  bsp_uart_fifo.o [1]
  .near.rodata       const    0x00c0e2    0x40  nbiot_func.o [1]
  .near.rodata       const    0x00c122    0x40  nbiot_func.o [1]
  .near.rodata       const    0x00c162    0x40  nbiot_func.o [1]
  .near.rodata       const    0x00c1a2    0x40  nbiot_func.o [1]
  .near.rodata       const    0x00c1e2    0x40  nbiot_func.o [1]
  .near.rodata       const    0x00c222    0x40  nbiot_func.o [1]
  .near.rodata       const    0x00c262    0x40  nbiot_func.o [1]
  .near.rodata       const    0x00c2a2    0x40  nbiot_func.o [1]
  .near.rodata       const    0x00c2e2    0x40  shell.o [1]
  .near.rodata       const    0x00c322    0x40  shell.o [1]
  .near_func.text    ro code  0x00c362    0x3f  basic_fun.o [1]
  .near_func.text    ro code  0x00c3a1    0x3f  xprintfsmall.o [4]
  .near_func.text    ro code  0x00c3e0    0x3e  nbiot_func.o [1]
  .near_func.text    ro code  0x00c41e    0x3e  stm8l15x_usart.o [1]
  .near_func.text    ro code  0x00c45c    0x3e  sprintf.o [4]
  .near_func.text    ro code  0x00c49a    0x3c  main.o [1]
  Initializer bytes  const    0x00c4d6    0x3a  <for P2-1>
  .near_func.text    ro code  0x00c510    0x37  bsp_uart_fifo.o [1]
  .near_func.text    ro code  0x00c547    0x36  bsp_timer.o [1]
  .near_func.text    ro code  0x00c57d    0x36  xprintfsmall.o [4]
  .near_func.text    ro code  0x00c5b3    0x35  bsp_led.o [1]
  .near_func.text    ro code  0x00c5e8    0x35  bsp_led.o [1]
  .near_func.text    ro code  0x00c61d    0x35  xprintfsmall.o [4]
  .near_func.text    ro code  0x00c652    0x33  bsp_led.o [1]
  .near_func.text    ro code  0x00c685    0x33  mcu_init.o [1]
  .near_func.text    ro code  0x00c6b8    0x33  xencoding_sb.o [4]
  .near_func.text    ro code  0x00c6eb    0x32  short.o [4]
  .near_func.text    ro code  0x00c71d    0x32  xwctob.o [4]
  .near.rodata       const    0x00c74f    0x31  nbiot_func.o [1]
  .near_func.text    ro code  0x00c780    0x2f  xprintfsmall.o [4]
  .near_func.text    ro code  0x00c7af    0x2d  stm8l15x_rtc.o [1]
  .near.rodata       const    0x00c7dc    0x2c  nbiot_func.o [1]
  .near_func.text    ro code  0x00c808    0x2c  stm8l15x_gpio.o [1]
  .near_func.text    ro code  0x00c834    0x2b  stm8l15x_usart.o [1]
  .near.rodata       const    0x00c85f    0x2a  nbiot_func.o [1]
  .near_func.text    ro code  0x00c889    0x2a  nbiot_func.o [1]
  .near.rodata       const    0x00c8b3    0x29  nbiot_func.o [1]
  .near_func.text    ro code  0x00c8dc    0x29  xscanfsmall.o [4]
  .near.rodata       const    0x00c905    0x28  nbiot_func.o [1]
  .near.rodata       const    0x00c92d    0x28  nbiot_func.o [1]
  .near_func.text    ro code  0x00c955    0x28  init_small.o [4]
  .near.rodata       const    0x00c97d    0x27  nbiot_func.o [1]
  .near_func.text    ro code  0x00c9a4    0x27  bsp_uart_fifo.o [1]
  .near_func.text    ro code  0x00c9cb    0x27  rtc.o [1]
  .near_func.text    ro code  0x00c9f2    0x27  xsscin.o [4]
  .near.rodata       const    0x00ca19    0x26  nbiot_func.o [1]
  .near.rodata       const    0x00ca3f    0x25  main.o [1]
  .near.rodata       const    0x00ca64    0x25  xstoul.o [4]
  .near.rodata       const    0x00ca89    0x25  xstoul.o [4]
  .near_func.text    ro code  0x00caae    0x25  Pulse_Acquire.o [1]
  .near_func.text    ro code  0x00cad3    0x25  memcpy.o [4]
  .near.rodata       const    0x00caf8    0x24  nbiot_func.o [1]
  .near.rodata       const    0x00cb1c    0x24  nbiot_func.o [1]
  .near_func.text    ro code  0x00cb40    0x24  bsp_timer.o [1]
  .near_func.text    ro code  0x00cb64    0x24  stm8l15x_tim1.o [1]
  .near.rodata       const    0x00cb88    0x23  nbiot_func.o [1]
  .near_func.text    ro code  0x00cbab    0x23  bsp_uart_fifo.o [1]
  .near_func.text    ro code  0x00cbce    0x22  stm8l15x_exti.o [1]
  .near_func.text    ro code  0x00cbf0    0x22  strcmp.o [4]
  .near_func.text    ro code  0x00cc12    0x21  xscanfsmall.o [4]
  .near_func.text    ro code  0x00cc33    0x21  xmbtowc.o [4]
  .iar.init_table    const    0x00cc54    0x12  - Linker created -
  .near.rodata       const    0x00cc66    0x20  nbiot_func.o [1]
  .near.rodata       const    0x00cc86    0x20  nbiot_func.o [1]
  .near.rodata       const    0x00cca6    0x20  nbiot_func.o [1]
  .near.rodata       const    0x00ccc6    0x20  nbiot_func.o [1]
  .near.rodata       const    0x00cce6    0x20  nbiot_func.o [1]
  .near.rodata       const    0x00cd06    0x20  nbiot_func.o [1]
  .near.rodata       const    0x00cd26    0x20  nbiot_func.o [1]
  .near_func.text    ro code  0x00cd46    0x20  bsp_uart_fifo.o [1]
  .near_func.text    ro code  0x00cd66    0x20  printf.o [4]
  .near.rodata       const    0x00cd86    0x1f  nbiot_func.o [1]
  .near.rodata       const    0x00cda5    0x1f  nbiot_func.o [1]
  .near.rodata       const    0x00cdc4    0x1f  nbiot_func.o [1]
  .near.rodata       const    0x00cde3    0x1f  shell.o [1]
  .near_func.text    ro code  0x00ce02    0x1f  move.o [4]
  .near_func.text    ro code  0x00ce21    0x1f  sscanf.o [4]
  .near.rodata       const    0x00ce40    0x1e  nbiot_func.o [1]
  .near_func.text    ro code  0x00ce5e    0x1e  nbiot_func.o [1]
  .near_func.text    ro code  0x00ce7c    0x1e  init_small.o [4]
  .near.rodata       const    0x00ce9a    0x1d  nbiot_func.o [1]
  .near.rodata       const    0x00ceb7    0x1d  nbiot_func.o [1]
  .near.rodata       const    0x00ced4    0x1d  nbiot_func.o [1]
  .near.rodata       const    0x00cef1    0x1d  nbiot_func.o [1]
  .near.rodata       const    0x00cf0e    0x1d  nbiot_func.o [1]
  .near.rodata       const    0x00cf2b    0x1d  nbiot_func.o [1]
  .near.rodata       const    0x00cf48    0x1d  nbiot_func.o [1]
  .near.rodata       const    0x00cf65    0x1d  nbiot_func.o [1]
  .near_func.text    ro code  0x00cf82    0x1d  nbiot_func.o [1]
  .near.rodata       const    0x00cf9f    0x1c  nbiot_func.o [1]
  .near_func.text    ro code  0x00cfbb    0x1c  bsp_uart_fifo.o [1]
  .near_func.text    ro code  0x00cfd7    0x1c  xwctomb.o [4]
  .near_func.text    ro code  0x00cff3    0x1b  basic_fun.o [1]
  .near_func.text    ro code  0x00d00e    0x1b  bsp_uart_fifo.o [1]
  .near_func.text    ro code  0x00d029    0x1b  stm8l15x_it.o [1]
  .near_func.text    ro code  0x00d044    0x1b  stm8l15x_rtc.o [1]
  .near_func.text    ro code  0x00d05f    0x1b  xprout.o [4]
  .near.rodata       const    0x00d07a    0x1a  nbiot_func.o [1]
  .near_func.text    ro code  0x00d094    0x1a  stm8l15x_tim1.o [1]
  .near.rodata       const    0x00d0ae    0x19  main.o [1]
  .near.rodata       const    0x00d0c7    0x19  nbiot_func.o [1]
  .near_func.text    ro code  0x00d0e0    0x19  stm8l15x_flash.o [1]
  .near_func.text    ro code  0x00d0f9    0x19  stm8l15x_flash.o [1]
  .near_func.text    ro code  0x00d112    0x19  stm8l15x_it.o [1]
  .near_func.text    ro code  0x00d12b    0x19  xgetmemchunk.o [4]
  .near_func.text    ro code  0x00d144    0x19  xlocale_c.o [4]
  .near.rodata       const    0x00d15d    0x18  nbiot_func.o [1]
  .near_func.text    ro code  0x00d175    0x18  memchr.o [4]
  .near_func.text    ro code  0x00d18d    0x18  xencoding_sb.o [4]
  .near_func.text    ro code  0x00d1a5    0x18  xlocale_c.o [4]
  .near.rodata       const    0x00d1bd    0x17  main.o [1]
  .near_func.text    ro code  0x00d1d4    0x17  memset.o [4]
  .near_func.text    ro code  0x00d1eb    0x17  init.o [4]
  .near.rodata       const    0x00d202    0x16  nbiot_func.o [1]
  .near_func.text    ro code  0x00d218    0x16  stm8l15x_it.o [1]
  .near_func.text    ro code  0x00d22e    0x16  stm8l15x_it.o [1]
  .near_func.text    ro code  0x00d244    0x16  stm8l15x_it.o [1]
  .near_func.text    ro code  0x00d25a    0x16  stm8l15x_it.o [1]
  .near_func.text    ro code  0x00d270    0x16  stm8l15x_it.o [1]
  .near_func.text    ro code  0x00d286    0x16  stm8l15x_it.o [1]
  .near_func.text    ro code  0x00d29c    0x16  stm8l15x_it.o [1]
  .near_func.text    ro code  0x00d2b2    0x16  stm8l15x_it.o [1]
  .near.rodata       const    0x00d2c8    0x15  shell.o [1]
  .near_func.text    ro code  0x00d2dd    0x15  bsp_uart_fifo.o [1]
  .near_func.text    ro code  0x00d2f2    0x15  Save.o [1]
  .near_func.text    ro code  0x00d307    0x15  strchr.o [4]
  .near_func.text    ro code  0x00d31c    0x14  xprintfsmall.o [4]
  .near_func.text    ro code  0x00d330    0x14  xprintfsmall.o [4]
  .near_func.text    ro code  0x00d344    0x14  __dbg_xxexit.o [3]
  .near.rodata       const    0x00d358    0x13  main.o [1]
  .near.rodata       const    0x00d36b    0x13  nbiot_func.o [1]
  .near.rodata       const    0x00d37e    0x13  shell.o [1]
  .near_func.text    ro code  0x00d391    0x13  nbiot_func.o [1]
  .near_func.text    ro code  0x00d3a4    0x13  cstartup.o [4]
  .near_func.text    ro code  0x00d3b7    0x13  setlocale.o [4]
  .near_func.text    ro code  0x00d3ca    0x12  strlen.o [4]
  .near_func.text    ro code  0x00d3dc    0x12  tolower.o [4]
  .near.rodata       const    0x00d3ee    0x10  nbiot_func.o [1]
  .near_func.text    ro code  0x00d3fe    0x10  xprintfsmall.o [4]
  .near_func.text    ro code  0x00d40e    0x10  xlocale_c.o [4]
  .near_func.text    ro code  0x00d41e     0xf  main.o [1]
  .near_func.text    ro code  0x00d42d     0xf  Save.o [1]
  .near.rodata       const    0x00d43c     0xe  main.o [1]
  .near_func.text    ro code  0x00d44a     0xe  stm8l15x_clk.o [1]
  .near_func.text    ro code  0x00d458     0xe  stm8l15x_tim1.o [1]
  .near_func.text    ro code  0x00d466     0xe  stm8l15x_tim1.o [1]
  .near_func.text    ro code  0x00d474     0xe  xsprout.o [4]
  .near_func.text    ro code  0x00d482     0xd  bsp_uart_fifo.o [1]
  .near_func.text    ro code  0x00d48f     0xd  dc_util.o [4]
  .near.rodata       const    0x00d49c     0xc  nbiot_func.o [1]
  .near_func.text    ro code  0x00d4a8     0xc  stm8l15x_rtc.o [1]
  .near_func.text    ro code  0x00d4b4     0xc  isxxx.o [4]
  .near_func.text    ro code  0x00d4c0     0xc  setlocale.o [4]
  .near.rodata       const    0x00d4cc     0xb  nbiot_func.o [1]
  .near_func.text    ro code  0x00d4d7     0xb  stm8l15x_flash.o [1]
  .near_func.text    ro code  0x00d4e2     0xb  stm8l15x_flash.o [1]
  .near_func.text    ro code  0x00d4ed     0xb  xprintfsmall.o [4]
  .near_func.text    ro code  0x00d4f8     0xb  xscanfsmall.o [4]
  .near.rodata       const    0x00d503     0xa  nbiot_func.o [1]
  .near_func.text    ro code  0x00d50d     0xa  bsp.o [1]
  .near_func.text    ro code  0x00d517     0xa  bsp_uart_fifo.o [1]
  .near_func.text    ro code  0x00d521     0xa  xprintfsmall.o [4]
  .near_func.text    ro code  0x00d52b     0xa  xprintfsmall.o [4]
  .near_func.text    ro code  0x00d535     0xa  xscanfsmall.o [4]
  .near_func.text    ro code  0x00d53f     0xa  isxxx.o [4]
  .near.rodata       const    0x00d549     0x9  nbiot_func.o [1]
  .near.rodata       const    0x00d552     0x9  nbiot_func.o [1]
  .near.rodata       const    0x00d55b     0x9  nbiot_func.o [1]
  .near.rodata       const    0x00d564     0x9  nbiot_func.o [1]
  .near.rodata       const    0x00d56d     0x9  nbiot_func.o [1]
  .near.rodata       const    0x00d576     0x9  Save.o [1]
  .near_func.text    ro code  0x00d57f     0x9  bsp_uart_fifo.o [1]
  .near_func.text    ro code  0x00d588     0x9  bsp_uart_fifo.o [1]
  .near_func.text    ro code  0x00d591     0x9  stm8l15x_gpio.o [1]
  .near_func.text    ro code  0x00d59a     0x9  stm8l15x_tim1.o [1]
  .near_func.text    ro code  0x00d5a3     0x9  xprintfsmall.o [4]
  .near_func.text    ro code  0x00d5ac     0x9  xprintfsmall.o [4]
  .near_func.text    ro code  0x00d5b5     0x9  xprintfsmall.o [4]
  .near_func.text    ro code  0x00d5be     0x9  xprintfsmall.o [4]
  .near_func.text    ro code  0x00d5c7     0x9  xprintfsmall.o [4]
  .near_func.text    ro code  0x00d5d0     0x9  xscanfsmall.o [4]
  .near.rodata       const    0x00d5d9     0x8  nbiot_func.o [1]
  .near.rodata       const    0x00d5e1     0x8  nbiot_func.o [1]
  .near.rodata       const    0x00d5e9     0x8  nbiot_func.o [1]
  .near.rodata       const    0x00d5f1     0x8  nbiot_func.o [1]
  .near.rodata       const    0x00d5f9     0x8  nbiot_func.o [1]
  .near.rodata       const    0x00d601     0x8  nbiot_func.o [1]
  .near.rodata       const    0x00d609     0x8  nbiot_func.o [1]
  .near.rodata       const    0x00d611     0x8  xprintfsmall.o [4]
  .near.rodata       const    0x00d619     0x8  xprintfsmall.o [4]
  .near.rodata       const    0x00d621     0x8  xscanfsmall.o [4]
  .near.rodata       const    0x00d629     0x8  xscanfsmall.o [4]
  .near.rodata       const    0x00d631     0x8  xwctob.o [4]
  .near.rodata       const    0x00d639     0x8  xencoding_sb.o [4]
  .near.rodata       const    0x00d641     0x8  xencoding_sb.o [4]
  .near_func.text    ro code  0x00d649     0x8  stm8l15x_gpio.o [1]
  .near_func.text    ro code  0x00d651     0x8  stm8l15x_usart.o [1]
  .near_func.text    ro code  0x00d659     0x8  xprintfsmall.o [4]
  .near_func.text    ro code  0x00d661     0x8  xprintfsmall.o [4]
  .near_func.text    ro code  0x00d669     0x8  xscanfsmall.o [4]
  .near_func.text    ro code  0x00d671     0x8  xxmemxmalloc.o [4]
  .near.rodata       const    0x00d679     0x7  main.o [1]
  .near.rodata       const    0x00d680     0x7  nbiot_func.o [1]
  .near.rodata       const    0x00d687     0x7  nbiot_func.o [1]
  .near.rodata       const    0x00d68e     0x7  nbiot_func.o [1]
  .near.rodata       const    0x00d695     0x7  nbiot_func.o [1]
  .near.rodata       const    0x00d69c     0x7  xprintfsmall.o [4]
  .near.rodata       const    0x00d6a3     0x7  xscanfsmall.o [4]
  .near_func.text    ro code  0x00d6aa     0x7  basic_fun.o [1]
  .near_func.text    ro code  0x00d6b1     0x7  bsp_uart_fifo.o [1]
  .near_func.text    ro code  0x00d6b8     0x7  bsp_uart_fifo.o [1]
  .near_func.text    ro code  0x00d6bf     0x7  bsp_uart_fifo.o [1]
  .near_func.text    ro code  0x00d6c6     0x7  bsp_uart_fifo.o [1]
  .near_func.text    ro code  0x00d6cd     0x7  bsp_uart_fifo.o [1]
  .near_func.text    ro code  0x00d6d4     0x7  bsp_uart_fifo.o [1]
  .near_func.text    ro code  0x00d6db     0x7  stm8l15x_gpio.o [1]
  .near_func.text    ro code  0x00d6e2     0x7  stm8l15x_gpio.o [1]
  .near_func.text    ro code  0x00d6e9     0x7  xprintfsmall.o [4]
  .near_func.text    ro code  0x00d6f0     0x7  xprintfsmall.o [4]
  .near_func.text    ro code  0x00d6f7     0x7  xxmemxmalloc.o [4]
  .near_func.text    ro code  0x00d6fe     0x7  putchar.o [4]
  .near_func.text    ro code  0x00d705     0x7  setlocale.o [4]
  .near.rodata       const    0x00d70c     0x6  main.o [1]
  .near.rodata       const    0x00d712     0x6  nbiot_func.o [1]
  .near.rodata       const    0x00d718     0x6  nbiot_func.o [1]
  .near.rodata       const    0x00d71e     0x6  shell.o [1]
  .near_func.text    ro code  0x00d724     0x6  xprintfsmall.o [4]
  .near_func.text    ro code  0x00d72a     0x6  xprintfsmall.o [4]
  .near_func.text    ro code  0x00d730     0x6  xprintfsmall.o [4]
  .near_func.text    ro code  0x00d736     0x6  xprintfsmall.o [4]
  .near_func.text    ro code  0x00d73c     0x6  xscanfsmall.o [4]
  .near_func.text    ro code  0x00d742     0x6  xmbcurmax.o [4]
  .near.rodata       const    0x00d748     0x5  nbiot_func.o [1]
  .near.rodata       const    0x00d74d     0x5  nbiot_func.o [1]
  .near.rodata       const    0x00d752     0x5  nbiot_func.o [1]
  .near.rodata       const    0x00d757     0x5  nbiot_func.o [1]
  .near.rodata       const    0x00d75c     0x5  shell.o [1]
  .near.rodata       const    0x00d761     0x5  stm8l15x_clk.o [1]
  .near.rodata       const    0x00d766     0x5  xscanfsmall.o [4]
  .near_func.text    ro code  0x00d76b     0x5  stm8l15x_flash.o [1]
  .near_func.text    ro code  0x00d770     0x5  stm8l15x_usart.o [1]
  .near_func.text    ro code  0x00d775     0x5  stm8l15x_usart.o [1]
  .near_func.text    ro code  0x00d77a     0x5  stm8l15x_usart.o [1]
  .near_func.text    ro code  0x00d77f     0x5  char.o [4]
  .near_func.text    ro code  0x00d784     0x5  xprintfsmall.o [4]
  .near_func.text    ro code  0x00d789     0x5  xprintfsmall.o [4]
  .near_func.text    ro code  0x00d78e     0x5  xprintfsmall.o [4]
  .near_func.text    ro code  0x00d793     0x5  xprintfsmall.o [4]
  .near_func.text    ro code  0x00d798     0x5  xscanfsmall.o [4]
  .near_func.text    ro code  0x00d79d     0x5  cexit.o [4]
  .near.rodata       const    0x00d7a2     0x4  nbiot_func.o [1]
  .near.rodata       const    0x00d7a6     0x4  shell.o [1]
  .near.rodata       const    0x00d7aa     0x4  shell.o [1]
  .near_func.text    ro code  0x00d7ae     0x4  stm8l15x_clk.o [1]
  .near_func.text    ro code  0x00d7b2     0x4  stm8l15x_clk.o [1]
  .near_func.text    ro code  0x00d7b6     0x4  setlocale.o [4]
  .near.rodata       const    0x00d7ba     0x3  main.o [1]
  .near.rodata       const    0x00d7bd     0x3  nbiot_func.o [1]
  .near.rodata       const    0x00d7c0     0x3  shell.o [1]
  .near.rodata       const    0x00d7c3     0x3  shell.o [1]
  .near.rodata       const    0x00d7c6     0x3  shell.o [1]
  .near_func.text    ro code  0x00d7c9     0x3  interrupt.o [4]
  .near_func.text    ro code  0x00d7cc     0x3  low_level_init.o [4]
  .near_func.text    ro code  0x00d7cf     0x3  exit.o [4]
  .near_func.text    ro code  0x00d7d2     0x3  unhandled_exception.o [4]
  .near.rodata       const    0x00d7d5     0x2  main.o [1]
  .near.rodata       const    0x00d7d7     0x2  nbiot_func.o [1]
  .near.rodata       const    0x00d7d9     0x2  shell.o [1]
  .near.rodata       const    0x00d7db     0x1  nbiot_func.o [1]
  .near_func.text    ro code  0x00d7dc     0x1  bsp.o [1]
  .near_func.text    ro code  0x00d7dd     0x1  bsp.o [1]
  .near_func.text    ro code  0x00d7de     0x1  bsp_uart_fifo.o [1]
  .near_func.text    ro code  0x00d7df     0x1  stm8l15x_it.o [1]
  .near_func.text    ro code  0x00d7e0     0x1  stm8l15x_it.o [1]
  .near_func.text    ro code  0x00d7e1     0x1  stm8l15x_it.o [1]
  .near_func.text    ro code  0x00d7e2     0x1  stm8l15x_it.o [1]
  .near_func.text    ro code  0x00d7e3     0x1  stm8l15x_it.o [1]
  .near_func.text    ro code  0x00d7e4     0x1  stm8l15x_it.o [1]
  .near_func.text    ro code  0x00d7e5     0x1  stm8l15x_it.o [1]
  .near_func.text    ro code  0x00d7e6     0x1  stm8l15x_it.o [1]
  .near_func.text    ro code  0x00d7e7     0x1  stm8l15x_it.o [1]
  .near_func.text    ro code  0x00d7e8     0x1  stm8l15x_it.o [1]
  .near_func.text    ro code  0x00d7e9     0x1  stm8l15x_it.o [1]
  .near_func.text    ro code  0x00d7ea     0x1  stm8l15x_it.o [1]
  .near_func.text    ro code  0x00d7eb     0x1  stm8l15x_it.o [1]
  .near_func.text    ro code  0x00d7ec     0x1  stm8l15x_it.o [1]
  .near_func.text    ro code  0x00d7ed     0x1  stm8l15x_it.o [1]
  .near_func.text    ro code  0x00d7ee     0x1  stm8l15x_it.o [1]
  .near_func.text    ro code  0x00d7ef     0x1  stm8l15x_it.o [1]
  .near_func.text    ro code  0x00d7f0     0x1  stm8l15x_it.o [1]
  .near_func.text    ro code  0x00d7f1     0x1  stm8l15x_it.o [1]
  .near_func.text    ro code  0x00d7f2     0x1  stm8l15x_it.o [1]
  .near_func.text    ro code  0x00d7f3     0x1  __dbg_break.o [3]
                            - 0x00d7f4  0x5774


*******************************************************************************
*** INIT TABLE
***

          Address   Size
          -------   ----
Zero (__iar_zero_init2)
    1 destination range, total size 0xbc8:
          0x00014a  0xbc8

Copy (__iar_copy_init2)
    1 source range, total size 0x3a:
          0x00c4d6   0x3a
    1 destination range, total size 0x3a:
          0x000010   0x3a



*******************************************************************************
*** MODULE SUMMARY
***

    Module                 ro code  ro data  rw data
    ------                 -------  -------  -------
F:\创力NB\我的工程\my_nb\project\Debug\Obj: [1]
    BC95.o                                       302
    Globaldata.o                                  44
    Pulse_Acquire.o            357                 7
    Save.o                     666        9
    Sys_Timer.o                402               161
    basic_fun.o                342        4        4
    bsp.o                       79                 2
    bsp_led.o                  157
    bsp_timer.o                702                50
    bsp_uart_fifo.o          1 833             2 269
    main.o                     597    1 160        2
    mcu_init.o                 125
    nbiot_func.o             3 452    1 897       12
    rtc.o                      359
    shell.o                    498      241       77
    stm8l15x_clk.o             311        5
    stm8l15x_exti.o             34
    stm8l15x_flash.o            77
    stm8l15x_gpio.o            250
    stm8l15x_it.o              248
    stm8l15x_rtc.o             261
    stm8l15x_tim1.o            252
    stm8l15x_usart.o           659
    ------------------------------------------------
    Total:                  11 661    3 316    2 930

command line: [2]
    ------------------------------------------------
    Total:

dbgstm8smd.a: [3]
    __dbg_break.o                1
    __dbg_xxexit.o              20
    ------------------------------------------------
    Total:                      21

dlstm8smf.a: [4]
    cexit.o                      5
    char.o                       5
    cstartup.o                  19
    dc_util.o                   13
    errno.o                                        2
    exit.o                       3
    init.o                      23
    init_small.o                70
    interrupt.o                  3      128
    isxxx.o                     22
    long.o                     458
    long_util.o                132
    low_level_init.o             3
    memchr.o                    24
    memcpy.o                    37
    memset.o                    23
    move.o                      31
    printf.o                    32
    putchar.o                    7
    setlocale.o                 42                16
    short.o                     50
    sprintf.o                   62
    sscanf.o                    31
    strchr.o                    21
    strcmp.o                    34
    strlen.o                    18
    strstr.o                    68
    tolower.o                   18
    unhandled_exception.o        3
    vreg_util.o                366
    vregs.o                                       16
    xencoding_sb.o              75       16
    xfiles.o                             40      120
    xgetmemchunk.o              25                 2
    xlocale_c.o                 65
    xmbcurmax.o                  6
    xmbtowc.o                   33
    xprintfsmall.o           2 349       23
    xprout.o                    27
    xscanfsmall.o            1 729       28
    xsprout.o                   14
    xsscin.o                    39
    xstol.o                    197
    xstoul.o                   446       74
    xwctob.o                    50        8
    xwctomb.o                   28
    xxmemxfree.o               219
    xxmemxmalloc.o             258                 4
    ------------------------------------------------
    Total:                   7 183      317      160

    Linker created                       18      512
----------------------------------------------------
    Grand Total:            18 865    3 651    3 602


*******************************************************************************
*** ENTRY LIST
***

Entry                    Address   Size  Type      Object
-----                    -------   ----  ----      ------
.iar.init_table$$Base   0x00cc54          --   Gb  - Linker created -
.iar.init_table$$Limit  0x00cc66          --   Gb  - Linker created -
?add32_l0_l0_0x         0x009537         Code  Gb  long.o [4]
?add32_l0_l0_l1         0x009534         Code  Gb  long.o [4]
?and32_l0_l0_0x         0x00968d         Code  Gb  long.o [4]
?and32_l0_l0_l1         0x00968a         Code  Gb  long.o [4]
?b0                     0x000000         Data  Gb  vregs.o [4]
?b1                     0x000001         Data  Gb  vregs.o [4]
?b10                    0x00000a         Data  Gb  vregs.o [4]
?b11                    0x00000b         Data  Gb  vregs.o [4]
?b12                    0x00000c         Data  Gb  vregs.o [4]
?b13                    0x00000d         Data  Gb  vregs.o [4]
?b14                    0x00000e         Data  Gb  vregs.o [4]
?b15                    0x00000f         Data  Gb  vregs.o [4]
?b2                     0x000002         Data  Gb  vregs.o [4]
?b3                     0x000003         Data  Gb  vregs.o [4]
?b4                     0x000004         Data  Gb  vregs.o [4]
?b5                     0x000005         Data  Gb  vregs.o [4]
?b6                     0x000006         Data  Gb  vregs.o [4]
?b7                     0x000007         Data  Gb  vregs.o [4]
?b8                     0x000008         Data  Gb  vregs.o [4]
?b9                     0x000009         Data  Gb  vregs.o [4]
?dc32_l1                0x00d48f         Code  Gb  dc_util.o [4]
?dec32_0x_0x            0x009520         Code  Gb  long.o [4]
?dec32_l0_l0            0x00951b         Code  Gb  long.o [4]
?e0                     0x000001         Data  Gb  vregs.o [4]
?e1                     0x000005         Data  Gb  vregs.o [4]
?e2                     0x000009         Data  Gb  vregs.o [4]
?e3                     0x00000d         Data  Gb  vregs.o [4]
?epilogue_l2            0x009c34         Code  Gb  vreg_util.o [4]
?epilogue_l2_l3         0x009c31         Code  Gb  vreg_util.o [4]
?epilogue_l2_w6         0x009c38         Code  Gb  vreg_util.o [4]
?epilogue_w4            0x009c3f         Code  Gb  vreg_util.o [4]
?inc32_0x_0x            0x00950d         Code  Gb  long.o [4]
?inc32_l0_l0            0x009503         Code  Gb  long.o [4]
?inc32_l1_l1            0x009508         Code  Gb  long.o [4]
?l0                     0x000000         Data  Gb  vregs.o [4]
?l1                     0x000004         Data  Gb  vregs.o [4]
?l2                     0x000008         Data  Gb  vregs.o [4]
?l3                     0x00000c         Data  Gb  vregs.o [4]
?load32_0x_l0           0x00b919         Code  Gb  long_util.o [4]
?load32_0x_l1           0x00b927         Code  Gb  long_util.o [4]
?load32_0x_l2           0x00b946         Code  Gb  long_util.o [4]
?load32_asp_l0          0x00b90d         Code  Gb  long_util.o [4]
?load32_asp_l2          0x00b93a         Code  Gb  long_util.o [4]
?load32_dbsp_l0         0x00b908         Code  Gb  long_util.o [4]
?load32_dbsp_l2         0x00b935         Code  Gb  long_util.o [4]
?load32_l0_0x           0x00b8e0         Code  Gb  long_util.o [4]
?load32_l0_asp          0x00b8d5         Code  Gb  long_util.o [4]
?load32_l0_dbsp         0x00b8d0         Code  Gb  long_util.o [4]
?load32_l0_xsp          0x00b8d7         Code  Gb  long_util.o [4]
?load32_l1_0x           0x00b8fc         Code  Gb  long_util.o [4]
?load32_l1_asp          0x00b8f1         Code  Gb  long_util.o [4]
?load32_l1_dbsp         0x00b8ec         Code  Gb  long_util.o [4]
?load32_l1_xsp          0x00b8f3         Code  Gb  long_util.o [4]
?load32_xsp_l0          0x00b90f         Code  Gb  long_util.o [4]
?load32_xsp_l2          0x00b93c         Code  Gb  long_util.o [4]
?mov_e0_e1              0x009ca1         Code  Gb  vreg_util.o [4]
?mov_e0_e2              0x009cae         Code  Gb  vreg_util.o [4]
?mov_e0_e3              0x009cbb         Code  Gb  vreg_util.o [4]
?mov_e1_e0              0x009cc8         Code  Gb  vreg_util.o [4]
?mov_e2_e0              0x009cd5         Code  Gb  vreg_util.o [4]
?mov_e3_e0              0x009ce2         Code  Gb  vreg_util.o [4]
?mov_l0_l1              0x009c9e         Code  Gb  vreg_util.o [4]
?mov_l0_l2              0x009cab         Code  Gb  vreg_util.o [4]
?mov_l0_l3              0x009cb8         Code  Gb  vreg_util.o [4]
?mov_l1_l0              0x009cc5         Code  Gb  vreg_util.o [4]
?mov_l2_l0              0x009cd2         Code  Gb  vreg_util.o [4]
?mov_l3_l0              0x009cdf         Code  Gb  vreg_util.o [4]
?mov_w0_w1              0x009c43         Code  Gb  vreg_util.o [4]
?mov_w0_w4              0x009c4a         Code  Gb  vreg_util.o [4]
?mov_w0_w5              0x009c51         Code  Gb  vreg_util.o [4]
?mov_w0_w6              0x009c58         Code  Gb  vreg_util.o [4]
?mov_w0_w7              0x009c5f         Code  Gb  vreg_util.o [4]
?mov_w1_w3              0x009ca4         Code  Gb  vreg_util.o [4]
?mov_w1_w4              0x009c66         Code  Gb  vreg_util.o [4]
?mov_w1_w5              0x009cb1         Code  Gb  vreg_util.o [4]
?mov_w1_w6              0x009c6d         Code  Gb  vreg_util.o [4]
?mov_w1_w7              0x009cbe         Code  Gb  vreg_util.o [4]
?mov_w2_w1              0x009c74         Code  Gb  vreg_util.o [4]
?mov_w3_w0              0x009c7b         Code  Gb  vreg_util.o [4]
?mov_w3_w1              0x009ccb         Code  Gb  vreg_util.o [4]
?mov_w4_w0              0x009c82         Code  Gb  vreg_util.o [4]
?mov_w4_w1              0x009c89         Code  Gb  vreg_util.o [4]
?mov_w5_w0              0x009c90         Code  Gb  vreg_util.o [4]
?mov_w5_w1              0x009cd8         Code  Gb  vreg_util.o [4]
?mov_w6_w0              0x009c97         Code  Gb  vreg_util.o [4]
?mov_w7_w1              0x009ce5         Code  Gb  vreg_util.o [4]
?move1616_v_x_y_a       0x00ce14         Code  Gb  move.o [4]
?move1616_v_x_y_tos16   0x00ce02         Code  Gb  move.o [4]
?mul16_x_x_w0           0x00c6eb         Code  Gb  short.o [4]
?mul32_l0_l0_l1         0x00956a         Code  Gb  long.o [4]
?neg32_l0_l0            0x0094f3         Code  Gb  long.o [4]
?pop_l0                 0x009bfd         Code  Gb  vreg_util.o [4]
?pop_l1                 0x009c08         Code  Gb  vreg_util.o [4]
?pop_l2                 0x009c13         Code  Gb  vreg_util.o [4]
?pop_l3                 0x009c1e         Code  Gb  vreg_util.o [4]
?pop_w4                 0x009baf         Code  Gb  vreg_util.o [4]
?pop_w6                 0x009bb6         Code  Gb  vreg_util.o [4]
?pop_w7                 0x009bbd         Code  Gb  vreg_util.o [4]
?push_l0                0x009bcc         Code  Gb  vreg_util.o [4]
?push_l1                0x009bd1         Code  Gb  vreg_util.o [4]
?push_l2                0x009bd6         Code  Gb  vreg_util.o [4]
?push_l3                0x009bdb         Code  Gb  vreg_util.o [4]
?push_w0                0x009b7e         Code  Gb  vreg_util.o [4]
?push_w1                0x009b83         Code  Gb  vreg_util.o [4]
?push_w4                0x009b88         Code  Gb  vreg_util.o [4]
?push_w5                0x009b8d         Code  Gb  vreg_util.o [4]
?push_w6                0x009b92         Code  Gb  vreg_util.o [4]
?push_w7                0x009b97         Code  Gb  vreg_util.o [4]
?scmp32_c_l0_l1         0x009673         Code  Gb  long.o [4]
?sext16_x_a             0x00c716         Code  Gb  short.o [4]
?sext32_l0_a            0x0096b0         Code  Gb  long.o [4]
?sext32_l0_x            0x0096a5         Code  Gb  long.o [4]
?sll16_x_x_a            0x00c709         Code  Gb  short.o [4]
?srl16_x_x_4            0x00c711         Code  Gb  short.o [4]
?srl8_a_a_5             0x00d77f         Code  Gb  char.o [4]
?sub32_l0_l0_0x         0x009552         Code  Gb  long.o [4]
?sub32_l0_l0_l1         0x00954f         Code  Gb  long.o [4]
?ucmp32_c_l0_0x         0x009658         Code  Gb  long.o [4]
?ucmp32_c_l0_l1         0x009668         Code  Gb  long.o [4]
?udiv32_l0_l0_dl        0x0095e8         Code  Gb  long.o [4]
?udiv32_l0_l0_l1        0x0095eb         Code  Gb  long.o [4]
?umod32_l1_l0_l1        0x0095eb         Code  Gb  long.o [4]
?w0                     0x000000         Data  Gb  vregs.o [4]
?w1                     0x000002         Data  Gb  vregs.o [4]
?w2                     0x000004         Data  Gb  vregs.o [4]
?w3                     0x000006         Data  Gb  vregs.o [4]
?w4                     0x000008         Data  Gb  vregs.o [4]
?w5                     0x00000a         Data  Gb  vregs.o [4]
?w6                     0x00000c         Data  Gb  vregs.o [4]
?w7                     0x00000e         Data  Gb  vregs.o [4]
ADC1_COMP_IRQHandler    0x00d7ee    0x1  Code  Gb  stm8l15x_it.o [1]
Alarm_Interrupt         0x00c9cb   0x27  Code  Gb  rtc.o [1]
AscToHex                0x00c362   0x3f  Code  Gb  basic_fun.o [1]
BC95                    0x00094a  0x12e  Data  Gb  BC95.o [1]
Bcd2ToByte              0x00d044   0x1b  Code  Lc  stm8l15x_rtc.o [1]
BufAscToHex             0x00bf04   0x48  Code  Gb  basic_fun.o [1]
BufStrToASC             0x00b0f7   0xad  Code  Gb  basic_fun.o [1]
CLK_GetClockFreq        0x00b69d   0x93  Code  Gb  stm8l15x_clk.o [1]
CLK_HSICmd              0x00d44a    0xe  Code  Gb  stm8l15x_clk.o [1]
CLK_PeripheralClockConfig
                        0x00b730   0x8e  Code  Gb  stm8l15x_clk.o [1]
CLK_SYSCLKDivConfig     0x00d7b2    0x4  Code  Gb  stm8l15x_clk.o [1]
CLK_SYSCLKSourceConfig  0x00d7ae    0x4  Code  Gb  stm8l15x_clk.o [1]
CSTACK$$Base            0x000f00          --   Gb  - Linker created -
CSTACK$$Limit           0x001000          --   Gb  - Linker created -
Cal                     0x000ce2    0x7  Data  Gb  Pulse_Acquire.o [1]
ComToUart               0x00cfbb   0x1c  Code  Gb  bsp_uart_fifo.o [1]
DMA1_CHANNEL0_1_IRQHandler
                        0x00d7e1    0x1  Code  Gb  stm8l15x_it.o [1]
DMA1_CHANNEL2_3_IRQHandler
                        0x00d7e2    0x1  Code  Gb  stm8l15x_it.o [1]
EXTI0_IRQHandler        0x00d22e   0x16  Code  Gb  stm8l15x_it.o [1]
EXTI1_IRQHandler        0x00d7e5    0x1  Code  Gb  stm8l15x_it.o [1]
EXTI2_IRQHandler        0x00d7e6    0x1  Code  Gb  stm8l15x_it.o [1]
EXTI3_IRQHandler        0x00d7e7    0x1  Code  Gb  stm8l15x_it.o [1]
EXTI4_IRQHandler        0x00d7e8    0x1  Code  Gb  stm8l15x_it.o [1]
EXTI5_IRQHandler        0x00d7e9    0x1  Code  Gb  stm8l15x_it.o [1]
EXTI6_IRQHandler        0x00d7ea    0x1  Code  Gb  stm8l15x_it.o [1]
EXTI7_IRQHandler        0x00d7eb    0x1  Code  Gb  stm8l15x_it.o [1]
EXTIB_G_IRQHandler      0x00d7e4    0x1  Code  Gb  stm8l15x_it.o [1]
EXTID_H_IRQHandler      0x00d218   0x16  Code  Gb  stm8l15x_it.o [1]
EXTIE_F_PVD_IRQHandler  0x00d7e3    0x1  Code  Gb  stm8l15x_it.o [1]
EXTI_ClearITPendingBit  0x00cbce   0x22  Code  Gb  stm8l15x_exti.o [1]
Exti0_Interrupt         0x00caae   0x25  Code  Gb  Pulse_Acquire.o [1]
ExtiD_Interrupt         0x009e2d  0x140  Code  Gb  Pulse_Acquire.o [1]
FLASH_GetFlagStatus     0x00d0f9   0x19  Code  Gb  stm8l15x_flash.o [1]
FLASH_IRQHandler        0x00d7e0    0x1  Code  Gb  stm8l15x_it.o [1]
FLASH_Lock              0x00d4d7    0xb  Code  Gb  stm8l15x_flash.o [1]
FLASH_ProgramByte       0x00d4e2    0xb  Code  Gb  stm8l15x_flash.o [1]
FLASH_ReadByte          0x00d76b    0x5  Code  Gb  stm8l15x_flash.o [1]
FLASH_Unlock            0x00d0e0   0x19  Code  Gb  stm8l15x_flash.o [1]
GPIO_ExternalPullUpConfig
                        0x00c808   0x2c  Code  Gb  stm8l15x_gpio.o [1]
GPIO_Init               0x00b048   0xaf  Code  Gb  stm8l15x_gpio.o [1]
GPIO_ReadInputDataBit   0x00d591    0x9  Code  Gb  stm8l15x_gpio.o [1]
GPIO_ResetBits          0x00d649    0x8  Code  Gb  stm8l15x_gpio.o [1]
GPIO_SetBits            0x00d6db    0x7  Code  Gb  stm8l15x_gpio.o [1]
GPIO_ToggleBits         0x00d6e2    0x7  Code  Gb  stm8l15x_gpio.o [1]
HEAP$$Base              0x00004a          --   Gb  - Linker created -
HEAP$$Limit             0x00014a          --   Gb  - Linker created -
HistoryData             0x000cff    0x2  Data  Gb  Globaldata.o [1]
I2C1_SPI2_IRQHandler    0x00d7f2    0x1  Code  Gb  stm8l15x_it.o [1]
INTVEC$$Base            0x008000          --   Gb  - Linker created -
INTVEC$$Limit           0x008080          --   Gb  - Linker created -
InitHardUart            0x00a314  0x118  Code  Lc  bsp_uart_fifo.o [1]
LCD_AES_IRQHandler      0x00d7ec    0x1  Code  Gb  stm8l15x_it.o [1]
LoadInt                 0x00c3a1   0x3f  Code  Lc  xprintfsmall.o [4]
MCU_DeInit              0x00beba   0x4a  Code  Gb  mcu_init.o [1]
MeterParameter          0x000c50   0x22  Data  Gb  Globaldata.o [1]
RCC_Configuration       0x00c685   0x33  Code  Gb  mcu_init.o [1]
RS485_InitTXE           0x00d482    0xd  Code  Gb  bsp_uart_fifo.o [1]
RS485_ReciveNew         0x00d7de    0x1  Code  Gb  bsp_uart_fifo.o [1]
RS485_SendBefor         0x00d57f    0x9  Code  Gb  bsp_uart_fifo.o [1]
RS485_SendOver          0x00d588    0x9  Code  Gb  bsp_uart_fifo.o [1]
RTC_CSSLSE_IRQHandler   0x00d112   0x19  Code  Gb  stm8l15x_it.o [1]
RTC_ClearITPendingBit   0x00d4a8    0xc  Code  Gb  stm8l15x_rtc.o [1]
RTC_DateStr             0x000cf5    0x4  Data  Gb  Globaldata.o [1]
RTC_GetDate             0x00bc5e   0x5c  Code  Gb  stm8l15x_rtc.o [1]
RTC_GetITStatus         0x00c7af   0x2d  Code  Gb  stm8l15x_rtc.o [1]
RTC_GetTime             0x00bdc8   0x55  Code  Gb  stm8l15x_rtc.o [1]
RTC_TimeStr             0x000cf1    0x4  Data  Gb  Globaldata.o [1]
Read_ACUM_Flow          0x00d42d    0xf  Code  Gb  Save.o [1]
Region$$Table$$Base     0x00cc54          --   Gb  - Linker created -
Region$$Table$$Limit    0x00cc66          --   Gb  - Linker created -
SPI1_IRQHandler         0x00d7f1    0x1  Code  Gb  stm8l15x_it.o [1]
SWITCH_CSS_BREAK_DAC_IRQHandler
                        0x00d7ed    0x1  Code  Gb  stm8l15x_it.o [1]
SYSDivFactor            0x00d761    0x5  Data  Gb  stm8l15x_clk.o [1]
Save_Add_Flow           0x00d2f2   0x15  Code  Gb  Save.o [1]
Save_History_Data       0x00a53c  0x101  Code  Gb  Save.o [1]
Save_SDCF_Flow          0x00abad   0xd3  Code  Gb  Save.o [1]
SysTick_Handler         0x00987b  0x192  Code  Gb  Sys_Timer.o [1]
Sys_Timer               0x000a78   0xa0  Data  Lc  Sys_Timer.o [1]
TIM1_ARRPreloadConfig   0x00d458    0xe  Code  Gb  stm8l15x_tim1.o [1]
TIM1_CC_IRQHandler      0x00d7ef    0x1  Code  Gb  stm8l15x_it.o [1]
TIM1_ClearITPendingBit  0x00d59a    0x9  Code  Gb  stm8l15x_tim1.o [1]
TIM1_Cmd                0x00d466    0xe  Code  Gb  stm8l15x_tim1.o [1]
TIM1_DeInit             0x00b4dc   0x99  Code  Gb  stm8l15x_tim1.o [1]
TIM1_ITConfig           0x00d094   0x1a  Code  Gb  stm8l15x_tim1.o [1]
TIM1_TimeBaseInit       0x00cb64   0x24  Code  Gb  stm8l15x_tim1.o [1]
TIM1_UPD_OVF_TRG_COM_IRQHandler
                        0x00d029   0x1b  Code  Gb  stm8l15x_it.o [1]
TIM2_CC_USART2_RX_IRQHandler
                        0x00d25a   0x16  Code  Gb  stm8l15x_it.o [1]
TIM2_UPD_OVF_TRG_BRK_USART2_TX_IRQHandler
                        0x00d244   0x16  Code  Gb  stm8l15x_it.o [1]
TIM3_CC_USART3_RX_IRQHandler
                        0x00d286   0x16  Code  Gb  stm8l15x_it.o [1]
TIM3_UPD_OVF_TRG_BRK_USART3_TX_IRQHandler
                        0x00d270   0x16  Code  Gb  stm8l15x_it.o [1]
TIM4_UPD_OVF_TRG_IRQHandler
                        0x00d7f0    0x1  Code  Gb  stm8l15x_it.o [1]
TRAP_IRQHandler         0x00d7df    0x1  Code  Gb  stm8l15x_it.o [1]
Timer_ISR               0x00b2f8   0xa7  Code  Gb  bsp_timer.o [1]
TwoAscTOHex             0x00cff3   0x1b  Code  Gb  basic_fun.o [1]
USART1_IRQ_RECV         0x00d6b8    0x7  Code  Gb  bsp_uart_fifo.o [1]
USART1_IRQ_SEND         0x00d6b1    0x7  Code  Gb  bsp_uart_fifo.o [1]
USART1_RX_TIM5_CC_IRQHandler
                        0x00d2b2   0x16  Code  Gb  stm8l15x_it.o [1]
USART1_TX_TIM5_UPD_OVF_TRG_BRK_IRQHandler
                        0x00d29c   0x16  Code  Gb  stm8l15x_it.o [1]
USART2_IRQ_RECV         0x00d6c6    0x7  Code  Gb  bsp_uart_fifo.o [1]
USART2_IRQ_SEND         0x00d6bf    0x7  Code  Gb  bsp_uart_fifo.o [1]
USART3_IRQ_RECV         0x00d6d4    0x7  Code  Gb  bsp_uart_fifo.o [1]
USART3_IRQ_SEND         0x00d6cd    0x7  Code  Gb  bsp_uart_fifo.o [1]
USART_ClearFlag         0x00d775    0x5  Code  Gb  stm8l15x_usart.o [1]
USART_ClearITPendingBit
                        0x00d77a    0x5  Code  Gb  stm8l15x_usart.o [1]
USART_Cmd               0x00c834   0x2b  Code  Gb  stm8l15x_usart.o [1]
USART_DeInit            0x00c41e   0x3e  Code  Gb  stm8l15x_usart.o [1]
USART_GetITStatus       0x00b1a4   0xac  Code  Gb  stm8l15x_usart.o [1]
USART_ITConfig          0x00b575   0x94  Code  Gb  stm8l15x_usart.o [1]
USART_Init              0x00ac80   0xd3  Code  Gb  stm8l15x_usart.o [1]
USART_ReceiveData8      0x00d770    0x5  Code  Gb  stm8l15x_usart.o [1]
USART_SendData8         0x00d651    0x8  Code  Gb  stm8l15x_usart.o [1]
UartGetChar             0x00b84a   0x86  Code  Lc  bsp_uart_fifo.o [1]
UartIRQ_Recv            0x00a82d   0xe8  Code  Lc  bsp_uart_fifo.o [1]
UartIRQ_Send            0x00a0ad  0x136  Code  Lc  bsp_uart_fifo.o [1]
UartSend                0x00af96   0xb2  Code  Lc  bsp_uart_fifo.o [1]
UartVarInit             0x00a915   0xdf  Code  Lc  bsp_uart_fifo.o [1]
Uart_Running_Init       0x00d41e    0xf  Code  Gb  main.o [1]
Wake_Interrupt          0x009f6d  0x140  Code  Gb  rtc.o [1]
WriteRom                0x00b39f   0xa2  Code  Gb  Save.o [1]
_EncodingSb_Mbtowc      0x00c6b8   0x33  Code  Gb  xencoding_sb.o [4]
_EncodingSb_Wctomb      0x00d18d   0x18  Code  Gb  xencoding_sb.o [4]
_Get                    0x00c05d   0x17  Code  Lc  xscanfsmall.o [4]
_GetN                   0x00c074   0x2c  Code  Lc  xscanfsmall.o [4]
_GetfldSmall            0x00b954   0x7f  Code  Lc  xscanfsmall.o [4]
_GetintSmall            0x008f83  0x1d5  Code  Lc  xscanfsmall.o [4]
_GetstrSmall            0x008bca  0x1de  Code  Lc  xscanfsmall.o [4]
_LitobSmall             0x009a0d  0x171  Code  Lc  xprintfsmall.o [4]
_LocaleC_isspace        0x00d144   0x19  Code  Gb  xlocale_c.o [4]
_LocaleC_isupper        0x00d40e   0x10  Code  Gb  xlocale_c.o [4]
_LocaleC_tolower        0x00d1a5   0x18  Code  Gb  xlocale_c.o [4]
_LocaleEncoding         0x00d4c0    0xc  Code  Gb  setlocale.o [4]
_LocaleForCat           0x00d3b7   0x13  Code  Gb  setlocale.o [4]
_Locale_Profile         0x000ccc    0xe  Data  Gb  setlocale.o [4]
_Mbtowc                 0x00cc33   0x21  Code  Gb  xmbtowc.o [4]
_PrintfSmall            0x008080  0x43a  Code  Gb  xprintfsmall.o [4]
_Prout                  0x00d05f   0x1b  Code  Gb  xprout.o [4]
_PutcharSmall           0x00c780   0x2f  Code  Lc  xprintfsmall.o [4]
_PutcharsSmall          0x00c61d   0x35  Code  Lc  xprintfsmall.o [4]
_PutstrSmall            0x008da8  0x1db  Code  Lc  xprintfsmall.o [4]
_SProut                 0x00d474    0xe  Code  Gb  xsprout.o [4]
_SScin                  0x00c9f2   0x27  Code  Gb  xsscin.o [4]
_ScanfSmall             0x009158  0x1d1  Code  Gb  xscanfsmall.o [4]
_UngetN                 0x00c8dc   0x29  Code  Lc  xscanfsmall.o [4]
_Wctomb                 0x00cfd7   0x1c  Code  Gb  xwctomb.o [4]
__DebugBreak            0x00d7f3    0x1  Code  Gb  __dbg_break.o [3]
__exit                  0x00d344   0x14  Code  Gb  __dbg_xxexit.o [3]
__iar_Errno             0x000d09    0x2  Data  Gb  errno.o [4]
__iar_Mbcurmax          0x00d742    0x6  Code  Gb  xmbcurmax.o [4]
__iar_Memchr            0x00d175   0x18  Code  Gb  memchr.o [4]
__iar_Stdout            0x000022   0x28  Data  Gb  xfiles.o [4]
__iar_Stolx             0x00ae1c   0xc5  Code  Gb  xstol.o [4]
__iar_Stoul             0x009874    0x7  Code  Gb  xstoul.o [4]
__iar_Stoulx            0x0096bd  0x1b7  Code  Gb  xstoul.o [4]
__iar_Strchr            0x00d307   0x15  Code  Gb  strchr.o [4]
__iar_Strstr            0x00bf93   0x44  Code  Gb  strstr.o [4]
__iar_Tls_setup__Locale_Profile
                        0x000d05    0x2  Data  Gb  setlocale.o [4]
__iar_Wctob             0x00c71d   0x32  Code  Gb  xwctob.o [4]
__iar_copy_init2        0x00c955         Code  Gb  init_small.o [4]
__iar_data_init2        0x00d1eb   0x17  Code  Gb  init.o [4]
__iar_program_start     0x00d3a4         Code  Gb  cstartup.o [4]
__iar_unhandled_exception
                        0x00d7d2         Code  Gb  unhandled_exception.o [4]
__iar_zero_init2        0x00ce7c         Code  Gb  init_small.o [4]
__intvec                0x008000         Data  Gb  interrupt.o [4]
__low_level_init        0x00d7cc    0x3  Code  Gb  low_level_init.o [4]
__near_Aldata           0x000cf9    0x4  Data  Gb  xxmemxmalloc.o [4]
__near_GetMemChunk      0x00d12b   0x19  Code  Gb  xgetmemchunk.o [4]
__near_findmem          0x00bbff   0x5f  Code  Lc  xxmemxmalloc.o [4]
_exit                   0x00d79d         Code  Gb  cexit.o [4]
_interrupt_1            0x00d7df         Code  Gb  stm8l15x_it.o [1]
_interrupt_10           0x00d22e         Code  Gb  stm8l15x_it.o [1]
_interrupt_11           0x00d7e5         Code  Gb  stm8l15x_it.o [1]
_interrupt_12           0x00d7e6         Code  Gb  stm8l15x_it.o [1]
_interrupt_13           0x00d7e7         Code  Gb  stm8l15x_it.o [1]
_interrupt_14           0x00d7e8         Code  Gb  stm8l15x_it.o [1]
_interrupt_15           0x00d7e9         Code  Gb  stm8l15x_it.o [1]
_interrupt_16           0x00d7ea         Code  Gb  stm8l15x_it.o [1]
_interrupt_17           0x00d7eb         Code  Gb  stm8l15x_it.o [1]
_interrupt_18           0x00d7ec         Code  Gb  stm8l15x_it.o [1]
_interrupt_19           0x00d7ed         Code  Gb  stm8l15x_it.o [1]
_interrupt_20           0x00d7ee         Code  Gb  stm8l15x_it.o [1]
_interrupt_21           0x00d244         Code  Gb  stm8l15x_it.o [1]
_interrupt_22           0x00d25a         Code  Gb  stm8l15x_it.o [1]
_interrupt_23           0x00d270         Code  Gb  stm8l15x_it.o [1]
_interrupt_24           0x00d286         Code  Gb  stm8l15x_it.o [1]
_interrupt_25           0x00d029         Code  Gb  stm8l15x_it.o [1]
_interrupt_26           0x00d7ef         Code  Gb  stm8l15x_it.o [1]
_interrupt_27           0x00d7f0         Code  Gb  stm8l15x_it.o [1]
_interrupt_28           0x00d7f1         Code  Gb  stm8l15x_it.o [1]
_interrupt_29           0x00d29c         Code  Gb  stm8l15x_it.o [1]
_interrupt_3            0x00d7e0         Code  Gb  stm8l15x_it.o [1]
_interrupt_30           0x00d2b2         Code  Gb  stm8l15x_it.o [1]
_interrupt_31           0x00d7f2         Code  Gb  stm8l15x_it.o [1]
_interrupt_4            0x00d7e1         Code  Gb  stm8l15x_it.o [1]
_interrupt_5            0x00d7e2         Code  Gb  stm8l15x_it.o [1]
_interrupt_6            0x00d112         Code  Gb  stm8l15x_it.o [1]
_interrupt_7            0x00d7e3         Code  Gb  stm8l15x_it.o [1]
_interrupt_8            0x00d7e4         Code  Gb  stm8l15x_it.o [1]
_interrupt_9            0x00d218         Code  Gb  stm8l15x_it.o [1]
at                      0x00b7be   0x8c  Code  Lc  shell.o [1]
bc95_check_cmd          0x00ce5e   0x1e  Code  Lc  nbiot_func.o [1]
bc95_cmd_recv_back      0x00aee1   0xb5  Code  Lc  nbiot_func.o [1]
bc95_err_cnt            0x00c889   0x2a  Code  Lc  nbiot_func.o [1]
bc95_modem_init         0x0084ba  0x310  Code  Gb  nbiot_func.o [1]
bc95_read_onebyte       0x00be6f   0x4b  Code  Lc  nbiot_func.o [1]
bc95_recv_ret_line      0x009329  0x1ca  Code  Lc  nbiot_func.o [1]
bc95_send_at            0x00bb99   0x66  Code  Lc  nbiot_func.o [1]
bc95_send_cmd           0x00a42c  0x110  Code  Lc  nbiot_func.o [1]
bc95_state_check        0x00ba4e   0x71  Code  Gb  nbiot_func.o [1]
bsp_CheckTimer          0x00c547   0x36  Code  Gb  bsp_timer.o [1]
bsp_DelayMS             0x00bf4c   0x47  Code  Gb  bsp_timer.o [1]
bsp_Idle                0x00d7dd    0x1  Code  Gb  bsp.o [1]
bsp_Init                0x00d50d    0xa  Code  Gb  bsp.o [1]
bsp_InitHardTimer       0x00cb40   0x24  Code  Gb  bsp_timer.o [1]
bsp_InitLed             0x00c652   0x33  Code  Gb  bsp_led.o [1]
bsp_InitTimer           0x00babf   0x6f  Code  Gb  bsp_timer.o [1]
bsp_InitUart            0x00d517    0xa  Code  Gb  bsp_uart_fifo.o [1]
bsp_LedOff              0x00c5b3   0x35  Code  Gb  bsp_led.o [1]
bsp_LedToggle           0x00c5e8   0x35  Code  Gb  bsp_led.o [1]
bsp_RunPer10ms          0x00bfd7   0x43  Code  Gb  bsp.o [1]
bsp_RunPer1ms           0x00d7dc    0x1  Code  Gb  bsp.o [1]
bsp_SoftTimerDec        0x00be1d   0x52  Code  Lc  bsp_timer.o [1]
bsp_StartAutoTimer      0x00bcba   0x5b  Code  Gb  bsp_timer.o [1]
bsp_StartTimer          0x00bd15   0x5a  Code  Gb  bsp_timer.o [1]
chvalid                 0x00cc12   0x21  Code  Lc  xscanfsmall.o [4]
cmd_fun                 0x000016    0xc  Data  Lc  shell.o [1]
comClearRxFifo          0x00bd6f   0x59  Code  Gb  bsp_uart_fifo.o [1]
comGetChar              0x00c9a4   0x27  Code  Gb  bsp_uart_fifo.o [1]
comSendBuf              0x00c0a0   0x42  Code  Gb  bsp_uart_fifo.o [1]
comSendChar             0x00d00e   0x1b  Code  Gb  bsp_uart_fifo.o [1]
debug_level             0x000010    0x4  Data  Lc  basic_fun.o [1]
digits                  0x00ca64   0x25  Data  Lc  xstoul.o [4]
err_cnt                 0x000cda    0x8  Data  Lc  nbiot_func.o [1]
exit                    0x00d7cf    0x3  Code  Gb  exit.o [4]
fputc                   0x00d2dd   0x15  Code  Gb  bsp_uart_fifo.o [1]
free                    0x00aad2   0xdb  Code  Gb  xxmemxfree.o [4]
g_RxBuf1                0x00034a  0x200  Data  Lc  bsp_uart_fifo.o [1]
g_RxBuf2                0x00074a  0x200  Data  Lc  bsp_uart_fifo.o [1]
g_RxBuf3                0x000ba8   0x40  Data  Lc  bsp_uart_fifo.o [1]
g_TxBuf1                0x00014a  0x200  Data  Lc  bsp_uart_fifo.o [1]
g_TxBuf2                0x00054a  0x200  Data  Lc  bsp_uart_fifo.o [1]
g_TxBuf3                0x000b68   0x40  Data  Lc  bsp_uart_fifo.o [1]
g_iRunTime              0x000ced    0x4  Data  Gb  bsp_timer.o [1]
g_tUart1                0x000c72   0x1e  Data  Gb  bsp_uart_fifo.o [1]
g_tUart2                0x000c90   0x1e  Data  Gb  bsp_uart_fifo.o [1]
g_tUart3                0x000cae   0x1e  Data  Gb  bsp_uart_fifo.o [1]
get_debug_level         0x00d6aa    0x7  Code  Gb  basic_fun.o [1]
gprs_debug_thread       0x009cec  0x141  Code  Lc  main.o [1]
gprs_func_thread        0x00ad53   0xc9  Code  Lc  main.o [1]
isspace                 0x00d4b4    0xc  Code  Gb  isxxx.o [4]
line_position           0x000d10    0x1  Data  Lc  shell.o [1]
list_all_cmd            0x00c01a   0x43  Code  Lc  shell.o [1]
main                    0x00c49a   0x3c  Code  Gb  main.o [1]
malloc                  0x00b609   0x94  Code  Gb  xxmemxmalloc.o [4]
memcpy                  0x00cad3   0x25  Code  Gb  memcpy.o [4]
memset                  0x00d1d4   0x17  Code  Gb  memset.o [4]
model_sta               0x000d01    0x2  Data  Gb  main.o [1]
ndigs                   0x00ca89   0x25  Data  Lc  xstoul.o [4]
neul_bc95_get_cereg     0x00a9f4   0xde  Code  Lc  nbiot_func.o [1]
neul_bc95_get_csq       0x00a73b   0xf2  Code  Lc  nbiot_func.o [1]
neul_bc95_get_netstat   0x00a63d   0xfe  Code  Lc  nbiot_func.o [1]
neul_bc95_get_time      0x00b441   0x9b  Code  Lc  nbiot_func.o [1]
neul_bc95_reboot        0x00cf82   0x1d  Code  Lc  nbiot_func.o [1]
neul_bc95_reset_netstat
                        0x00c3e0   0x3e  Code  Lc  nbiot_func.o [1]
neul_bc95_set_band      0x00bb2e   0x6b  Code  Lc  nbiot_func.o [1]
neul_bc95_set_cdpserver
                        0x00a1e3  0x131  Code  Lc  nbiot_func.o [1]
obuf                    0x000b18   0x50  Data  Lc  xfiles.o [4]
pad                     0x00c57d   0x36  Code  Lc  xprintfsmall.o [4]
printf                  0x00cd66   0x20  Code  Gb  printf.o [4]
putchar                 0x00d6fe    0x7  Code  Gb  putchar.o [4]
s_tTmr                  0x000c28   0x28  Data  Lc  bsp_timer.o [1]
s_ucTimeOutFlag         0x000d0b    0x1  Data  Lc  bsp_timer.o [1]
s_uiDelayCount          0x000ce9    0x4  Data  Lc  bsp_timer.o [1]
shell_cmd_run           0x00b250   0xa8  Code  Gb  shell.o [1]
shell_line              0x000be8   0x40  Data  Lc  shell.o [1]
shell_thread            0x00b9d3   0x7b  Code  Gb  shell.o [1]
sprintf                 0x00c45c   0x3e  Code  Gb  sprintf.o [4]
sscanf                  0x00ce21   0x1f  Code  Gb  sscanf.o [4]
strcmp                  0x00cbf0   0x22  Code  Gb  strcmp.o [4]
strlen                  0x00d3ca   0x12  Code  Gb  strlen.o [4]
strstr                  0x00d391   0x13  Code  Gb  nbiot_func.o [1]
tolower                 0x00d3dc   0x12  Code  Gb  tolower.o [4]
uart1_recv_finish       0x000d0d    0x1  Data  Lc  bsp_uart_fifo.o [1]
uart2_recv_finish       0x000d0e    0x1  Data  Lc  bsp_uart_fifo.o [1]
uart3_recv_finish       0x000d0f    0x1  Data  Lc  bsp_uart_fifo.o [1]
uart_recv_finish_clr    0x00c510   0x37  Code  Gb  bsp_uart_fifo.o [1]
uart_recv_finish_get    0x00cbab   0x23  Code  Gb  bsp_uart_fifo.o [1]
uart_recv_finish_set    0x00cd46   0x20  Code  Lc  bsp_uart_fifo.o [1]


[1] = F:\创力NB\我的工程\my_nb\project\Debug\Obj
[2] = command line
[3] = dbgstm8smd.a
[4] = dlstm8smf.a

  18 865 bytes of readonly  code memory
   3 651 bytes of readonly  data memory
   3 602 bytes of readwrite data memory

Errors: none
Warnings: none
