###############################################################################
#
# IAR ELF Linker V2.20.1.176 for STM8                     30/Sep/2018  17:24:49
# Copyright 2010-2015 IAR Systems AB.
#
#    Output file  =  F:\创力NB\我的工程\my_nb\project\Debug\Exe\project.out
#    Map file     =  F:\创力NB\我的工程\my_nb\project\Debug\List\project.map
#    Command line =  
#        F:\创力NB\我的工程\my_nb\project\Debug\Obj\basic_fun.o
#        F:\创力NB\我的工程\my_nb\project\Debug\Obj\BC95.o
#        F:\创力NB\我的工程\my_nb\project\Debug\Obj\bsp.o
#        F:\创力NB\我的工程\my_nb\project\Debug\Obj\bsp_led.o
#        F:\创力NB\我的工程\my_nb\project\Debug\Obj\bsp_timer.o
#        F:\创力NB\我的工程\my_nb\project\Debug\Obj\bsp_uart_fifo.o
#        F:\创力NB\我的工程\my_nb\project\Debug\Obj\Globaldata.o
#        F:\创力NB\我的工程\my_nb\project\Debug\Obj\main.o
#        F:\创力NB\我的工程\my_nb\project\Debug\Obj\mcu_init.o
#        F:\创力NB\我的工程\my_nb\project\Debug\Obj\nbiot_config.o
#        F:\创力NB\我的工程\my_nb\project\Debug\Obj\nbiot_func.o
#        F:\创力NB\我的工程\my_nb\project\Debug\Obj\net_app_coap.o
#        F:\创力NB\我的工程\my_nb\project\Debug\Obj\net_app_nbiot.o
#        F:\创力NB\我的工程\my_nb\project\Debug\Obj\net_platform_config.o
#        F:\创力NB\我的工程\my_nb\project\Debug\Obj\Pulse_Acquire.o
#        F:\创力NB\我的工程\my_nb\project\Debug\Obj\rtc.o
#        F:\创力NB\我的工程\my_nb\project\Debug\Obj\Save.o
#        F:\创力NB\我的工程\my_nb\project\Debug\Obj\shell.o
#        F:\创力NB\我的工程\my_nb\project\Debug\Obj\stm8l15x_adc.o
#        F:\创力NB\我的工程\my_nb\project\Debug\Obj\stm8l15x_clk.o
#        F:\创力NB\我的工程\my_nb\project\Debug\Obj\stm8l15x_exti.o
#        F:\创力NB\我的工程\my_nb\project\Debug\Obj\stm8l15x_flash.o
#        F:\创力NB\我的工程\my_nb\project\Debug\Obj\stm8l15x_gpio.o
#        F:\创力NB\我的工程\my_nb\project\Debug\Obj\stm8l15x_it.o
#        F:\创力NB\我的工程\my_nb\project\Debug\Obj\stm8l15x_itc.o
#        F:\创力NB\我的工程\my_nb\project\Debug\Obj\stm8l15x_iwdg.o
#        F:\创力NB\我的工程\my_nb\project\Debug\Obj\stm8l15x_pwr.o
#        F:\创力NB\我的工程\my_nb\project\Debug\Obj\stm8l15x_rst.o
#        F:\创力NB\我的工程\my_nb\project\Debug\Obj\stm8l15x_rtc.o
#        F:\创力NB\我的工程\my_nb\project\Debug\Obj\stm8l15x_syscfg.o
#        F:\创力NB\我的工程\my_nb\project\Debug\Obj\stm8l15x_tim1.o
#        F:\创力NB\我的工程\my_nb\project\Debug\Obj\stm8l15x_tim2.o
#        F:\创力NB\我的工程\my_nb\project\Debug\Obj\stm8l15x_tim3.o
#        F:\创力NB\我的工程\my_nb\project\Debug\Obj\stm8l15x_tim4.o
#        F:\创力NB\我的工程\my_nb\project\Debug\Obj\stm8l15x_tim5.o
#        F:\创力NB\我的工程\my_nb\project\Debug\Obj\stm8l15x_usart.o
#        F:\创力NB\我的工程\my_nb\project\Debug\Obj\stm8l15x_wfe.o
#        F:\创力NB\我的工程\my_nb\project\Debug\Obj\stm8l15x_wwdg.o
#        F:\创力NB\我的工程\my_nb\project\Debug\Obj\sys.o
#        F:\创力NB\我的工程\my_nb\project\Debug\Obj\Sys_Timer.o
#        F:\创力NB\我的工程\my_nb\project\Debug\Obj\Temperature.o
#        F:\创力NB\我的工程\my_nb\project\Debug\Obj\uart.o --redirect
#        _Printf=_PrintfSmall --redirect _Scanf=_ScanfLargeNoMb -o
#        F:\创力NB\我的工程\my_nb\project\Debug\Exe\project.out --map
#        F:\创力NB\我的工程\my_nb\project\Debug\List\project.map --config
#        "C:\Program Files (x86)\IAR Systems\Embedded Workbench
#        7.3\stm8\config\lnkstm8l052r8.icf" --config_def _CSTACK_SIZE=0x100
#        --config_def _HEAP_SIZE=0x100 --entry __iar_program_start --debug_lib
#
###############################################################################

*******************************************************************************
*** RUNTIME MODEL ATTRIBUTES
***

__Heap_Handler             = Basic
__SystemLibrary            = DLib
__code_model               = small
__core                     = stm8
__data_model               = medium
__dlib_file_descriptor     = 1
__dlib_full_locale_support = 1
__rt_version               = 4


*******************************************************************************
*** PLACEMENT SUMMARY
***

"A1":  place at start of [0x000000-0x0000ff] { rw section .vregs };
"A2":  place at end of [0x000000-0x000fff] { block CSTACK };
"P2":  place in [from 0x000000 to 0x000fff] {
          block HEAP, rw section __DLIB_PERTHREAD, rw section .far.bss,
          rw section .far.data, rw section .far.noinit,
          rw section .far_func.textrw, rw section .huge.bss,
          rw section .huge.data, rw section .huge.noinit,
          rw section .huge_func.textrw, rw section .iar.dynexit,
          rw section .near.bss, rw section .near.data, rw section .near.noinit,
          rw section .near_func.textrw };
"A3":  place at start of [0x008000-0x00ffff] { block INTVEC };
"P3":  place in [from 0x008000 to 0x00ffff] {
          ro section __DLIB_PERTHREAD_init, ro section .far.data_init,
          ro section .far_func.textrw_init, ro section .huge.data_init,
          ro section .huge_func.textrw_init, ro section .iar.init_table,
          ro section .init_array, ro section .near.data_init,
          ro section .near.rodata, ro section .near_func.text,
          ro section .near_func.textrw_init, ro section .tiny.data_init,
          ro section .tiny.rodata_init };

  Section            Kind      Address    Size  Object
  -------            ----      -------    ----  ------
"A1":                                     0x10
  .vregs             uninit   0x000000    0x10  vregs.o [4]
                            - 0x000010    0x10

"P2", part 1 of 3:                        0x2c
  P2-1                        0x000010    0x2c  <Init block>
    .near.data       inited   0x000010     0x4  basic_fun.o [1]
    .near.data       inited   0x000014    0x28  xfiles.o [4]
                            - 0x00003c    0x2c

"P2", part 2 of 3:                       0x100
  HEAP                        0x00003c   0x100  <Block>
    HEAP             uninit   0x00003c   0x100  <Block tail>
                            - 0x00013c   0x100

"P2", part 3 of 3:                       0x8d5
  .near.bss          zero     0x00013c   0x200  bsp_uart_fifo.o [1]
  .near.bss          zero     0x00033c   0x200  bsp_uart_fifo.o [1]
  .near.bss          zero     0x00053c   0x172  net_platform_config.o [1]
  .near.bss          zero     0x0006ae   0x12e  BC95.o [1]
  .near.bss          zero     0x0007dc    0xa0  Sys_Timer.o [1]
  .near.bss          zero     0x00087c    0x50  xfiles.o [4]
  .near.bss          zero     0x0008cc    0x40  bsp_uart_fifo.o [1]
  .near.bss          zero     0x00090c    0x40  bsp_uart_fifo.o [1]
  .near.bss          zero     0x00094c    0x28  bsp_timer.o [1]
  .near.bss          zero     0x000974    0x22  Globaldata.o [1]
  .near.bss          zero     0x000996    0x1f  bsp_uart_fifo.o [1]
  .near.bss          zero     0x0009b5    0x1f  bsp_uart_fifo.o [1]
  .near.bss          zero     0x0009d4     0xe  setlocale.o [4]
  .near.bss          zero     0x0009e2     0x7  Pulse_Acquire.o [1]
  .near.bss          zero     0x0009e9     0x4  bsp_timer.o [1]
  .near.bss          zero     0x0009ed     0x4  bsp_timer.o [1]
  .near.bss          zero     0x0009f1     0x4  Globaldata.o [1]
  .near.bss          zero     0x0009f5     0x4  Globaldata.o [1]
  .near.bss          zero     0x0009f9     0x4  sys.o [1]
  .near.bss          zero     0x0009fd     0x4  xxmemxmalloc.o [4]
  .near.bss          zero     0x000a01     0x2  bsp.o [1]
  .near.bss          zero     0x000a03     0x2  Globaldata.o [1]
  .near.bss          zero     0x000a05     0x2  main.o [1]
  .near.bss          zero     0x000a07     0x2  setlocale.o [4]
  .near.bss          zero     0x000a09     0x2  xgetmemchunk.o [4]
  .near.bss          zero     0x000a0b     0x2  errno.o [4]
  .near.bss          zero     0x000a0d     0x1  bsp_timer.o [1]
  .near.bss          zero     0x000a0e     0x1  bsp_timer.o [1]
  .near.bss          zero     0x000a0f     0x1  net_app_nbiot.o [1]
  .near.bss          zero     0x000a10     0x1  Sys_Timer.o [1]
                            - 0x000a11   0x8d5

"A2":                                    0x100
  CSTACK                      0x000f00   0x100  <Block>
    CSTACK           uninit   0x000f00   0x100  <Block tail>
                            - 0x001000   0x100

"A3":                                     0x80
  INTVEC                      0x008000    0x80  <Block>
    .intvec          const    0x008000    0x80  interrupt.o [4]
                            - 0x008080    0x80

"P3":                                   0x71a4
  .near_func.text    ro code  0x008080   0x43a  xprintfsmall.o [4]
  .near_func.text    ro code  0x0084ba   0x3f0  net_app_coap.o [1]
  .near_func.text    ro code  0x0088aa   0x1e0  xscanflarge_nomb.o [4]
  .near_func.text    ro code  0x008a8a   0x1db  xprintfsmall.o [4]
  .near_func.text    ro code  0x008c65   0x1ca  long.o [4]
  .near_func.text    ro code  0x008e2f   0x1be  xstoul.o [4]
  .near_func.text    ro code  0x008fed   0x1b3  nbiot_func.o [1]
  .near_func.text    ro code  0x0091a0   0x1a9  xscanflarge_nomb.o [4]
  .near_func.text    ro code  0x009349   0x1a6  vreg_util.o [4]
  .near_func.text    ro code  0x0094ef   0x19d  net_app_coap.o [1]
  .near_func.text    ro code  0x00968c   0x199  nbiot_func.o [1]
  .near_func.text    ro code  0x009825   0x192  Sys_Timer.o [1]
  .near_func.text    ro code  0x0099b7   0x171  xprintfsmall.o [4]
  .near_func.text    ro code  0x009b28   0x165  xscanflarge_nomb.o [4]
  .near_func.text    ro code  0x009c8d   0x15b  net_app_coap.o [1]
  .near_func.text    ro code  0x009de8   0x140  Pulse_Acquire.o [1]
  .near_func.text    ro code  0x009f28   0x140  rtc.o [1]
  .near_func.text    ro code  0x00a068   0x136  bsp_uart_fifo.o [1]
  .near_func.text    ro code  0x00a19e   0x120  net_app_coap.o [1]
  .near_func.text    ro code  0x00a2be   0x10d  net_app_coap.o [1]
  .near_func.text    ro code  0x00a3cb   0x101  Save.o [1]
  .near.rodata       const    0x00a4cc   0x100  nbiot_func.o [1]
  .near_func.text    ro code  0x00a5cc    0xe8  bsp_uart_fifo.o [1]
  .near_func.text    ro code  0x00a6b4    0xe8  nbiot_config.o [1]
  .near_func.text    ro code  0x00a79c    0xe3  net_app_coap.o [1]
  .near_func.text    ro code  0x00a87f    0xdb  xxmemxfree.o [4]
  .near_func.text    ro code  0x00a95a    0xd3  Save.o [1]
  .near_func.text    ro code  0x00aa2d    0xd3  stm8l15x_usart.o [1]
  .near_func.text    ro code  0x00ab00    0xc5  xstol.o [4]
  .near_func.text    ro code  0x00abc5    0xbf  nbiot_func.o [1]
  .near_func.text    ro code  0x00ac84    0xbe  nbiot_func.o [1]
  .near_func.text    ro code  0x00ad42    0xbd  net_app_coap.o [1]
  .near_func.text    ro code  0x00adff    0xbc  nbiot_func.o [1]
  .near_func.text    ro code  0x00aebb    0xbb  bsp_uart_fifo.o [1]
  .near_func.text    ro code  0x00af76    0xb8  nbiot_func.o [1]
  .near_func.text    ro code  0x00b02e    0xb8  net_app_coap.o [1]
  .near_func.text    ro code  0x00b0e6    0xb5  nbiot_func.o [1]
  .near_func.text    ro code  0x00b19b    0xb2  bsp_uart_fifo.o [1]
  .near_func.text    ro code  0x00b24d    0xaf  nbiot_func.o [1]
  .near_func.text    ro code  0x00b2fc    0xaf  stm8l15x_gpio.o [1]
  .near_func.text    ro code  0x00b3ab    0xad  net_app_coap.o [1]
  .near_func.text    ro code  0x00b458    0xac  nbiot_func.o [1]
  .near_func.text    ro code  0x00b504    0xac  stm8l15x_usart.o [1]
  .near.rodata       const    0x00b5b0    0xab  nbiot_func.o [1]
  .near_func.text    ro code  0x00b65b    0xa9  nbiot_func.o [1]
  .near_func.text    ro code  0x00b704    0xa7  bsp_timer.o [1]
  .near_func.text    ro code  0x00b7ab    0xa3  nbiot_func.o [1]
  .near_func.text    ro code  0x00b84e    0xa2  Save.o [1]
  .near_func.text    ro code  0x00b8f0    0x9f  net_app_coap.o [1]
  .near_func.text    ro code  0x00b98f    0x9f  net_app_coap.o [1]
  .near_func.text    ro code  0x00ba2e    0x9e  nbiot_func.o [1]
  .near_func.text    ro code  0x00bacc    0x9c  net_app_coap.o [1]
  .near_func.text    ro code  0x00bb68    0x9a  nbiot_func.o [1]
  .near_func.text    ro code  0x00bc02    0x99  bsp_uart_fifo.o [1]
  .near_func.text    ro code  0x00bc9b    0x99  stm8l15x_tim1.o [1]
  .near_func.text    ro code  0x00bd34    0x96  nbiot_func.o [1]
  .near_func.text    ro code  0x00bdca    0x96  nbiot_func.o [1]
  .near_func.text    ro code  0x00be60    0x96  nbiot_func.o [1]
  .near_func.text    ro code  0x00bef6    0x96  nbiot_func.o [1]
  .near_func.text    ro code  0x00bf8c    0x96  nbiot_func.o [1]
  .near_func.text    ro code  0x00c022    0x95  nbiot_func.o [1]
  .near_func.text    ro code  0x00c0b7    0x94  nbiot_func.o [1]
  .near_func.text    ro code  0x00c14b    0x94  net_app_coap.o [1]
  .near_func.text    ro code  0x00c1df    0x94  stm8l15x_usart.o [1]
  .near_func.text    ro code  0x00c273    0x94  xxmemxmalloc.o [4]
  .near_func.text    ro code  0x00c307    0x93  stm8l15x_clk.o [1]
  .near_func.text    ro code  0x00c39a    0x8e  stm8l15x_clk.o [1]
  .near_func.text    ro code  0x00c428    0x8b  nbiot_func.o [1]
  .near_func.text    ro code  0x00c4b3    0x8b  nbiot_func.o [1]
  .near_func.text    ro code  0x00c53e    0x8b  nbiot_func.o [1]
  .near_func.text    ro code  0x00c5c9    0x8b  nbiot_func.o [1]
  .near_func.text    ro code  0x00c654    0x8b  nbiot_func.o [1]
  .near_func.text    ro code  0x00c6df    0x8b  nbiot_func.o [1]
  .near_func.text    ro code  0x00c76a    0x8b  net_app_coap.o [1]
  .near_func.text    ro code  0x00c7f5    0x88  net_app_coap.o [1]
  .near_func.text    ro code  0x00c87d    0x86  bsp_uart_fifo.o [1]
  .near_func.text    ro code  0x00c903    0x84  long_util.o [4]
  .near_func.text    ro code  0x00c987    0x82  nbiot_func.o [1]
  .near_func.text    ro code  0x00ca09    0x73  nbiot_func.o [1]
  .near_func.text    ro code  0x00ca7c    0x6f  bsp_timer.o [1]
  .near_func.text    ro code  0x00caeb    0x61  net_app_coap.o [1]
  .near_func.text    ro code  0x00cb4c    0x5f  net_app_coap.o [1]
  .near_func.text    ro code  0x00cbab    0x5f  xscanflarge_nomb.o [4]
  .near_func.text    ro code  0x00cc0a    0x5f  xxmemxmalloc.o [4]
  .near_func.text    ro code  0x00cc69    0x5c  stm8l15x_rtc.o [1]
  .near_func.text    ro code  0x00ccc5    0x5b  net_app_coap.o [1]
  .near_func.text    ro code  0x00cd20    0x5a  bsp_timer.o [1]
  .near_func.text    ro code  0x00cd7a    0x58  sys.o [1]
  .near_func.text    ro code  0x00cdd2    0x58  xscanflarge_nomb.o [4]
  .near_func.text    ro code  0x00ce2a    0x56  nbiot_func.o [1]
  .near_func.text    ro code  0x00ce80    0x55  stm8l15x_rtc.o [1]
  .near_func.text    ro code  0x00ced5    0x52  bsp_timer.o [1]
  .near_func.text    ro code  0x00cf27    0x4b  bsp_uart_fifo.o [1]
  .near_func.text    ro code  0x00cf72    0x4a  mcu_init.o [1]
  .near_func.text    ro code  0x00cfbc    0x44  strstr.o [4]
  .near_func.text    ro code  0x00d000    0x43  bsp.o [1]
  .near_func.text    ro code  0x00d043    0x43  xscanflarge_nomb.o [4]
  .near_func.text    ro code  0x00d086    0x42  bsp_uart_fifo.o [1]
  .near.rodata       const    0x00d0c8    0x40  nbiot_func.o [1]
  .near.rodata       const    0x00d108    0x40  nbiot_func.o [1]
  .near.rodata       const    0x00d148    0x40  nbiot_func.o [1]
  .near.rodata       const    0x00d188    0x40  nbiot_func.o [1]
  .near.rodata       const    0x00d1c8    0x40  nbiot_func.o [1]
  .near.rodata       const    0x00d208    0x40  nbiot_func.o [1]
  .near.rodata       const    0x00d248    0x40  nbiot_func.o [1]
  .near.rodata       const    0x00d288    0x40  nbiot_func.o [1]
  .near.rodata       const    0x00d2c8    0x40  nbiot_func.o [1]
  .near.rodata       const    0x00d308    0x40  nbiot_func.o [1]
  .near.rodata       const    0x00d348    0x40  nbiot_func.o [1]
  .near.rodata       const    0x00d388    0x40  nbiot_func.o [1]
  .near.rodata       const    0x00d3c8    0x40  nbiot_func.o [1]
  .near.rodata       const    0x00d408    0x40  nbiot_func.o [1]
  .near.rodata       const    0x00d448    0x40  nbiot_func.o [1]
  .near.rodata       const    0x00d488    0x40  nbiot_func.o [1]
  .near.rodata       const    0x00d4c8    0x40  nbiot_func.o [1]
  .near.rodata       const    0x00d508    0x40  nbiot_func.o [1]
  .near.rodata       const    0x00d548    0x40  nbiot_func.o [1]
  .near.rodata       const    0x00d588    0x40  nbiot_func.o [1]
  .near.rodata       const    0x00d5c8    0x40  nbiot_func.o [1]
  .near.rodata       const    0x00d608    0x40  nbiot_func.o [1]
  .near.rodata       const    0x00d648    0x40  nbiot_func.o [1]
  .near.rodata       const    0x00d688    0x40  nbiot_func.o [1]
  .near.rodata       const    0x00d6c8    0x40  nbiot_func.o [1]
  .near.rodata       const    0x00d708    0x40  nbiot_func.o [1]
  .near.rodata       const    0x00d748    0x40  nbiot_func.o [1]
  .near.rodata       const    0x00d788    0x40  nbiot_func.o [1]
  .near_func.text    ro code  0x00d7c8    0x3f  xprintfsmall.o [4]
  .near_func.text    ro code  0x00d807    0x3e  stm8l15x_usart.o [1]
  .near_func.text    ro code  0x00d845    0x3e  sprintf.o [4]
  .near_func.text    ro code  0x00d883    0x3a  net_app_nbiot.o [1]
  .near_func.text    ro code  0x00d8bd    0x36  bsp_timer.o [1]
  .near_func.text    ro code  0x00d8f3    0x36  xprintfsmall.o [4]
  .near_func.text    ro code  0x00d929    0x35  bsp_led.o [1]
  .near_func.text    ro code  0x00d95e    0x35  bsp_led.o [1]
  .near_func.text    ro code  0x00d993    0x35  xprintfsmall.o [4]
  .near_func.text    ro code  0x00d9c8    0x33  bsp_led.o [1]
  .near_func.text    ro code  0x00d9fb    0x33  mcu_init.o [1]
  .near_func.text    ro code  0x00da2e    0x33  xencoding_sb.o [4]
  .near.rodata       const    0x00da61    0x32  net_app_coap.o [1]
  .near.rodata       const    0x00da93    0x31  nbiot_func.o [1]
  .near.rodata       const    0x00dac4    0x31  net_app_coap.o [1]
  .near_func.text    ro code  0x00daf5    0x2f  xprintfsmall.o [4]
  .near.rodata       const    0x00db24    0x2e  nbiot_func.o [1]
  .near.rodata       const    0x00db52    0x2e  net_app_coap.o [1]
  .near.rodata       const    0x00db80    0x2d  net_app_coap.o [1]
  .near_func.text    ro code  0x00dbad    0x2d  bsp_uart_fifo.o [1]
  .near_func.text    ro code  0x00dbda    0x2d  stm8l15x_rtc.o [1]
  .near.rodata       const    0x00dc07    0x2c  nbiot_func.o [1]
  .near_func.text    ro code  0x00dc33    0x2c  stm8l15x_gpio.o [1]
  Initializer bytes  const    0x00dc5f    0x2c  <for P2-1>
  .near.rodata       const    0x00dc8b    0x2b  net_app_coap.o [1]
  .near.rodata       const    0x00dcb6    0x2b  net_app_coap.o [1]
  .near_func.text    ro code  0x00dce1    0x2b  stm8l15x_usart.o [1]
  .near_func.text    ro code  0x00dd0c    0x2b  short.o [4]
  .near.rodata       const    0x00dd37    0x2a  nbiot_func.o [1]
  .near.rodata       const    0x00dd61    0x2a  net_app_coap.o [1]
  .near.rodata       const    0x00dd8b    0x2a  net_app_coap.o [1]
  .near.rodata       const    0x00ddb5    0x2a  net_app_coap.o [1]
  .near_func.text    ro code  0x00dddf    0x2a  net_app_coap.o [1]
  .near.rodata       const    0x00de09    0x29  nbiot_func.o [1]
  .near.rodata       const    0x00de32    0x29  net_app_coap.o [1]
  .near.rodata       const    0x00de5b    0x29  net_app_coap.o [1]
  .near_func.text    ro code  0x00de84    0x29  xscanflarge_nomb.o [4]
  .near.rodata       const    0x00dead    0x28  net_app_coap.o [1]
  .near.rodata       const    0x00ded5    0x28  net_app_coap.o [1]
  .near.rodata       const    0x00defd    0x28  net_app_coap.o [1]
  .near_func.text    ro code  0x00df25    0x28  init_small.o [4]
  .near.rodata       const    0x00df4d    0x27  nbiot_func.o [1]
  .near.rodata       const    0x00df74    0x27  net_app_coap.o [1]
  .near.rodata       const    0x00df9b    0x27  net_app_coap.o [1]
  .near_func.text    ro code  0x00dfc2    0x27  bsp_uart_fifo.o [1]
  .near_func.text    ro code  0x00dfe9    0x27  rtc.o [1]
  .near_func.text    ro code  0x00e010    0x27  xsscin.o [4]
  .near.rodata       const    0x00e037    0x26  nbiot_func.o [1]
  .near.rodata       const    0x00e05d    0x26  nbiot_func.o [1]
  .near.rodata       const    0x00e083    0x26  nbiot_func.o [1]
  .near.rodata       const    0x00e0a9    0x25  xstoul.o [4]
  .near.rodata       const    0x00e0ce    0x25  xstoul.o [4]
  .near_func.text    ro code  0x00e0f3    0x25  Pulse_Acquire.o [1]
  .near_func.text    ro code  0x00e118    0x25  memcpy.o [4]
  .near.rodata       const    0x00e13d    0x24  net_app_coap.o [1]
  .near_func.text    ro code  0x00e161    0x24  bsp_timer.o [1]
  .near_func.text    ro code  0x00e185    0x24  stm8l15x_tim1.o [1]
  .near_func.text    const    0x00e1a9    0x24  xscanflarge_nomb.o [4]
  .near.rodata       const    0x00e1cd    0x23  net_app_coap.o [1]
  .near.rodata       const    0x00e1f0    0x23  net_app_coap.o [1]
  .near.rodata       const    0x00e213    0x22  nbiot_func.o [1]
  .near.rodata       const    0x00e235    0x22  nbiot_func.o [1]
  .near.rodata       const    0x00e257    0x22  nbiot_func.o [1]
  .near_func.text    ro code  0x00e279    0x22  stm8l15x_exti.o [1]
  .near_func.text    ro code  0x00e29b    0x22  strcmp.o [4]
  .near.rodata       const    0x00e2bd    0x21  nbiot_func.o [1]
  .near.rodata       const    0x00e2de    0x21  nbiot_func.o [1]
  .near.rodata       const    0x00e2ff    0x21  net_app_coap.o [1]
  .near.rodata       const    0x00e320    0x21  net_app_coap.o [1]
  .near_func.text    ro code  0x00e341    0x21  bsp_uart_fifo.o [1]
  .near_func.text    ro code  0x00e362    0x21  xscanflarge_nomb.o [4]
  .near_func.text    ro code  0x00e383    0x21  xmbtowc.o [4]
  .iar.init_table    const    0x00e3a4    0x12  - Linker created -
  .near.rodata       const    0x00e3b6    0x20  nbiot_func.o [1]
  .near.rodata       const    0x00e3d6    0x20  nbiot_func.o [1]
  .near.rodata       const    0x00e3f6    0x20  nbiot_func.o [1]
  .near.rodata       const    0x00e416    0x20  nbiot_func.o [1]
  .near.rodata       const    0x00e436    0x20  nbiot_func.o [1]
  .near.rodata       const    0x00e456    0x20  nbiot_func.o [1]
  .near.rodata       const    0x00e476    0x20  nbiot_func.o [1]
  .near.rodata       const    0x00e496    0x20  nbiot_func.o [1]
  .near.rodata       const    0x00e4b6    0x20  net_app_coap.o [1]
  .near.rodata       const    0x00e4d6    0x20  net_app_coap.o [1]
  .near.rodata       const    0x00e4f6    0x20  net_app_coap.o [1]
  .near_func.text    ro code  0x00e516    0x20  printf.o [4]
  .near.rodata       const    0x00e536    0x1f  nbiot_func.o [1]
  .near.rodata       const    0x00e555    0x1f  nbiot_func.o [1]
  .near.rodata       const    0x00e574    0x1f  nbiot_func.o [1]
  .near.rodata       const    0x00e593    0x1f  nbiot_func.o [1]
  .near.rodata       const    0x00e5b2    0x1f  nbiot_func.o [1]
  .near.rodata       const    0x00e5d1    0x1f  nbiot_func.o [1]
  .near.rodata       const    0x00e5f0    0x1f  nbiot_func.o [1]
  .near.rodata       const    0x00e60f    0x1f  nbiot_func.o [1]
  .near.rodata       const    0x00e62e    0x1f  nbiot_func.o [1]
  .near.rodata       const    0x00e64d    0x1f  net_app_coap.o [1]
  .near_func.text    ro code  0x00e66c    0x1f  move.o [4]
  .near_func.text    ro code  0x00e68b    0x1f  sscanf.o [4]
  .near.rodata       const    0x00e6aa    0x1e  nbiot_func.o [1]
  .near.rodata       const    0x00e6c8    0x1e  nbiot_func.o [1]
  .near.rodata       const    0x00e6e6    0x1e  nbiot_func.o [1]
  .near.rodata       const    0x00e704    0x1e  nbiot_func.o [1]
  .near.rodata       const    0x00e722    0x1e  nbiot_func.o [1]
  .near.rodata       const    0x00e740    0x1e  nbiot_func.o [1]
  .near.rodata       const    0x00e75e    0x1e  nbiot_func.o [1]
  .near.rodata       const    0x00e77c    0x1e  net_app_coap.o [1]
  .near_func.text    ro code  0x00e79a    0x1e  init_small.o [4]
  .near.rodata       const    0x00e7b8    0x1d  nbiot_func.o [1]
  .near.rodata       const    0x00e7d5    0x1d  nbiot_func.o [1]
  .near.rodata       const    0x00e7f2    0x1d  nbiot_func.o [1]
  .near.rodata       const    0x00e80f    0x1d  net_app_coap.o [1]
  .near.rodata       const    0x00e82c    0x1c  nbiot_func.o [1]
  .near_func.text    ro code  0x00e848    0x1c  xwctomb.o [4]
  .near.rodata       const    0x00e864    0x1b  nbiot_func.o [1]
  .near.rodata       const    0x00e87f    0x1b  nbiot_func.o [1]
  .near.rodata       const    0x00e89a    0x1b  nbiot_func.o [1]
  .near.rodata       const    0x00e8b5    0x1b  nbiot_func.o [1]
  .near_func.text    ro code  0x00e8d0    0x1b  bsp_uart_fifo.o [1]
  .near_func.text    ro code  0x00e8eb    0x1b  stm8l15x_it.o [1]
  .near_func.text    ro code  0x00e906    0x1b  stm8l15x_rtc.o [1]
  .near_func.text    ro code  0x00e921    0x1b  xprout.o [4]
  .near.rodata       const    0x00e93c    0x1a  nbiot_func.o [1]
  .near.rodata       const    0x00e956    0x1a  nbiot_func.o [1]
  .near.rodata       const    0x00e970    0x1a  nbiot_func.o [1]
  .near.rodata       const    0x00e98a    0x1a  net_app_coap.o [1]
  .near.rodata       const    0x00e9a4    0x1a  net_app_coap.o [1]
  .near_func.text    ro code  0x00e9be    0x1a  bsp_uart_fifo.o [1]
  .near_func.text    ro code  0x00e9d8    0x1a  bsp_uart_fifo.o [1]
  .near_func.text    ro code  0x00e9f2    0x1a  stm8l15x_tim1.o [1]
  .near.rodata       const    0x00ea0c    0x19  nbiot_func.o [1]
  .near.rodata       const    0x00ea25    0x19  nbiot_func.o [1]
  .near_func.text    ro code  0x00ea3e    0x19  stm8l15x_flash.o [1]
  .near_func.text    ro code  0x00ea57    0x19  stm8l15x_flash.o [1]
  .near_func.text    ro code  0x00ea70    0x19  stm8l15x_it.o [1]
  .near_func.text    ro code  0x00ea89    0x19  xgetmemchunk.o [4]
  .near_func.text    ro code  0x00eaa2    0x19  xlocale_c.o [4]
  .near.rodata       const    0x00eabb    0x18  nbiot_func.o [1]
  .near.rodata       const    0x00ead3    0x18  net_app_coap.o [1]
  .near.rodata       const    0x00eaeb    0x18  net_app_coap.o [1]
  .near_func.text    ro code  0x00eb03    0x18  memchr.o [4]
  .near_func.text    ro code  0x00eb1b    0x18  xencoding_sb.o [4]
  .near_func.text    ro code  0x00eb33    0x18  xlocale_c.o [4]
  .near.rodata       const    0x00eb4b    0x17  nbiot_func.o [1]
  .near.rodata       const    0x00eb62    0x17  nbiot_func.o [1]
  .near_func.text    ro code  0x00eb79    0x17  sys.o [1]
  .near_func.text    ro code  0x00eb90    0x17  memset.o [4]
  .near_func.text    ro code  0x00eba7    0x17  init.o [4]
  .near_func.text    ro code  0x00ebbe    0x16  nbiot_func.o [1]
  .near_func.text    ro code  0x00ebd4    0x16  stm8l15x_it.o [1]
  .near_func.text    ro code  0x00ebea    0x16  stm8l15x_it.o [1]
  .near_func.text    ro code  0x00ec00    0x16  stm8l15x_it.o [1]
  .near_func.text    ro code  0x00ec16    0x16  stm8l15x_it.o [1]
  .near_func.text    ro code  0x00ec2c    0x16  stm8l15x_it.o [1]
  .near_func.text    ro code  0x00ec42    0x16  stm8l15x_it.o [1]
  .near_func.text    ro code  0x00ec58    0x16  stm8l15x_it.o [1]
  .near_func.text    ro code  0x00ec6e    0x16  stm8l15x_it.o [1]
  .near.rodata       const    0x00ec84    0x15  nbiot_func.o [1]
  .near.rodata       const    0x00ec99    0x15  nbiot_func.o [1]
  .near_func.text    ro code  0x00ecae    0x15  bsp_uart_fifo.o [1]
  .near_func.text    ro code  0x00ecc3    0x15  main.o [1]
  .near_func.text    ro code  0x00ecd8    0x15  Save.o [1]
  .near_func.text    ro code  0x00eced    0x15  sys.o [1]
  .near_func.text    ro code  0x00ed02    0x15  strchr.o [4]
  .near.rodata       const    0x00ed17    0x14  nbiot_func.o [1]
  .near.rodata       const    0x00ed2b    0x14  nbiot_func.o [1]
  .near_func.text    ro code  0x00ed3f    0x14  xprintfsmall.o [4]
  .near_func.text    ro code  0x00ed53    0x14  xprintfsmall.o [4]
  .near_func.text    ro code  0x00ed67    0x14  __dbg_xxexit.o [3]
  .near_func.text    ro code  0x00ed7b    0x13  nbiot_func.o [1]
  .near_func.text    ro code  0x00ed8e    0x13  cstartup.o [4]
  .near_func.text    ro code  0x00eda1    0x13  setlocale.o [4]
  .near.rodata       const    0x00edb4    0x12  nbiot_func.o [1]
  .near_func.text    ro code  0x00edc6    0x12  strlen.o [4]
  .near_func.text    ro code  0x00edd8    0x12  tolower.o [4]
  .near.rodata       const    0x00edea    0x11  net_app_coap.o [1]
  .near.rodata       const    0x00edfb    0x11  net_app_coap.o [1]
  .near_func.text    ro code  0x00ee0c    0x11  net_app_nbiot.o [1]
  .near_func.text    ro code  0x00ee1d    0x10  xprintfsmall.o [4]
  .near_func.text    ro code  0x00ee2d    0x10  xlocale_c.o [4]
  .near.rodata       const    0x00ee3d     0xf  nbiot_func.o [1]
  .near.rodata       const    0x00ee4c     0xf  nbiot_func.o [1]
  .near.rodata       const    0x00ee5b     0xf  net_app_coap.o [1]
  .near_func.text    ro code  0x00ee6a     0xf  Save.o [1]
  .near_func.text    ro code  0x00ee79     0xe  stm8l15x_clk.o [1]
  .near_func.text    ro code  0x00ee87     0xe  stm8l15x_tim1.o [1]
  .near_func.text    ro code  0x00ee95     0xe  stm8l15x_tim1.o [1]
  .near_func.text    ro code  0x00eea3     0xe  xsprout.o [4]
  .near_func.text    ro code  0x00eeb1     0xd  bsp_uart_fifo.o [1]
  .near_func.text    ro code  0x00eebe     0xd  net_app_nbiot.o [1]
  .near_func.text    ro code  0x00eecb     0xd  dc_util.o [4]
  .near.rodata       const    0x00eed8     0xc  net_app_coap.o [1]
  .near_func.text    ro code  0x00eee4     0xc  stm8l15x_rtc.o [1]
  .near_func.text    ro code  0x00eef0     0xc  switch.o [4]
  .near_func.text    ro code  0x00eefc     0xc  isxxx.o [4]
  .near_func.text    ro code  0x00ef08     0xc  setlocale.o [4]
  .near.rodata       const    0x00ef14     0xb  net_app_coap.o [1]
  .near_func.text    ro code  0x00ef1f     0xb  stm8l15x_flash.o [1]
  .near_func.text    ro code  0x00ef2a     0xb  stm8l15x_flash.o [1]
  .near_func.text    ro code  0x00ef35     0xb  xprintfsmall.o [4]
  .near.rodata       const    0x00ef40     0xa  nbiot_func.o [1]
  .near.rodata       const    0x00ef4a     0xa  nbiot_func.o [1]
  .near.rodata       const    0x00ef54     0xa  nbiot_func.o [1]
  .near.rodata       const    0x00ef5e     0xa  nbiot_func.o [1]
  .near.rodata       const    0x00ef68     0xa  nbiot_func.o [1]
  .near_func.text    ro code  0x00ef72     0xa  bsp.o [1]
  .near_func.text    ro code  0x00ef7c     0xa  bsp_uart_fifo.o [1]
  .near_func.text    ro code  0x00ef86     0xa  xprintfsmall.o [4]
  .near_func.text    ro code  0x00ef90     0xa  xprintfsmall.o [4]
  .near_func.text    ro code  0x00ef9a     0xa  xscanflarge_nomb.o [4]
  .near_func.text    ro code  0x00efa4     0xa  xscanflarge_nomb.o [4]
  .near_func.text    ro code  0x00efae     0xa  isxxx.o [4]
  .near.rodata       const    0x00efb8     0x9  nbiot_func.o [1]
  .near.rodata       const    0x00efc1     0x9  nbiot_func.o [1]
  .near.rodata       const    0x00efca     0x9  nbiot_func.o [1]
  .near.rodata       const    0x00efd3     0x9  nbiot_func.o [1]
  .near.rodata       const    0x00efdc     0x9  Save.o [1]
  .near_func.text    ro code  0x00efe5     0x9  stm8l15x_gpio.o [1]
  .near_func.text    ro code  0x00efee     0x9  stm8l15x_tim1.o [1]
  .near_func.text    ro code  0x00eff7     0x9  xprintfsmall.o [4]
  .near_func.text    ro code  0x00f000     0x9  xprintfsmall.o [4]
  .near_func.text    ro code  0x00f009     0x9  xprintfsmall.o [4]
  .near_func.text    ro code  0x00f012     0x9  xprintfsmall.o [4]
  .near_func.text    ro code  0x00f01b     0x9  xprintfsmall.o [4]
  .near_func.text    ro code  0x00f024     0x9  xscanflarge_nomb.o [4]
  .near.rodata       const    0x00f02d     0x8  nbiot_func.o [1]
  .near.rodata       const    0x00f035     0x8  nbiot_func.o [1]
  .near.rodata       const    0x00f03d     0x8  nbiot_func.o [1]
  .near.rodata       const    0x00f045     0x8  nbiot_func.o [1]
  .near.rodata       const    0x00f04d     0x8  nbiot_func.o [1]
  .near.rodata       const    0x00f055     0x8  xprintfsmall.o [4]
  .near.rodata       const    0x00f05d     0x8  xprintfsmall.o [4]
  .near.rodata       const    0x00f065     0x8  xencoding_sb.o [4]
  .near.rodata       const    0x00f06d     0x8  xencoding_sb.o [4]
  .near_func.text    ro code  0x00f075     0x8  stm8l15x_gpio.o [1]
  .near_func.text    ro code  0x00f07d     0x8  stm8l15x_usart.o [1]
  .near_func.text    ro code  0x00f085     0x8  xprintfsmall.o [4]
  .near_func.text    ro code  0x00f08d     0x8  xprintfsmall.o [4]
  .near_func.text    ro code  0x00f095     0x8  xxmemxmalloc.o [4]
  .near.rodata       const    0x00f09d     0x7  nbiot_func.o [1]
  .near.rodata       const    0x00f0a4     0x7  nbiot_func.o [1]
  .near.rodata       const    0x00f0ab     0x7  nbiot_func.o [1]
  .near.rodata       const    0x00f0b2     0x7  nbiot_func.o [1]
  .near.rodata       const    0x00f0b9     0x7  nbiot_func.o [1]
  .near.rodata       const    0x00f0c0     0x7  nbiot_func.o [1]
  .near.rodata       const    0x00f0c7     0x7  xprintfsmall.o [4]
  .near.rodata       const    0x00f0ce     0x7  xscanflarge_nomb.o [4]
  .near_func.text    ro code  0x00f0d5     0x7  basic_fun.o [1]
  .near_func.text    ro code  0x00f0dc     0x7  bsp_uart_fifo.o [1]
  .near_func.text    ro code  0x00f0e3     0x7  bsp_uart_fifo.o [1]
  .near_func.text    ro code  0x00f0ea     0x7  bsp_uart_fifo.o [1]
  .near_func.text    ro code  0x00f0f1     0x7  bsp_uart_fifo.o [1]
  .near_func.text    ro code  0x00f0f8     0x7  stm8l15x_gpio.o [1]
  .near_func.text    ro code  0x00f0ff     0x7  sys.o [1]
  .near_func.text    ro code  0x00f106     0x7  xprintfsmall.o [4]
  .near_func.text    ro code  0x00f10d     0x7  xprintfsmall.o [4]
  .near_func.text    ro code  0x00f114     0x7  xscanflarge_nomb.o [4]
  .near_func.text    ro code  0x00f11b     0x7  xscanflarge_nomb.o [4]
  .near_func.text    ro code  0x00f122     0x7  xscanflarge_nomb.o [4]
  .near_func.text    ro code  0x00f129     0x7  xscanflarge_nomb.o [4]
  .near_func.text    ro code  0x00f130     0x7  xxmemxmalloc.o [4]
  .near_func.text    ro code  0x00f137     0x7  putchar.o [4]
  .near_func.text    ro code  0x00f13e     0x7  setlocale.o [4]
  .near.rodata       const    0x00f145     0x6  nbiot_func.o [1]
  .near.rodata       const    0x00f14b     0x6  nbiot_func.o [1]
  .near.rodata       const    0x00f151     0x6  nbiot_func.o [1]
  .near.rodata       const    0x00f157     0x6  nbiot_func.o [1]
  .near.rodata       const    0x00f15d     0x6  nbiot_func.o [1]
  .near.rodata       const    0x00f163     0x6  nbiot_func.o [1]
  .near_func.text    ro code  0x00f169     0x6  xprintfsmall.o [4]
  .near_func.text    ro code  0x00f16f     0x6  xprintfsmall.o [4]
  .near_func.text    ro code  0x00f175     0x6  xprintfsmall.o [4]
  .near_func.text    ro code  0x00f17b     0x6  xprintfsmall.o [4]
  .near_func.text    ro code  0x00f181     0x6  xscanflarge_nomb.o [4]
  .near_func.text    ro code  0x00f187     0x6  xmbcurmax.o [4]
  .near.rodata       const    0x00f18d     0x5  nbiot_func.o [1]
  .near.rodata       const    0x00f192     0x5  nbiot_func.o [1]
  .near.rodata       const    0x00f197     0x5  nbiot_func.o [1]
  .near.rodata       const    0x00f19c     0x5  net_app_coap.o [1]
  .near.rodata       const    0x00f1a1     0x5  stm8l15x_clk.o [1]
  .near.rodata       const    0x00f1a6     0x5  xscanflarge_nomb.o [4]
  .near_func.text    ro code  0x00f1ab     0x5  stm8l15x_flash.o [1]
  .near_func.text    ro code  0x00f1b0     0x5  stm8l15x_usart.o [1]
  .near_func.text    ro code  0x00f1b5     0x5  stm8l15x_usart.o [1]
  .near_func.text    ro code  0x00f1ba     0x5  stm8l15x_usart.o [1]
  .near_func.text    ro code  0x00f1bf     0x5  char.o [4]
  .near_func.text    ro code  0x00f1c4     0x5  xprintfsmall.o [4]
  .near_func.text    ro code  0x00f1c9     0x5  xprintfsmall.o [4]
  .near_func.text    ro code  0x00f1ce     0x5  xprintfsmall.o [4]
  .near_func.text    ro code  0x00f1d3     0x5  xprintfsmall.o [4]
  .near_func.text    ro code  0x00f1d8     0x5  cexit.o [4]
  .near_func.text    ro code  0x00f1dd     0x4  nbiot_func.o [1]
  .near_func.text    ro code  0x00f1e1     0x4  stm8l15x_clk.o [1]
  .near_func.text    ro code  0x00f1e5     0x4  stm8l15x_clk.o [1]
  .near_func.text    ro code  0x00f1e9     0x4  setlocale.o [4]
  .near.rodata       const    0x00f1ed     0x3  nbiot_func.o [1]
  .near.rodata       const    0x00f1f0     0x3  nbiot_func.o [1]
  .near_func.text    ro code  0x00f1f3     0x3  net_app_nbiot.o [1]
  .near_func.text    ro code  0x00f1f6     0x3  interrupt.o [4]
  .near_func.text    ro code  0x00f1f9     0x3  low_level_init.o [4]
  .near_func.text    ro code  0x00f1fc     0x3  exit.o [4]
  .near_func.text    ro code  0x00f1ff     0x3  unhandled_exception.o [4]
  .near_func.text    ro code  0x00f202     0x3  memchr.o [4]
  .near.rodata       const    0x00f205     0x2  nbiot_func.o [1]
  .near_func.text    ro code  0x00f207     0x1  bsp.o [1]
  .near_func.text    ro code  0x00f208     0x1  bsp.o [1]
  .near_func.text    ro code  0x00f209     0x1  bsp_uart_fifo.o [1]
  .near_func.text    ro code  0x00f20a     0x1  bsp_uart_fifo.o [1]
  .near_func.text    ro code  0x00f20b     0x1  net_app_coap.o [1]
  .near_func.text    ro code  0x00f20c     0x1  net_app_coap.o [1]
  .near_func.text    ro code  0x00f20d     0x1  net_app_coap.o [1]
  .near_func.text    ro code  0x00f20e     0x1  net_app_nbiot.o [1]
  .near_func.text    ro code  0x00f20f     0x1  stm8l15x_it.o [1]
  .near_func.text    ro code  0x00f210     0x1  stm8l15x_it.o [1]
  .near_func.text    ro code  0x00f211     0x1  stm8l15x_it.o [1]
  .near_func.text    ro code  0x00f212     0x1  stm8l15x_it.o [1]
  .near_func.text    ro code  0x00f213     0x1  stm8l15x_it.o [1]
  .near_func.text    ro code  0x00f214     0x1  stm8l15x_it.o [1]
  .near_func.text    ro code  0x00f215     0x1  stm8l15x_it.o [1]
  .near_func.text    ro code  0x00f216     0x1  stm8l15x_it.o [1]
  .near_func.text    ro code  0x00f217     0x1  stm8l15x_it.o [1]
  .near_func.text    ro code  0x00f218     0x1  stm8l15x_it.o [1]
  .near_func.text    ro code  0x00f219     0x1  stm8l15x_it.o [1]
  .near_func.text    ro code  0x00f21a     0x1  stm8l15x_it.o [1]
  .near_func.text    ro code  0x00f21b     0x1  stm8l15x_it.o [1]
  .near_func.text    ro code  0x00f21c     0x1  stm8l15x_it.o [1]
  .near_func.text    ro code  0x00f21d     0x1  stm8l15x_it.o [1]
  .near_func.text    ro code  0x00f21e     0x1  stm8l15x_it.o [1]
  .near_func.text    ro code  0x00f21f     0x1  stm8l15x_it.o [1]
  .near_func.text    ro code  0x00f220     0x1  stm8l15x_it.o [1]
  .near_func.text    ro code  0x00f221     0x1  stm8l15x_it.o [1]
  .near_func.text    ro code  0x00f222     0x1  stm8l15x_it.o [1]
  .near_func.text    ro code  0x00f223     0x1  __dbg_break.o [3]
                            - 0x00f224  0x71a4


*******************************************************************************
*** INIT TABLE
***

          Address   Size
          -------   ----
Zero (__iar_zero_init2)
    1 destination range, total size 0x8d5:
          0x00013c  0x8d5

Copy (__iar_copy_init2)
    1 source range, total size 0x2c:
          0x00dc5f   0x2c
    1 destination range, total size 0x2c:
          0x000010   0x2c



*******************************************************************************
*** MODULE SUMMARY
***

    Module                 ro code  ro data  rw data
    ------                 -------  -------  -------
F:\创力NB\我的工程\my_nb\project\Debug\Obj: [1]
    BC95.o                                       302
    Globaldata.o                                  44
    Pulse_Acquire.o            357                 7
    Save.o                     666        9
    Sys_Timer.o                402               161
    basic_fun.o                  7        4        4
    bsp.o                       79                 2
    bsp_led.o                  157
    bsp_timer.o                540                50
    bsp_uart_fifo.o          1 605             1 214
    main.o                      21                 2
    mcu_init.o                 125
    nbiot_config.o             232
    nbiot_func.o             5 026    4 285
    net_app_coap.o           4 323    1 217
    net_app_nbiot.o             92                 1
    net_platform_config.o                        370
    rtc.o                      359
    stm8l15x_clk.o             311        5
    stm8l15x_exti.o             34
    stm8l15x_flash.o            77
    stm8l15x_gpio.o            243
    stm8l15x_it.o              248
    stm8l15x_rtc.o             261
    stm8l15x_tim1.o            252
    stm8l15x_usart.o           659
    sys.o                      139                 4
    ------------------------------------------------
    Total:                  16 215    5 520    2 161

command line: [2]
    ------------------------------------------------
    Total:

dbgstm8smd.a: [3]
    __dbg_break.o                1
    __dbg_xxexit.o              20
    ------------------------------------------------
    Total:                      21

dlstm8smf.a: [4]
    cexit.o                      5
    char.o                       5
    cstartup.o                  19
    dc_util.o                   13
    errno.o                                        2
    exit.o                       3
    init.o                      23
    init_small.o                70
    interrupt.o                  3      128
    isxxx.o                     22
    long.o                     458
    long_util.o                132
    low_level_init.o             3
    memchr.o                    27
    memcpy.o                    37
    memset.o                    23
    move.o                      31
    printf.o                    32
    putchar.o                    7
    setlocale.o                 42                16
    short.o                     43
    sprintf.o                   62
    sscanf.o                    31
    strchr.o                    21
    strcmp.o                    34
    strlen.o                    18
    strstr.o                    68
    switch.o                    12
    tolower.o                   18
    unhandled_exception.o        3
    vreg_util.o                422
    vregs.o                                       16
    xencoding_sb.o              75       16
    xfiles.o                             40      120
    xgetmemchunk.o              25                 2
    xlocale_c.o                 65
    xmbcurmax.o                  6
    xmbtowc.o                   33
    xprintfsmall.o           2 349       23
    xprout.o                    27
    xscanflarge_nomb.o       1 649       48
    xsprout.o                   14
    xsscin.o                    39
    xstol.o                    197
    xstoul.o                   446       74
    xwctomb.o                   28
    xxmemxfree.o               219
    xxmemxmalloc.o             258                 4
    ------------------------------------------------
    Total:                   7 117      329      160

    Linker created                       18      512
----------------------------------------------------
    Grand Total:            23 353    5 867    2 833


*******************************************************************************
*** ENTRY LIST
***

Entry                    Address   Size  Type      Object
-----                    -------   ----  ----      ------
.iar.init_table$$Base   0x00e3a4          --   Gb  - Linker created -
.iar.init_table$$Limit  0x00e3b6          --   Gb  - Linker created -
?add32_l0_l0_0x         0x008ca9         Code  Gb  long.o [4]
?add32_l0_l0_l1         0x008ca6         Code  Gb  long.o [4]
?and32_l0_l0_0x         0x008dff         Code  Gb  long.o [4]
?and32_l0_l0_l1         0x008dfc         Code  Gb  long.o [4]
?b0                     0x000000         Data  Gb  vregs.o [4]
?b1                     0x000001         Data  Gb  vregs.o [4]
?b10                    0x00000a         Data  Gb  vregs.o [4]
?b11                    0x00000b         Data  Gb  vregs.o [4]
?b12                    0x00000c         Data  Gb  vregs.o [4]
?b13                    0x00000d         Data  Gb  vregs.o [4]
?b14                    0x00000e         Data  Gb  vregs.o [4]
?b15                    0x00000f         Data  Gb  vregs.o [4]
?b2                     0x000002         Data  Gb  vregs.o [4]
?b3                     0x000003         Data  Gb  vregs.o [4]
?b4                     0x000004         Data  Gb  vregs.o [4]
?b5                     0x000005         Data  Gb  vregs.o [4]
?b6                     0x000006         Data  Gb  vregs.o [4]
?b7                     0x000007         Data  Gb  vregs.o [4]
?b8                     0x000008         Data  Gb  vregs.o [4]
?b9                     0x000009         Data  Gb  vregs.o [4]
?dc32_l1                0x00eecb         Code  Gb  dc_util.o [4]
?dec32_0x_0x            0x008c92         Code  Gb  long.o [4]
?dec32_l0_l0            0x008c8d         Code  Gb  long.o [4]
?e0                     0x000001         Data  Gb  vregs.o [4]
?e1                     0x000005         Data  Gb  vregs.o [4]
?e2                     0x000009         Data  Gb  vregs.o [4]
?e3                     0x00000d         Data  Gb  vregs.o [4]
?epilogue_l2            0x009438         Code  Gb  vreg_util.o [4]
?epilogue_l2_l3         0x009435         Code  Gb  vreg_util.o [4]
?epilogue_l2_w6         0x00943c         Code  Gb  vreg_util.o [4]
?epilogue_w4            0x009443         Code  Gb  vreg_util.o [4]
?inc32_0x_0x            0x008c7f         Code  Gb  long.o [4]
?inc32_l0_l0            0x008c75         Code  Gb  long.o [4]
?inc32_l1_l1            0x008c7a         Code  Gb  long.o [4]
?l0                     0x000000         Data  Gb  vregs.o [4]
?l1                     0x000004         Data  Gb  vregs.o [4]
?l2                     0x000008         Data  Gb  vregs.o [4]
?l3                     0x00000c         Data  Gb  vregs.o [4]
?load32_0x_l0           0x00c94c         Code  Gb  long_util.o [4]
?load32_0x_l1           0x00c95a         Code  Gb  long_util.o [4]
?load32_0x_l2           0x00c979         Code  Gb  long_util.o [4]
?load32_asp_l0          0x00c940         Code  Gb  long_util.o [4]
?load32_asp_l2          0x00c96d         Code  Gb  long_util.o [4]
?load32_dbsp_l0         0x00c93b         Code  Gb  long_util.o [4]
?load32_dbsp_l2         0x00c968         Code  Gb  long_util.o [4]
?load32_l0_0x           0x00c913         Code  Gb  long_util.o [4]
?load32_l0_asp          0x00c908         Code  Gb  long_util.o [4]
?load32_l0_dbsp         0x00c903         Code  Gb  long_util.o [4]
?load32_l0_xsp          0x00c90a         Code  Gb  long_util.o [4]
?load32_l1_0x           0x00c92f         Code  Gb  long_util.o [4]
?load32_l1_asp          0x00c924         Code  Gb  long_util.o [4]
?load32_l1_dbsp         0x00c91f         Code  Gb  long_util.o [4]
?load32_l1_xsp          0x00c926         Code  Gb  long_util.o [4]
?load32_xsp_l0          0x00c942         Code  Gb  long_util.o [4]
?load32_xsp_l2          0x00c96f         Code  Gb  long_util.o [4]
?mov_e0_e1              0x009497         Code  Gb  vreg_util.o [4]
?mov_e0_e2              0x0094a4         Code  Gb  vreg_util.o [4]
?mov_e0_e3              0x0094b1         Code  Gb  vreg_util.o [4]
?mov_e1_e0              0x0094be         Code  Gb  vreg_util.o [4]
?mov_e1_e2              0x0094cb         Code  Gb  vreg_util.o [4]
?mov_e2_e0              0x0094d8         Code  Gb  vreg_util.o [4]
?mov_e3_e0              0x0094e5         Code  Gb  vreg_util.o [4]
?mov_l0_l1              0x009494         Code  Gb  vreg_util.o [4]
?mov_l0_l2              0x0094a1         Code  Gb  vreg_util.o [4]
?mov_l0_l3              0x0094ae         Code  Gb  vreg_util.o [4]
?mov_l1_l0              0x0094bb         Code  Gb  vreg_util.o [4]
?mov_l1_l2              0x0094c8         Code  Gb  vreg_util.o [4]
?mov_l2_l0              0x0094d5         Code  Gb  vreg_util.o [4]
?mov_l3_l0              0x0094e2         Code  Gb  vreg_util.o [4]
?mov_w0_w1              0x009447         Code  Gb  vreg_util.o [4]
?mov_w0_w4              0x00944e         Code  Gb  vreg_util.o [4]
?mov_w0_w5              0x009455         Code  Gb  vreg_util.o [4]
?mov_w1_w3              0x00949a         Code  Gb  vreg_util.o [4]
?mov_w1_w4              0x00945c         Code  Gb  vreg_util.o [4]
?mov_w1_w5              0x0094a7         Code  Gb  vreg_util.o [4]
?mov_w1_w6              0x009463         Code  Gb  vreg_util.o [4]
?mov_w1_w7              0x0094b4         Code  Gb  vreg_util.o [4]
?mov_w2_w1              0x00946a         Code  Gb  vreg_util.o [4]
?mov_w3_w0              0x009471         Code  Gb  vreg_util.o [4]
?mov_w3_w1              0x0094c1         Code  Gb  vreg_util.o [4]
?mov_w3_w5              0x0094ce         Code  Gb  vreg_util.o [4]
?mov_w4_w0              0x009478         Code  Gb  vreg_util.o [4]
?mov_w4_w1              0x00947f         Code  Gb  vreg_util.o [4]
?mov_w5_w0              0x009486         Code  Gb  vreg_util.o [4]
?mov_w5_w1              0x0094db         Code  Gb  vreg_util.o [4]
?mov_w6_w0              0x00948d         Code  Gb  vreg_util.o [4]
?mov_w7_w1              0x0094e8         Code  Gb  vreg_util.o [4]
?move1616_v_x_y_a       0x00e67e         Code  Gb  move.o [4]
?move1616_v_x_y_tos16   0x00e66c         Code  Gb  move.o [4]
?mul16_x_x_w0           0x00dd0c         Code  Gb  short.o [4]
?mul32_l0_l0_l1         0x008cdc         Code  Gb  long.o [4]
?neg32_l0_l0            0x008c65         Code  Gb  long.o [4]
?pop_e2                 0x0093b6         Code  Gb  vreg_util.o [4]
?pop_l0                 0x009401         Code  Gb  vreg_util.o [4]
?pop_l1                 0x00940c         Code  Gb  vreg_util.o [4]
?pop_l2                 0x009417         Code  Gb  vreg_util.o [4]
?pop_l3                 0x009422         Code  Gb  vreg_util.o [4]
?pop_w4                 0x00937a         Code  Gb  vreg_util.o [4]
?pop_w5                 0x009381         Code  Gb  vreg_util.o [4]
?pop_w6                 0x009388         Code  Gb  vreg_util.o [4]
?pop_w7                 0x00938f         Code  Gb  vreg_util.o [4]
?push_e2                0x00939e         Code  Gb  vreg_util.o [4]
?push_l0                0x0093d0         Code  Gb  vreg_util.o [4]
?push_l1                0x0093d5         Code  Gb  vreg_util.o [4]
?push_l2                0x0093da         Code  Gb  vreg_util.o [4]
?push_l3                0x0093df         Code  Gb  vreg_util.o [4]
?push_w0                0x009349         Code  Gb  vreg_util.o [4]
?push_w1                0x00934e         Code  Gb  vreg_util.o [4]
?push_w4                0x009353         Code  Gb  vreg_util.o [4]
?push_w5                0x009358         Code  Gb  vreg_util.o [4]
?push_w6                0x00935d         Code  Gb  vreg_util.o [4]
?push_w7                0x009362         Code  Gb  vreg_util.o [4]
?scmp32_c_l0_l1         0x008de5         Code  Gb  long.o [4]
?sext32_l0_a            0x008e22         Code  Gb  long.o [4]
?sext32_l0_x            0x008e17         Code  Gb  long.o [4]
?sll16_x_x_a            0x00dd2a         Code  Gb  short.o [4]
?srl16_x_x_4            0x00dd32         Code  Gb  short.o [4]
?srl8_a_a_5             0x00f1bf         Code  Gb  char.o [4]
?sub32_l0_l0_0x         0x008cc4         Code  Gb  long.o [4]
?sub32_l0_l0_l1         0x008cc1         Code  Gb  long.o [4]
?switch8vlt_0x_a_0x     0x00eef0         Code  Gb  switch.o [4]
?ucmp32_c_l0_0x         0x008dca         Code  Gb  long.o [4]
?ucmp32_c_l0_l1         0x008dda         Code  Gb  long.o [4]
?udiv32_l0_l0_dl        0x008d5a         Code  Gb  long.o [4]
?udiv32_l0_l0_l1        0x008d5d         Code  Gb  long.o [4]
?umod32_l1_l0_l1        0x008d5d         Code  Gb  long.o [4]
?w0                     0x000000         Data  Gb  vregs.o [4]
?w1                     0x000002         Data  Gb  vregs.o [4]
?w2                     0x000004         Data  Gb  vregs.o [4]
?w3                     0x000006         Data  Gb  vregs.o [4]
?w4                     0x000008         Data  Gb  vregs.o [4]
?w5                     0x00000a         Data  Gb  vregs.o [4]
?w6                     0x00000c         Data  Gb  vregs.o [4]
?w7                     0x00000e         Data  Gb  vregs.o [4]
ADC1_COMP_IRQHandler    0x00f21e    0x1  Code  Gb  stm8l15x_it.o [1]
Alarm_Interrupt         0x00dfe9   0x27  Code  Gb  rtc.o [1]
BC95                    0x0006ae  0x12e  Data  Gb  BC95.o [1]
Bcd2ToByte              0x00e906   0x1b  Code  Lc  stm8l15x_rtc.o [1]
CLK_GetClockFreq        0x00c307   0x93  Code  Gb  stm8l15x_clk.o [1]
CLK_HSICmd              0x00ee79    0xe  Code  Gb  stm8l15x_clk.o [1]
CLK_PeripheralClockConfig
                        0x00c39a   0x8e  Code  Gb  stm8l15x_clk.o [1]
CLK_SYSCLKDivConfig     0x00f1e5    0x4  Code  Gb  stm8l15x_clk.o [1]
CLK_SYSCLKSourceConfig  0x00f1e1    0x4  Code  Gb  stm8l15x_clk.o [1]
CSTACK$$Base            0x000f00          --   Gb  - Linker created -
CSTACK$$Limit           0x001000          --   Gb  - Linker created -
Cal                     0x0009e2    0x7  Data  Gb  Pulse_Acquire.o [1]
ComToUart               0x00e9be   0x1a  Code  Gb  bsp_uart_fifo.o [1]
DMA1_CHANNEL0_1_IRQHandler
                        0x00f211    0x1  Code  Gb  stm8l15x_it.o [1]
DMA1_CHANNEL2_3_IRQHandler
                        0x00f212    0x1  Code  Gb  stm8l15x_it.o [1]
EXTI0_IRQHandler        0x00ebea   0x16  Code  Gb  stm8l15x_it.o [1]
EXTI1_IRQHandler        0x00f215    0x1  Code  Gb  stm8l15x_it.o [1]
EXTI2_IRQHandler        0x00f216    0x1  Code  Gb  stm8l15x_it.o [1]
EXTI3_IRQHandler        0x00f217    0x1  Code  Gb  stm8l15x_it.o [1]
EXTI4_IRQHandler        0x00f218    0x1  Code  Gb  stm8l15x_it.o [1]
EXTI5_IRQHandler        0x00f219    0x1  Code  Gb  stm8l15x_it.o [1]
EXTI6_IRQHandler        0x00f21a    0x1  Code  Gb  stm8l15x_it.o [1]
EXTI7_IRQHandler        0x00f21b    0x1  Code  Gb  stm8l15x_it.o [1]
EXTIB_G_IRQHandler      0x00f214    0x1  Code  Gb  stm8l15x_it.o [1]
EXTID_H_IRQHandler      0x00ebd4   0x16  Code  Gb  stm8l15x_it.o [1]
EXTIE_F_PVD_IRQHandler  0x00f213    0x1  Code  Gb  stm8l15x_it.o [1]
EXTI_ClearITPendingBit  0x00e279   0x22  Code  Gb  stm8l15x_exti.o [1]
Exti0_Interrupt         0x00e0f3   0x25  Code  Gb  Pulse_Acquire.o [1]
ExtiD_Interrupt         0x009de8  0x140  Code  Gb  Pulse_Acquire.o [1]
FLASH_GetFlagStatus     0x00ea57   0x19  Code  Gb  stm8l15x_flash.o [1]
FLASH_IRQHandler        0x00f210    0x1  Code  Gb  stm8l15x_it.o [1]
FLASH_Lock              0x00ef1f    0xb  Code  Gb  stm8l15x_flash.o [1]
FLASH_ProgramByte       0x00ef2a    0xb  Code  Gb  stm8l15x_flash.o [1]
FLASH_ReadByte          0x00f1ab    0x5  Code  Gb  stm8l15x_flash.o [1]
FLASH_Unlock            0x00ea3e   0x19  Code  Gb  stm8l15x_flash.o [1]
GPIO_ExternalPullUpConfig
                        0x00dc33   0x2c  Code  Gb  stm8l15x_gpio.o [1]
GPIO_Init               0x00b2fc   0xaf  Code  Gb  stm8l15x_gpio.o [1]
GPIO_ReadInputDataBit   0x00efe5    0x9  Code  Gb  stm8l15x_gpio.o [1]
GPIO_ResetBits          0x00f075    0x8  Code  Gb  stm8l15x_gpio.o [1]
GPIO_ToggleBits         0x00f0f8    0x7  Code  Gb  stm8l15x_gpio.o [1]
HEAP$$Base              0x00003c          --   Gb  - Linker created -
HEAP$$Limit             0x00013c          --   Gb  - Linker created -
HistoryData             0x000a03    0x2  Data  Gb  Globaldata.o [1]
I2C1_SPI2_IRQHandler    0x00f222    0x1  Code  Gb  stm8l15x_it.o [1]
INTVEC$$Base            0x008000          --   Gb  - Linker created -
INTVEC$$Limit           0x008080          --   Gb  - Linker created -
InitHardUart            0x00aebb   0xbb  Code  Lc  bsp_uart_fifo.o [1]
LCD_AES_IRQHandler      0x00f21c    0x1  Code  Gb  stm8l15x_it.o [1]
LoadInt                 0x00d7c8   0x3f  Code  Lc  xprintfsmall.o [4]
MCU_DeInit              0x00cf72   0x4a  Code  Gb  mcu_init.o [1]
MeterParameter          0x000974   0x22  Data  Gb  Globaldata.o [1]
NBIOT_COAP_DictateEvent_FailExecute
                        0x00caeb   0x61  Code  Lc  net_app_coap.o [1]
NBIOT_COAP_DictateEvent_SetTime
                        0x00ccc5   0x5b  Code  Lc  net_app_coap.o [1]
NBIOT_COAP_DictateEvent_SuccessExecute
                        0x00dddf   0x2a  Code  Lc  net_app_coap.o [1]
NBIOT_COAP_GetDictateFailureCnt
                        0x00a2be  0x10d  Code  Lc  net_app_coap.o [1]
NBIOT_Client_Init       0x00a6b4   0xe8  Code  Gb  nbiot_config.o [1]
NBIOT_Neul_NBxx_CheckReadAttachOrDetach
                        0x00ac84   0xbe  Code  Gb  nbiot_func.o [1]
NBIOT_Neul_NBxx_CheckReadCDPServer
                        0x00b0e6   0xb5  Code  Gb  nbiot_func.o [1]
NBIOT_Neul_NBxx_CheckReadCGDCONT
                        0x00c987   0x82  Code  Gb  nbiot_func.o [1]
NBIOT_Neul_NBxx_CheckReadCGPADDR
                        0x00c5c9   0x8b  Code  Gb  nbiot_func.o [1]
NBIOT_Neul_NBxx_CheckReadConfigUE
                        0x00968c  0x199  Code  Gb  nbiot_func.o [1]
NBIOT_Neul_NBxx_CheckReadDateTime
                        0x00ba2e   0x9e  Code  Gb  nbiot_func.o [1]
NBIOT_Neul_NBxx_CheckReadICCID
                        0x00c0b7   0x94  Code  Gb  nbiot_func.o [1]
NBIOT_Neul_NBxx_CheckReadIMEI
                        0x00c428   0x8b  Code  Gb  nbiot_func.o [1]
NBIOT_Neul_NBxx_CheckReadIMEISV
                        0x00c4b3   0x8b  Code  Gb  nbiot_func.o [1]
NBIOT_Neul_NBxx_CheckReadIMSI
                        0x00c53e   0x8b  Code  Gb  nbiot_func.o [1]
NBIOT_Neul_NBxx_CheckReadManufacturer
                        0x00c654   0x8b  Code  Gb  nbiot_func.o [1]
NBIOT_Neul_NBxx_CheckReadManufacturerModel
                        0x00c6df   0x8b  Code  Gb  nbiot_func.o [1]
NBIOT_Neul_NBxx_CheckReadModuleVersion
                        0x00b7ab   0xa3  Code  Gb  nbiot_func.o [1]
NBIOT_Neul_NBxx_CheckReadNewMessageIndications
                        0x00c022   0x95  Code  Gb  nbiot_func.o [1]
NBIOT_Neul_NBxx_CheckReadRSSI
                        0x00b24d   0xaf  Code  Gb  nbiot_func.o [1]
NBIOT_Neul_NBxx_CheckReadSentMessageIndications
                        0x00bb68   0x9a  Code  Gb  nbiot_func.o [1]
NBIOT_Neul_NBxx_CheckReadStatisticsCELL
                        0x00b65b   0xa9  Code  Gb  nbiot_func.o [1]
NBIOT_Neul_NBxx_CheckReadStatisticsRADIO
                        0x00abc5   0xbf  Code  Gb  nbiot_func.o [1]
NBIOT_Neul_NBxx_CheckReadSupportedBands
                        0x00af76   0xb8  Code  Gb  nbiot_func.o [1]
NBIOT_Neul_NBxx_HardwareReboot
                        0x00f1dd    0x4  Code  Gb  nbiot_func.o [1]
NBIOT_Neul_NBxx_SetAttachOrDetach
                        0x00be60   0x96  Code  Gb  nbiot_func.o [1]
NBIOT_Neul_NBxx_SetConfigUE
                        0x00b458   0xac  Code  Gb  nbiot_func.o [1]
NBIOT_Neul_NBxx_SetNewMessageIndications
                        0x00bf8c   0x96  Code  Gb  nbiot_func.o [1]
NBIOT_Neul_NBxx_SetReportTerminationError
                        0x00bd34   0x96  Code  Gb  nbiot_func.o [1]
NBIOT_Neul_NBxx_SetSentMessageIndications
                        0x00bef6   0x96  Code  Gb  nbiot_func.o [1]
NBIOT_Neul_NBxx_SetSupportedBands
                        0x00bdca   0x96  Code  Gb  nbiot_func.o [1]
NET_APP_COAP_PollExecution
                        0x009c8d  0x15b  Code  Gb  net_app_coap.o [1]
NET_App_NBIOT_Task      0x00eebe    0xd  Code  Gb  net_app_nbiot.o [1]
NET_NBIOT_COAP_Event_AttachCheck
                        0x00b02e   0xb8  Code  Gb  net_app_coap.o [1]
NET_NBIOT_COAP_Event_AttachExecute
                        0x00c14b   0x94  Code  Gb  net_app_coap.o [1]
NET_NBIOT_COAP_Event_AttachInquire
                        0x00ad42   0xbd  Code  Gb  net_app_coap.o [1]
NET_NBIOT_COAP_Event_CDPServerCheck
                        0x00b8f0   0x9f  Code  Gb  net_app_coap.o [1]
NET_NBIOT_COAP_Event_CDPServerConfig
                        0x00b98f   0x9f  Code  Gb  net_app_coap.o [1]
NET_NBIOT_COAP_Event_HardwareReboot
                        0x00cb4c   0x5f  Code  Gb  net_app_coap.o [1]
NET_NBIOT_COAP_Event_MiscEquipConfig
                        0x0094ef  0x19d  Code  Gb  net_app_coap.o [1]
NET_NBIOT_COAP_Event_ModuleCheck
                        0x00bacc   0x9c  Code  Gb  net_app_coap.o [1]
NET_NBIOT_COAP_Event_NbandModeCheck
                        0x00b3ab   0xad  Code  Gb  net_app_coap.o [1]
NET_NBIOT_COAP_Event_NbandModeConfig
                        0x00a19e  0x120  Code  Gb  net_app_coap.o [1]
NET_NBIOT_COAP_Event_ParameterCheckOut
                        0x00a79c   0xe3  Code  Gb  net_app_coap.o [1]
NET_NBIOT_COAP_Event_ParameterConfig
                        0x0084ba  0x3f0  Code  Gb  net_app_coap.o [1]
NET_NBIOT_COAP_Event_RecvData
                        0x00f20d    0x1  Code  Gb  net_app_coap.o [1]
NET_NBIOT_COAP_Event_ReportError
                        0x00c76a   0x8b  Code  Gb  net_app_coap.o [1]
NET_NBIOT_COAP_Event_SendData
                        0x00f20c    0x1  Code  Gb  net_app_coap.o [1]
NET_NBIOT_COAP_Event_SimICCIDCheck
                        0x00c7f5   0x88  Code  Gb  net_app_coap.o [1]
NET_NBIOT_COAP_Event_StopMode
                        0x00f20b    0x1  Code  Gb  net_app_coap.o [1]
NET_NBIOT_Client_Init   0x00f1f3    0x3  Code  Lc  net_app_nbiot.o [1]
NET_NBIOT_Initialization
                        0x00ee0c   0x11  Code  Gb  net_app_nbiot.o [1]
NbiotClientHandler      0x00053c  0x172  Data  Gb  net_platform_config.o [1]
NetNbiotClientHandler   0x000a0f    0x1  Data  Lc  net_app_nbiot.o [1]
Net_NBIoT_DataProcessing
                        0x00f20e    0x1  Code  Lc  net_app_nbiot.o [1]
Net_NBIoT_TaskProcessing
                        0x00d883   0x3a  Code  Lc  net_app_nbiot.o [1]
RCC_Configuration       0x00d9fb   0x33  Code  Gb  mcu_init.o [1]
RS485_InitTXE           0x00eeb1    0xd  Code  Gb  bsp_uart_fifo.o [1]
RTC_CSSLSE_IRQHandler   0x00ea70   0x19  Code  Gb  stm8l15x_it.o [1]
RTC_ClearITPendingBit   0x00eee4    0xc  Code  Gb  stm8l15x_rtc.o [1]
RTC_DateStr             0x0009f5    0x4  Data  Gb  Globaldata.o [1]
RTC_GetDate             0x00cc69   0x5c  Code  Gb  stm8l15x_rtc.o [1]
RTC_GetITStatus         0x00dbda   0x2d  Code  Gb  stm8l15x_rtc.o [1]
RTC_GetTime             0x00ce80   0x55  Code  Gb  stm8l15x_rtc.o [1]
RTC_TimeStr             0x0009f1    0x4  Data  Gb  Globaldata.o [1]
Read_ACUM_Flow          0x00ee6a    0xf  Code  Gb  Save.o [1]
Region$$Table$$Base     0x00e3a4          --   Gb  - Linker created -
Region$$Table$$Limit    0x00e3b6          --   Gb  - Linker created -
SPI1_IRQHandler         0x00f221    0x1  Code  Gb  stm8l15x_it.o [1]
SWITCH_CSS_BREAK_DAC_IRQHandler
                        0x00f21d    0x1  Code  Gb  stm8l15x_it.o [1]
SYSDivFactor            0x00f1a1    0x5  Data  Gb  stm8l15x_clk.o [1]
Save_Add_Flow           0x00ecd8   0x15  Code  Gb  Save.o [1]
Save_History_Data       0x00a3cb  0x101  Code  Gb  Save.o [1]
Save_SDCF_Flow          0x00a95a   0xd3  Code  Gb  Save.o [1]
Stm8_Calculagraph_CountdownSec
                        0x00eb79   0x17  Code  Gb  sys.o [1]
Stm8_Calculagraph_IsExpiredSec
                        0x00cd7a   0x58  Code  Gb  sys.o [1]
Stm8_EventRunningTime_Init
                        0x00eced   0x15  Code  Gb  sys.o [1]
Stm8_GetSecondTick      0x00f0ff    0x7  Code  Gb  sys.o [1]
SysTick_Handler         0x009825  0x192  Code  Gb  Sys_Timer.o [1]
Sys_Timer               0x0007dc   0xa0  Data  Lc  Sys_Timer.o [1]
SystemRunningTimesSecond
                        0x0009f9    0x4  Data  Gb  sys.o [1]
TIM1_ARRPreloadConfig   0x00ee87    0xe  Code  Gb  stm8l15x_tim1.o [1]
TIM1_CC_IRQHandler      0x00f21f    0x1  Code  Gb  stm8l15x_it.o [1]
TIM1_ClearITPendingBit  0x00efee    0x9  Code  Gb  stm8l15x_tim1.o [1]
TIM1_Cmd                0x00ee95    0xe  Code  Gb  stm8l15x_tim1.o [1]
TIM1_DeInit             0x00bc9b   0x99  Code  Gb  stm8l15x_tim1.o [1]
TIM1_ITConfig           0x00e9f2   0x1a  Code  Gb  stm8l15x_tim1.o [1]
TIM1_TimeBaseInit       0x00e185   0x24  Code  Gb  stm8l15x_tim1.o [1]
TIM1_UPD_OVF_TRG_COM_IRQHandler
                        0x00e8eb   0x1b  Code  Gb  stm8l15x_it.o [1]
TIM2_CC_USART2_RX_IRQHandler
                        0x00ec16   0x16  Code  Gb  stm8l15x_it.o [1]
TIM2_UPD_OVF_TRG_BRK_USART2_TX_IRQHandler
                        0x00ec00   0x16  Code  Gb  stm8l15x_it.o [1]
TIM3_CC_USART3_RX_IRQHandler
                        0x00ec42   0x16  Code  Gb  stm8l15x_it.o [1]
TIM3_UPD_OVF_TRG_BRK_USART3_TX_IRQHandler
                        0x00ec2c   0x16  Code  Gb  stm8l15x_it.o [1]
TIM4_UPD_OVF_TRG_IRQHandler
                        0x00f220    0x1  Code  Gb  stm8l15x_it.o [1]
TRAP_IRQHandler         0x00f20f    0x1  Code  Gb  stm8l15x_it.o [1]
Timer_ISR               0x00b704   0xa7  Code  Gb  bsp_timer.o [1]
USART1_IRQ_RECV         0x00f20a    0x1  Code  Gb  bsp_uart_fifo.o [1]
USART1_IRQ_SEND         0x00f209    0x1  Code  Gb  bsp_uart_fifo.o [1]
USART1_RX_TIM5_CC_IRQHandler
                        0x00ec6e   0x16  Code  Gb  stm8l15x_it.o [1]
USART1_TX_TIM5_UPD_OVF_TRG_BRK_IRQHandler
                        0x00ec58   0x16  Code  Gb  stm8l15x_it.o [1]
USART2_IRQ_RECV         0x00f0e3    0x7  Code  Gb  bsp_uart_fifo.o [1]
USART2_IRQ_SEND         0x00f0dc    0x7  Code  Gb  bsp_uart_fifo.o [1]
USART3_IRQ_RECV         0x00f0f1    0x7  Code  Gb  bsp_uart_fifo.o [1]
USART3_IRQ_SEND         0x00f0ea    0x7  Code  Gb  bsp_uart_fifo.o [1]
USART_ClearFlag         0x00f1b5    0x5  Code  Gb  stm8l15x_usart.o [1]
USART_ClearITPendingBit
                        0x00f1ba    0x5  Code  Gb  stm8l15x_usart.o [1]
USART_Cmd               0x00dce1   0x2b  Code  Gb  stm8l15x_usart.o [1]
USART_DeInit            0x00d807   0x3e  Code  Gb  stm8l15x_usart.o [1]
USART_GetITStatus       0x00b504   0xac  Code  Gb  stm8l15x_usart.o [1]
USART_ITConfig          0x00c1df   0x94  Code  Gb  stm8l15x_usart.o [1]
USART_Init              0x00aa2d   0xd3  Code  Gb  stm8l15x_usart.o [1]
USART_ReceiveData8      0x00f1b0    0x5  Code  Gb  stm8l15x_usart.o [1]
USART_SendData8         0x00f07d    0x8  Code  Gb  stm8l15x_usart.o [1]
UartGetChar             0x00c87d   0x86  Code  Lc  bsp_uart_fifo.o [1]
UartIRQ_Recv            0x00a5cc   0xe8  Code  Lc  bsp_uart_fifo.o [1]
UartIRQ_Send            0x00a068  0x136  Code  Lc  bsp_uart_fifo.o [1]
UartSend                0x00b19b   0xb2  Code  Lc  bsp_uart_fifo.o [1]
UartVarInit             0x00bc02   0x99  Code  Lc  bsp_uart_fifo.o [1]
Wake_Interrupt          0x009f28  0x140  Code  Gb  rtc.o [1]
WriteRom                0x00b84e   0xa2  Code  Gb  Save.o [1]
_EncodingSb_Mbtowc      0x00da2e   0x33  Code  Gb  xencoding_sb.o [4]
_EncodingSb_Wctomb      0x00eb1b   0x18  Code  Gb  xencoding_sb.o [4]
_Get                    0x00d043   0x17  Code  Lc  xscanflarge_nomb.o [4]
_GetN                   0x00d05a   0x2c  Code  Lc  xscanflarge_nomb.o [4]
_GetfldLargeNoMb        0x00cbab   0x5f  Code  Lc  xscanflarge_nomb.o [4]
_GetintLargeNoMb        0x0088aa  0x1e0  Code  Lc  xscanflarge_nomb.o [4]
_GetstrLargeNoMb        0x0091a0  0x1a9  Code  Lc  xscanflarge_nomb.o [4]
_LitobSmall             0x0099b7  0x171  Code  Lc  xprintfsmall.o [4]
_LocaleC_isspace        0x00eaa2   0x19  Code  Gb  xlocale_c.o [4]
_LocaleC_isupper        0x00ee2d   0x10  Code  Gb  xlocale_c.o [4]
_LocaleC_tolower        0x00eb33   0x18  Code  Gb  xlocale_c.o [4]
_LocaleEncoding         0x00ef08    0xc  Code  Gb  setlocale.o [4]
_LocaleForCat           0x00eda1   0x13  Code  Gb  setlocale.o [4]
_Locale_Profile         0x0009d4    0xe  Data  Gb  setlocale.o [4]
_Mbtowc                 0x00e383   0x21  Code  Gb  xmbtowc.o [4]
_PrintfSmall            0x008080  0x43a  Code  Gb  xprintfsmall.o [4]
_Prout                  0x00e921   0x1b  Code  Gb  xprout.o [4]
_PutcharSmall           0x00daf5   0x2f  Code  Lc  xprintfsmall.o [4]
_PutcharsSmall          0x00d993   0x35  Code  Lc  xprintfsmall.o [4]
_PutstrSmall            0x008a8a  0x1db  Code  Lc  xprintfsmall.o [4]
_SProut                 0x00eea3    0xe  Code  Gb  xsprout.o [4]
_SScin                  0x00e010   0x27  Code  Gb  xsscin.o [4]
_ScanfLargeNoMb         0x009b28  0x165  Code  Gb  xscanflarge_nomb.o [4]
_UngetN                 0x00de84   0x29  Code  Lc  xscanflarge_nomb.o [4]
_Wctomb                 0x00e848   0x1c  Code  Gb  xwctomb.o [4]
__DebugBreak            0x00f223    0x1  Code  Gb  __dbg_break.o [3]
__exit                  0x00ed67   0x14  Code  Gb  __dbg_xxexit.o [3]
__iar_Errno             0x000a0b    0x2  Data  Gb  errno.o [4]
__iar_Mbcurmax          0x00f187    0x6  Code  Gb  xmbcurmax.o [4]
__iar_Memchr            0x00eb03   0x18  Code  Gb  memchr.o [4]
__iar_Stdout            0x000014   0x28  Data  Gb  xfiles.o [4]
__iar_Stolx             0x00ab00   0xc5  Code  Gb  xstol.o [4]
__iar_Stoul             0x008fe6    0x7  Code  Gb  xstoul.o [4]
__iar_Stoulx            0x008e2f  0x1b7  Code  Gb  xstoul.o [4]
__iar_Strchr            0x00ed02   0x15  Code  Gb  strchr.o [4]
__iar_Strstr            0x00cfbc   0x44  Code  Gb  strstr.o [4]
__iar_Tls_setup__Locale_Profile
                        0x000a07    0x2  Data  Gb  setlocale.o [4]
__iar_copy_init2        0x00df25         Code  Gb  init_small.o [4]
__iar_data_init2        0x00eba7   0x17  Code  Gb  init.o [4]
__iar_program_start     0x00ed8e         Code  Gb  cstartup.o [4]
__iar_unhandled_exception
                        0x00f1ff         Code  Gb  unhandled_exception.o [4]
__iar_zero_init2        0x00e79a         Code  Gb  init_small.o [4]
__intvec                0x008000         Data  Gb  interrupt.o [4]
__low_level_init        0x00f1f9    0x3  Code  Gb  low_level_init.o [4]
__near_Aldata           0x0009fd    0x4  Data  Gb  xxmemxmalloc.o [4]
__near_GetMemChunk      0x00ea89   0x19  Code  Gb  xgetmemchunk.o [4]
__near_findmem          0x00cc0a   0x5f  Code  Lc  xxmemxmalloc.o [4]
_exit                   0x00f1d8         Code  Gb  cexit.o [4]
_interrupt_1            0x00f20f         Code  Gb  stm8l15x_it.o [1]
_interrupt_10           0x00ebea         Code  Gb  stm8l15x_it.o [1]
_interrupt_11           0x00f215         Code  Gb  stm8l15x_it.o [1]
_interrupt_12           0x00f216         Code  Gb  stm8l15x_it.o [1]
_interrupt_13           0x00f217         Code  Gb  stm8l15x_it.o [1]
_interrupt_14           0x00f218         Code  Gb  stm8l15x_it.o [1]
_interrupt_15           0x00f219         Code  Gb  stm8l15x_it.o [1]
_interrupt_16           0x00f21a         Code  Gb  stm8l15x_it.o [1]
_interrupt_17           0x00f21b         Code  Gb  stm8l15x_it.o [1]
_interrupt_18           0x00f21c         Code  Gb  stm8l15x_it.o [1]
_interrupt_19           0x00f21d         Code  Gb  stm8l15x_it.o [1]
_interrupt_20           0x00f21e         Code  Gb  stm8l15x_it.o [1]
_interrupt_21           0x00ec00         Code  Gb  stm8l15x_it.o [1]
_interrupt_22           0x00ec16         Code  Gb  stm8l15x_it.o [1]
_interrupt_23           0x00ec2c         Code  Gb  stm8l15x_it.o [1]
_interrupt_24           0x00ec42         Code  Gb  stm8l15x_it.o [1]
_interrupt_25           0x00e8eb         Code  Gb  stm8l15x_it.o [1]
_interrupt_26           0x00f21f         Code  Gb  stm8l15x_it.o [1]
_interrupt_27           0x00f220         Code  Gb  stm8l15x_it.o [1]
_interrupt_28           0x00f221         Code  Gb  stm8l15x_it.o [1]
_interrupt_29           0x00ec58         Code  Gb  stm8l15x_it.o [1]
_interrupt_3            0x00f210         Code  Gb  stm8l15x_it.o [1]
_interrupt_30           0x00ec6e         Code  Gb  stm8l15x_it.o [1]
_interrupt_31           0x00f222         Code  Gb  stm8l15x_it.o [1]
_interrupt_4            0x00f211         Code  Gb  stm8l15x_it.o [1]
_interrupt_5            0x00f212         Code  Gb  stm8l15x_it.o [1]
_interrupt_6            0x00ea70         Code  Gb  stm8l15x_it.o [1]
_interrupt_7            0x00f213         Code  Gb  stm8l15x_it.o [1]
_interrupt_8            0x00f214         Code  Gb  stm8l15x_it.o [1]
_interrupt_9            0x00ebd4         Code  Gb  stm8l15x_it.o [1]
bc95_cmd_recv_back      0x00adff   0xbc  Code  Lc  nbiot_func.o [1]
bc95_cmd_recv_back2     0x00ebbe   0x16  Code  Lc  nbiot_func.o [1]
bc95_read_onebyte       0x00ce2a   0x56  Code  Lc  nbiot_func.o [1]
bc95_recv_ret_line      0x008fed  0x1b3  Code  Lc  nbiot_func.o [1]
bc95_send_at            0x00ca09   0x73  Code  Lc  nbiot_func.o [1]
bsp_CheckTimer          0x00d8bd   0x36  Code  Gb  bsp_timer.o [1]
bsp_Idle                0x00f208    0x1  Code  Gb  bsp.o [1]
bsp_Init                0x00ef72    0xa  Code  Gb  bsp.o [1]
bsp_InitHardTimer       0x00e161   0x24  Code  Gb  bsp_timer.o [1]
bsp_InitLed             0x00d9c8   0x33  Code  Gb  bsp_led.o [1]
bsp_InitTimer           0x00ca7c   0x6f  Code  Gb  bsp_timer.o [1]
bsp_InitUart            0x00ef7c    0xa  Code  Gb  bsp_uart_fifo.o [1]
bsp_LedOff              0x00d929   0x35  Code  Gb  bsp_led.o [1]
bsp_LedToggle           0x00d95e   0x35  Code  Gb  bsp_led.o [1]
bsp_RunPer10ms          0x00d000   0x43  Code  Gb  bsp.o [1]
bsp_RunPer1ms           0x00f207    0x1  Code  Gb  bsp.o [1]
bsp_SoftTimerDec        0x00ced5   0x52  Code  Lc  bsp_timer.o [1]
bsp_StartTimer          0x00cd20   0x5a  Code  Gb  bsp_timer.o [1]
chvalid                 0x00e362   0x21  Code  Lc  xscanflarge_nomb.o [4]
comClearRxFifo          0x00cf27   0x4b  Code  Gb  bsp_uart_fifo.o [1]
comGetChar              0x00dfc2   0x27  Code  Gb  bsp_uart_fifo.o [1]
comSendBuf              0x00d086   0x42  Code  Gb  bsp_uart_fifo.o [1]
comSendChar             0x00e8d0   0x1b  Code  Gb  bsp_uart_fifo.o [1]
debug_level             0x000010    0x4  Data  Lc  basic_fun.o [1]
digits                  0x00e0a9   0x25  Data  Lc  xstoul.o [4]
exit                    0x00f1fc    0x3  Code  Gb  exit.o [4]
fputc                   0x00ecae   0x15  Code  Gb  bsp_uart_fifo.o [1]
free                    0x00a87f   0xdb  Code  Gb  xxmemxfree.o [4]
g_RxBuf2                0x00033c  0x200  Data  Lc  bsp_uart_fifo.o [1]
g_RxBuf3                0x00090c   0x40  Data  Lc  bsp_uart_fifo.o [1]
g_TxBuf2                0x00013c  0x200  Data  Lc  bsp_uart_fifo.o [1]
g_TxBuf3                0x0008cc   0x40  Data  Lc  bsp_uart_fifo.o [1]
g_iRunTime              0x0009ed    0x4  Data  Gb  bsp_timer.o [1]
g_tUart2                0x000996   0x1f  Data  Gb  bsp_uart_fifo.o [1]
g_tUart3                0x0009b5   0x1f  Data  Gb  bsp_uart_fifo.o [1]
get_debug_level         0x00f0d5    0x7  Code  Gb  basic_fun.o [1]
isspace                 0x00eefc    0xc  Code  Gb  isxxx.o [4]
main                    0x00ecc3   0x15  Code  Gb  main.o [1]
malloc                  0x00c273   0x94  Code  Gb  xxmemxmalloc.o [4]
memchr                  0x00f202    0x3  Code  Gb  memchr.o [4]
memcpy                  0x00e118   0x25  Code  Gb  memcpy.o [4]
memset                  0x00eb90   0x17  Code  Gb  memset.o [4]
model_sta               0x000a05    0x2  Data  Gb  main.o [1]
ndigs                   0x00e0ce   0x25  Data  Lc  xstoul.o [4]
obuf                    0x00087c   0x50  Data  Lc  xfiles.o [4]
pad                     0x00d8f3   0x36  Code  Lc  xprintfsmall.o [4]
printf                  0x00e516   0x20  Code  Gb  printf.o [4]
putchar                 0x00f137    0x7  Code  Gb  putchar.o [4]
ranmatch                0x00cdd2   0x58  Code  Lc  xscanflarge_nomb.o [4]
s_tTmr                  0x00094c   0x28  Data  Lc  bsp_timer.o [1]
s_ucTimeOutFlag         0x000a0d    0x1  Data  Lc  bsp_timer.o [1]
s_uiDelayCount          0x0009e9    0x4  Data  Lc  bsp_timer.o [1]
sprintf                 0x00d845   0x3e  Code  Gb  sprintf.o [4]
sscanf                  0x00e68b   0x1f  Code  Gb  sscanf.o [4]
strcmp                  0x00e29b   0x22  Code  Gb  strcmp.o [4]
strlen                  0x00edc6   0x12  Code  Gb  strlen.o [4]
strstr                  0x00ed7b   0x13  Code  Gb  nbiot_func.o [1]
tolower                 0x00edd8   0x12  Code  Gb  tolower.o [4]
uart_recv_finish_clr    0x00dbad   0x2d  Code  Gb  bsp_uart_fifo.o [1]
uart_recv_finish_get    0x00e341   0x21  Code  Gb  bsp_uart_fifo.o [1]
uart_recv_finish_set    0x00e9d8   0x1a  Code  Lc  bsp_uart_fifo.o [1]


[1] = F:\创力NB\我的工程\my_nb\project\Debug\Obj
[2] = command line
[3] = dbgstm8smd.a
[4] = dlstm8smf.a

  23 353 bytes of readonly  code memory
   5 867 bytes of readonly  data memory
   2 833 bytes of readwrite data memory

Errors: none
Warnings: none
